Component: ARM Compiler 5.06 update 5 (build 528) Tool: armlink [4d35e2]

==============================================================================

Section Cross References

    system_stm32f10x.o(i.SetSysClock) refers to system_stm32f10x.o(i.SetSysClockTo72) for SetSysClockTo72
    system_stm32f10x.o(i.SystemCoreClockUpdate) refers to system_stm32f10x.o(.data) for SystemCoreClock
    system_stm32f10x.o(i.SystemInit) refers to system_stm32f10x.o(i.SetSysClock) for SetSysClock
    startup_stm32f10x_hd.o(STACK) refers (Special) to heapauxi.o(.text) for __use_two_region_memory
    startup_stm32f10x_hd.o(HEAP) refers (Special) to heapauxi.o(.text) for __use_two_region_memory
    startup_stm32f10x_hd.o(RESET) refers (Special) to heapauxi.o(.text) for __use_two_region_memory
    startup_stm32f10x_hd.o(RESET) refers to startup_stm32f10x_hd.o(STACK) for __initial_sp
    startup_stm32f10x_hd.o(RESET) refers to startup_stm32f10x_hd.o(.text) for Reset_Handler
    startup_stm32f10x_hd.o(RESET) refers to stm32f10x_it.o(i.NMI_Handler) for NMI_Handler
    startup_stm32f10x_hd.o(RESET) refers to stm32f10x_it.o(i.HardFault_Handler) for HardFault_Handler
    startup_stm32f10x_hd.o(RESET) refers to stm32f10x_it.o(i.MemManage_Handler) for MemManage_Handler
    startup_stm32f10x_hd.o(RESET) refers to stm32f10x_it.o(i.BusFault_Handler) for BusFault_Handler
    startup_stm32f10x_hd.o(RESET) refers to stm32f10x_it.o(i.UsageFault_Handler) for UsageFault_Handler
    startup_stm32f10x_hd.o(RESET) refers to stm32f10x_it.o(i.SVC_Handler) for SVC_Handler
    startup_stm32f10x_hd.o(RESET) refers to stm32f10x_it.o(i.DebugMon_Handler) for DebugMon_Handler
    startup_stm32f10x_hd.o(RESET) refers to stm32f10x_it.o(i.PendSV_Handler) for PendSV_Handler
    startup_stm32f10x_hd.o(RESET) refers to stm32f10x_it.o(i.SysTick_Handler) for SysTick_Handler
    startup_stm32f10x_hd.o(RESET) refers to run_exti.o(i.EXTI0_IRQHandler) for EXTI0_IRQHandler
    startup_stm32f10x_hd.o(RESET) refers to run_exti.o(i.EXTI1_IRQHandler) for EXTI1_IRQHandler
    startup_stm32f10x_hd.o(RESET) refers to run_exti.o(i.EXTI2_IRQHandler) for EXTI2_IRQHandler
    startup_stm32f10x_hd.o(RESET) refers to run_exti.o(i.EXTI3_IRQHandler) for EXTI3_IRQHandler
    startup_stm32f10x_hd.o(RESET) refers to run_exti.o(i.EXTI4_IRQHandler) for EXTI4_IRQHandler
    startup_stm32f10x_hd.o(RESET) refers to run_exti.o(i.EXTI9_5_IRQHandler) for EXTI9_5_IRQHandler
    startup_stm32f10x_hd.o(RESET) refers to run_isr.o(i.TIM1_UP_IRQHandler) for TIM1_UP_IRQHandler
    startup_stm32f10x_hd.o(RESET) refers to run_isr.o(i.TIM2_IRQHandler) for TIM2_IRQHandler
    startup_stm32f10x_hd.o(RESET) refers to run_isr.o(i.TIM3_IRQHandler) for TIM3_IRQHandler
    startup_stm32f10x_hd.o(RESET) refers to run_isr.o(i.TIM4_IRQHandler) for TIM4_IRQHandler
    startup_stm32f10x_hd.o(RESET) refers to run_isr.o(i.USART1_IRQHandler) for USART1_IRQHandler
    startup_stm32f10x_hd.o(RESET) refers to run_isr.o(i.USART2_IRQHandler) for USART2_IRQHandler
    startup_stm32f10x_hd.o(RESET) refers to run_isr.o(i.USART3_IRQHandler) for USART3_IRQHandler
    startup_stm32f10x_hd.o(RESET) refers to run_exti.o(i.EXTI15_10_IRQHandler) for EXTI15_10_IRQHandler
    startup_stm32f10x_hd.o(RESET) refers to run_isr.o(i.TIM8_UP_IRQHandler) for TIM8_UP_IRQHandler
    startup_stm32f10x_hd.o(RESET) refers to run_isr.o(i.TIM5_IRQHandler) for TIM5_IRQHandler
    startup_stm32f10x_hd.o(RESET) refers to run_isr.o(i.UART4_IRQHandler) for UART4_IRQHandler
    startup_stm32f10x_hd.o(RESET) refers to run_isr.o(i.UART5_IRQHandler) for UART5_IRQHandler
    startup_stm32f10x_hd.o(RESET) refers to run_isr.o(i.TIM6_IRQHandler) for TIM6_IRQHandler
    startup_stm32f10x_hd.o(RESET) refers to run_isr.o(i.TIM7_IRQHandler) for TIM7_IRQHandler
    startup_stm32f10x_hd.o(.text) refers (Special) to heapauxi.o(.text) for __use_two_region_memory
    startup_stm32f10x_hd.o(.text) refers to system_stm32f10x.o(i.SystemInit) for SystemInit
    startup_stm32f10x_hd.o(.text) refers to __main.o(!!!main) for __main
    startup_stm32f10x_hd.o(.text) refers to startup_stm32f10x_hd.o(HEAP) for Heap_Mem
    startup_stm32f10x_hd.o(.text) refers to startup_stm32f10x_hd.o(STACK) for Stack_Mem
    stm32f10x_adc.o(i.ADC_DeInit) refers to stm32f10x_rcc.o(i.RCC_APB2PeriphResetCmd) for RCC_APB2PeriphResetCmd
    stm32f10x_bkp.o(i.BKP_DeInit) refers to stm32f10x_rcc.o(i.RCC_BackupResetCmd) for RCC_BackupResetCmd
    stm32f10x_can.o(i.CAN_DeInit) refers to stm32f10x_rcc.o(i.RCC_APB1PeriphResetCmd) for RCC_APB1PeriphResetCmd
    stm32f10x_can.o(i.CAN_GetITStatus) refers to stm32f10x_can.o(i.CheckITStatus) for CheckITStatus
    stm32f10x_cec.o(i.CEC_DeInit) refers to stm32f10x_rcc.o(i.RCC_APB1PeriphResetCmd) for RCC_APB1PeriphResetCmd
    stm32f10x_dac.o(i.DAC_DeInit) refers to stm32f10x_rcc.o(i.RCC_APB1PeriphResetCmd) for RCC_APB1PeriphResetCmd
[...]
    .ARM.Collect$$libshutdown$$00000002      0x080001c4   Section        0  libshutdown2.o(.ARM.Collect$$libshutdown$$00000002)
    .ARM.Collect$$libshutdown$$00000004      0x080001c4   Section        0  libshutdown2.o(.ARM.Collect$$libshutdown$$00000004)
    .ARM.Collect$$libshutdown$$00000007      0x080001c4   Section        0  libshutdown2.o(.ARM.Collect$$libshutdown$$00000007)
    .ARM.Collect$$libshutdown$$0000000A      0x080001c4   Section        0  libshutdown2.o(.ARM.Collect$$libshutdown$$0000000A)
    .ARM.Collect$$libshutdown$$0000000C      0x080001c4   Section        0  libshutdown2.o(.ARM.Collect$$libshutdown$$0000000C)
    .ARM.Collect$$libshutdown$$0000000F      0x080001c4   Section        0  libshutdown2.o(.ARM.Collect$$libshutdown$$0000000F)
    .ARM.Collect$$libshutdown$$00000010      0x080001c4   Section        2  libshutdown2.o(.ARM.Collect$$libshutdown$$00000010)
    .ARM.Collect$$rtentry$$00000000          0x080001c6   Section        0  __rtentry.o(.ARM.Collect$$rtentry$$00000000)
    .ARM.Collect$$rtentry$$00000002          0x080001c6   Section        0  __rtentry2.o(.ARM.Collect$$rtentry$$00000002)
    .ARM.Collect$$rtentry$$00000004          0x080001c6   Section        6  __rtentry4.o(.ARM.Collect$$rtentry$$00000004)
    .ARM.Collect$$rtentry$$00000009          0x080001cc   Section        0  __rtentry2.o(.ARM.Collect$$rtentry$$00000009)
    .ARM.Collect$$rtentry$$0000000A          0x080001cc   Section        4  __rtentry2.o(.ARM.Collect$$rtentry$$0000000A)
    .ARM.Collect$$rtentry$$0000000C          0x080001d0   Section        0  __rtentry2.o(.ARM.Collect$$rtentry$$0000000C)
    .ARM.Collect$$rtentry$$0000000D          0x080001d0   Section        8  __rtentry2.o(.ARM.Collect$$rtentry$$0000000D)
    .ARM.Collect$$rtexit$$00000000           0x080001d8   Section        2  rtexit.o(.ARM.Collect$$rtexit$$00000000)
    .ARM.Collect$$rtexit$$00000002           0x080001da   Section        0  rtexit2.o(.ARM.Collect$$rtexit$$00000002)
    .ARM.Collect$$rtexit$$00000003           0x080001da   Section        4  rtexit2.o(.ARM.Collect$$rtexit$$00000003)
    .ARM.Collect$$rtexit$$00000004           0x080001de   Section        6  rtexit2.o(.ARM.Collect$$rtexit$$00000004)
    .text                                    0x080001e4   Section       64  startup_stm32f10x_hd.o(.text)
    .text                                    0x08000224   Section        2  use_no_semi_2.o(.text)
    .text                                    0x08000228   Section        0  noretval__2printf.o(.text)
    .text                                    0x08000240   Section        0  __printf_wp.o(.text)
    .text                                    0x0800034e   Section       68  rt_memclr.o(.text)
    .text                                    0x08000392   Section        0  heapauxi.o(.text)
    .text                                    0x08000398   Section        2  use_no_semi.o(.text)
    .text                                    0x0800039a   Section        0  _rserrno.o(.text)
    .text                                    0x080003b0   Section        0  _printf_fp_dec.o(.text)
    _fp_digits                               0x080003b3   Thumb Code   432  _printf_fp_dec.o(.text)
    .text                                    0x080007d0   Section        0  _printf_char_file.o(.text)
    .text                                    0x080007f4   Section       78  rt_memclr_w.o(.text)
    .text                                    0x08000844   Section        8  rt_locale_intlibspace.o(.text)
    .text                                    0x0800084c   Section        8  rt_errno_addr_intlibspace.o(.text)
    .text                                    0x08000854   Section      138  lludiv10.o(.text)
    .text                                    0x080008e0   Section        0  _printf_char_common.o(.text)
    _printf_input_char                       0x080008e1   Thumb Code    10  _printf_char_common.o(.text)
    .text                                    0x08000910   Section        0  _printf_fp_infnan.o(.text)
    .text                                    0x08000990   Section        0  bigflt0.o(.text)
    .text                                    0x08000a74   Section        0  ferror.o(.text)
    .text                                    0x08000a7c   Section        8  libspace.o(.text)
    .text                                    0x08000a84   Section       74  sys_stackheap_outer.o(.text)
    .text                                    0x08000ace   Section        0  exit.o(.text)
    .text                                    0x08000ae0   Section      128  strcmpv7m.o(.text)
    CL$$btod_d2e                             0x08000b60   Section       62  btod.o(CL$$btod_d2e)
    CL$$btod_d2e_denorm_low                  0x08000b9e   Section       70  btod.o(CL$$btod_d2e_denorm_low)
    CL$$btod_d2e_norm_op1                    0x08000be4   Section       96  btod.o(CL$$btod_d2e_norm_op1)
    CL$$btod_div_common                      0x08000c44   Section      824  btod.o(CL$$btod_div_common)
    CL$$btod_e2e                             0x08000f7c   Section      220  btod.o(CL$$btod_e2e)
    CL$$btod_ediv                            0x08001058   Section       42  btod.o(CL$$btod_ediv)
    CL$$btod_emul                            0x08001082   Section       42  btod.o(CL$$btod_emul)
    CL$$btod_mult_common                     0x080010ac   Section      580  btod.o(CL$$btod_mult_common)
    i.BusFault_Handler                       0x080012f0   Section        0  stm32f10x_it.o(i.BusFault_Handler)
    i.DebugMon_Handler                       0x080012f4   Section        0  stm32f10x_it.o(i.DebugMon_Handler)
    i.EXTI0_IRQHandler                       0x080012f6   Section        0  run_exti.o(i.EXTI0_IRQHandler)
    i.EXTI15_10_IRQHandler                   0x08001302   Section        0  run_exti.o(i.EXTI15_10_IRQHandler)
    i.EXTI1_IRQHandler                       0x08001342   Section        0  run_exti.o(i.EXTI1_IRQHandler)
    i.EXTI2_IRQHandler                       0x0800134e   Section        0  run_exti.o(i.EXTI2_IRQHandler)
    i.EXTI3_IRQHandler                       0x0800135a   Section        0  run_exti.o(i.EXTI3_IRQHandler)
    i.EXTI4_IRQHandler                       0x08001366   Section        0  run_exti.o(i.EXTI4_IRQHandler)
    i.EXTI9_5_IRQHandler                     0x08001372   Section        0  run_exti.o(i.EXTI9_5_IRQHandler)
    i.EXTI_ClearITPendingBit                 0x080013a0   Section        0  stm32f10x_exti.o(i.EXTI_ClearITPendingBit)
    i.EXTI_GetITStatus                       0x080013ac   Section        0  stm32f10x_exti.o(i.EXTI_GetITStatus)
    i.GPIO_Init                              0x080013d4   Section        0  stm32f10x_gpio.o(i.GPIO_Init)
    i.GPIO_PinRemapConfig                    0x080014ec   Section        0  stm32f10x_gpio.o(i.GPIO_PinRemapConfig)
    i.GPIO_ReadInputDataBit                  0x0800157c   Section        0  stm32f10x_gpio.o(i.GPIO_ReadInputDataBit)
    i.GPIO_ResetBits                         0x0800158e   Section        0  stm32f10x_gpio.o(i.GPIO_ResetBits)
    i.GPIO_SetBits                           0x08001592   Section        0  stm32f10x_gpio.o(i.GPIO_SetBits)
    i.HardFault_Handler                      0x08001596   Section        0  stm32f10x_it.o(i.HardFault_Handler)
    i.MPU6050_Get_Accel                      0x0800159a   Section        0  run_mpu6050.o(i.MPU6050_Get_Accel)
    i.MPU6050_Get_Accel_Real                 0x080015e6   Section        0  run_mpu6050.o(i.MPU6050_Get_Accel_Real)
    i.MPU6050_Get_Gyro                       0x0800163e   Section        0  run_mpu6050.o(i.MPU6050_Get_Gyro)
    i.MPU6050_Get_Gyro_Real                  0x0800168c   Section        0  run_mpu6050.o(i.MPU6050_Get_Gyro_Real)
    i.MPU6050_Init                           0x080016e4   Section        0  run_mpu6050.o(i.MPU6050_Init)
    i.MPU_Read_Block                         0x0800173c   Section        0  run_mpu6050.o(i.MPU_Read_Block)
    MPU_Read_Block                           0x0800173d   Thumb Code   114  run_mpu6050.o(i.MPU_Read_Block)
    i.MemManage_Handler                      0x080017ae   Section        0  stm32f10x_it.o(i.MemManage_Handler)
    i.NMI_Handler                            0x080017b2   Section        0  stm32f10x_it.o(i.NMI_Handler)
    i.NVIC_Init                              0x080017b4   Section        0  misc.o(i.NVIC_Init)
    i.NVIC_PriorityGroupConfig               0x08001824   Section        0  misc.o(i.NVIC_PriorityGroupConfig)
    i.PendSV_Handler                         0x08001838   Section        0  stm32f10x_it.o(i.PendSV_Handler)
    i.RCC_APB1PeriphClockCmd                 0x0800183c   Section        0  stm32f10x_rcc.o(i.RCC_APB1PeriphClockCmd)
    i.RCC_APB2PeriphClockCmd                 0x0800185c   Section        0  stm32f10x_rcc.o(i.RCC_APB2PeriphClockCmd)
    i.RCC_GetClocksFreq                      0x0800187c   Section        0  stm32f10x_rcc.o(i.RCC_GetClocksFreq)
    i.RUN_CF_Update                          0x08001950   Section        0  run_imu_getangle.o(i.RUN_CF_Update)
    i.RUN_EXTI_Handler                       0x08001a64   Section        0  run_exti.o(i.RUN_EXTI_Handler)
    RUN_EXTI_Handler                         0x08001a65   Thumb Code    38  run_exti.o(i.RUN_EXTI_Handler)
    i.RUN_I2C_Init                           0x08001a90   Section        0  run_softi2c.o(i.RUN_I2C_Init)
    i.RUN_I2C_ReadByte                       0x08001ab2   Section        0  run_softi2c.o(i.RUN_I2C_ReadByte)
    i.RUN_I2C_SendByte                       0x08001b32   Section        0  run_softi2c.o(i.RUN_I2C_SendByte)
    i.RUN_I2C_Start                          0x08001b82   Section        0  run_softi2c.o(i.RUN_I2C_Start)
    i.RUN_I2C_Stop                           0x08001bb0   Section        0  run_softi2c.o(i.RUN_I2C_Stop)
    i.RUN_I2C_WaitAck                        0x08001be2   Section        0  run_softi2c.o(i.RUN_I2C_WaitAck)
    i.RUN_I2C_WriteReg                       0x08001c2a   Section        0  run_softi2c.o(i.RUN_I2C_WriteReg)
    i.RUN_TIM6_Handler_Core                  0x08001c70   Section        0  run_isr.o(i.RUN_TIM6_Handler_Core)
    i.RUN_delay_init                         0x08001c90   Section        0  run_delay.o(i.RUN_delay_init)
    i.RUN_delay_ms                           0x08001cb4   Section        0  run_delay.o(i.RUN_delay_ms)
    i.RUN_delay_us                           0x08001ccc   Section        0  run_delay.o(i.RUN_delay_us)
    i.RUN_gpio_get                           0x08001d18   Section        0  run_gpio.o(i.RUN_gpio_get)
    i.RUN_gpio_init                          0x08001d44   Section        0  run_gpio.o(i.RUN_gpio_init)
    i.RUN_gpio_set                           0x08001de4   Section        0  run_gpio.o(i.RUN_gpio_set)
    i.RUN_timer_init                         0x08001e2c   Section        0  run_timer.o(i.RUN_timer_init)
    i.RUN_uart_init                          0x08001f14   Section        0  run_uart.o(i.RUN_uart_init)
    i.RUN_uart_putchar                       0x08002090   Section        0  run_uart.o(i.RUN_uart_putchar)
    i.SVC_Handler                            0x080020cc   Section        0  stm32f10x_it.o(i.SVC_Handler)
    i.SetSysClock                            0x080020ce   Section        0  system_stm32f10x.o(i.SetSysClock)
    SetSysClock                              0x080020cf   Thumb Code     8  system_stm32f10x.o(i.SetSysClock)
    i.SetSysClockTo72                        0x080020d8   Section        0  system_stm32f10x.o(i.SetSysClockTo72)
    SetSysClockTo72                          0x080020d9   Thumb Code   214  system_stm32f10x.o(i.SetSysClockTo72)
    i.SysTick_CLKSourceConfig                0x080021b8   Section        0  misc.o(i.SysTick_CLKSourceConfig)
    i.SysTick_Handler                        0x080021e0   Section        0  stm32f10x_it.o(i.SysTick_Handler)
    i.SystemInit                             0x080021e4   Section        0  system_stm32f10x.o(i.SystemInit)
    i.TIM1_Callback                          0x08002244   Section        0  run_isr.o(i.TIM1_Callback)
    i.TIM1_UP_IRQHandler                     0x08002248   Section        0  run_isr.o(i.TIM1_UP_IRQHandler)
    i.TIM2_Callback                          0x08002268   Section        0  run_isr.o(i.TIM2_Callback)
    i.TIM2_IRQHandler                        0x0800226a   Section        0  run_isr.o(i.TIM2_IRQHandler)
    i.TIM3_Callback                          0x08002284   Section        0  run_isr.o(i.TIM3_Callback)
    i.TIM3_IRQHandler                        0x08002288   Section        0  run_isr.o(i.TIM3_IRQHandler)
    i.TIM4_Callback                          0x080022a8   Section        0  run_isr.o(i.TIM4_Callback)
    i.TIM4_IRQHandler                        0x080022ac   Section        0  run_isr.o(i.TIM4_IRQHandler)
    i.TIM5_Callback                          0x080022cc   Section        0  run_isr.o(i.TIM5_Callback)
    i.TIM5_IRQHandler                        0x080022d0   Section        0  run_isr.o(i.TIM5_IRQHandler)
    i.TIM6_Callback                          0x080022f0   Section        0  main.o(i.TIM6_Callback)
    i.TIM6_IRQHandler                        0x08002364   Section        0  run_isr.o(i.TIM6_IRQHandler)
    i.TIM7_Callback                          0x0800236c   Section        0  run_isr.o(i.TIM7_Callback)
    i.TIM7_IRQHandler                        0x08002370   Section        0  run_isr.o(i.TIM7_IRQHandler)
    i.TIM8_Callback                          0x08002390   Section        0  run_isr.o(i.TIM8_Callback)
    i.TIM8_UP_IRQHandler                     0x08002394   Section        0  run_isr.o(i.TIM8_UP_IRQHandler)
    i.TIM_ClearFlag                          0x080023b4   Section        0  stm32f10x_tim.o(i.TIM_ClearFlag)
    i.TIM_ClearITPendingBit                  0x080023ba   Section        0  stm32f10x_tim.o(i.TIM_ClearITPendingBit)
    i.TIM_Cmd                                0x080023c0   Section        0  stm32f10x_tim.o(i.TIM_Cmd)
    i.TIM_GenerateEvent                      0x080023d8   Section        0  stm32f10x_tim.o(i.TIM_GenerateEvent)
    i.TIM_GetITStatus                        0x080023dc   Section        0  stm32f10x_tim.o(i.TIM_GetITStatus)
    i.TIM_ITConfig                           0x080023fe   Section        0  stm32f10x_tim.o(i.TIM_ITConfig)
    i.TIM_TimeBaseInit                       0x08002410   Section        0  stm32f10x_tim.o(i.TIM_TimeBaseInit)
    i.UART4_IRQHandler                       0x080024b4   Section        0  run_isr.o(i.UART4_IRQHandler)
    i.UART5_IRQHandler                       0x080024e0   Section        0  run_isr.o(i.UART5_IRQHandler)
    i.USART1_IRQHandler                      0x0800250c   Section        0  run_isr.o(i.USART1_IRQHandler)
    i.USART2_IRQHandler                      0x08002538   Section        0  run_isr.o(i.USART2_IRQHandler)
    i.USART3_IRQHandler                      0x08002564   Section        0  run_isr.o(i.USART3_IRQHandler)
    i.USART_ClearITPendingBit                0x08002590   Section        0  stm32f10x_usart.o(i.USART_ClearITPendingBit)
    i.USART_Cmd                              0x080025ae   Section        0  stm32f10x_usart.o(i.USART_Cmd)
    i.USART_GetFlagStatus                    0x080025c6   Section        0  stm32f10x_usart.o(i.USART_GetFlagStatus)
    i.USART_GetITStatus                      0x080025e0   Section        0  stm32f10x_usart.o(i.USART_GetITStatus)
    i.USART_ITConfig                         0x08002634   Section        0  stm32f10x_usart.o(i.USART_ITConfig)
    i.USART_Init                             0x08002680   Section        0  stm32f10x_usart.o(i.USART_Init)
    i.USART_ReceiveData                      0x08002758   Section        0  stm32f10x_usart.o(i.USART_ReceiveData)
    i.USART_SendData                         0x08002762   Section        0  stm32f10x_usart.o(i.USART_SendData)
    i.UsageFault_Handler                     0x0800276a   Section        0  stm32f10x_it.o(i.UsageFault_Handler)
    i.__ARM_fpclassify                       0x0800276e   Section        0  fpclassify.o(i.__ARM_fpclassify)
    i.__ARM_fpclassifyf                      0x08002796   Section        0  fpclassifyf.o(i.__ARM_fpclassifyf)
    i.__mathlib_flt_infnan2                  0x080027bc   Section        0  funder.o(i.__mathlib_flt_infnan2)
    i.__mathlib_flt_underflow                0x080027c0   Section        0  funder.o(i.__mathlib_flt_underflow)
    i._is_digit                              0x080027ca   Section        0  __printf_wp.o(i._is_digit)
    i._sys_exit                              0x080027d8   Section        0  run_uart.o(i._sys_exit)
    i.atan2f                                 0x080027dc   Section        0  atan2f.o(i.atan2f)
    i.fputc                                  0x08002a38   Section        0  run_uart.o(i.fputc)
    i.get_uart_irqn                          0x08002a4c   Section        0  run_uart.o(i.get_uart_irqn)
    get_uart_irqn                            0x08002a4d   Thumb Code    56  run_uart.o(i.get_uart_irqn)
    i.i2c_delay                              0x08002a98   Section        0  run_softi2c.o(i.i2c_delay)
    i2c_delay                                0x08002a99   Thumb Code    10  run_softi2c.o(i.i2c_delay)
    i.main                                   0x08002aa4   Section        0  main.o(i.main)
    i.sqrtf                                  0x08002be4   Section        0  sqrtf.o(i.sqrtf)
    i.uart1_rx_interrupt                     0x08002c10   Section        0  run_isr.o(i.uart1_rx_interrupt)
    i.uart2_rx_interrupt                     0x08002ca4   Section        0  run_isr.o(i.uart2_rx_interrupt)
    i.uart3_rx_interrupt                     0x08002d38   Section        0  run_isr.o(i.uart3_rx_interrupt)
    i.uart4_rx_interrupt                     0x08002dcc   Section        0  run_isr.o(i.uart4_rx_interrupt)
    i.uart5_rx_interrupt                     0x08002e60   Section        0  run_isr.o(i.uart5_rx_interrupt)
    locale$$code                             0x08002ef4   Section       44  lc_numeric_c.o(locale$$code)
    x$fpl$dretinf                            0x08002f20   Section       12  dretinf.o(x$fpl$dretinf)
    x$fpl$f2d                                0x08002f2c   Section       86  f2d.o(x$fpl$f2d)
    x$fpl$fadd                               0x08002f84   Section      196  faddsub_clz.o(x$fpl$fadd)
    _fadd1                                   0x08002f93   Thumb Code     0  faddsub_clz.o(x$fpl$fadd)
    x$fpl$fcheck1                            0x08003048   Section       12  fcheck1.o(x$fpl$fcheck1)
    x$fpl$fdiv                               0x08003054   Section      388  fdiv.o(x$fpl$fdiv)
    _fdiv1                                   0x08003055   Thumb Code     0  fdiv.o(x$fpl$fdiv)
    x$fpl$fflt                               0x080031d8   Section       48  fflt_clz.o(x$fpl$fflt)
    x$fpl$fmul                               0x08003208   Section      258  fmul.o(x$fpl$fmul)
    x$fpl$fnaninf                            0x0800330a   Section      140  fnaninf.o(x$fpl$fnaninf)
    x$fpl$fretinf                            0x08003396   Section       10  fretinf.o(x$fpl$fretinf)
    x$fpl$frsb                               0x080033a0   Section       20  faddsub_clz.o(x$fpl$frsb)
    x$fpl$fsqrt                              0x080033b4   Section      272  fsqrt.o(x$fpl$fsqrt)
    x$fpl$fsub                               0x080034c4   Section      234  faddsub_clz.o(x$fpl$fsub)
    _fsub1                                   0x080034d3   Thumb Code     0  faddsub_clz.o(x$fpl$fsub)
    x$fpl$printf1                            0x080035ae   Section        4  printf1.o(x$fpl$printf1)
    x$fpl$retnan                             0x080035b2   Section      100  retnan.o(x$fpl$retnan)
    x$fpl$scalbnf                            0x08003616   Section       76  scalbnf.o(x$fpl$scalbnf)
    x$fpl$trapveneer                         0x08003662   Section       48  trapv.o(x$fpl$trapveneer)
    x$fpl$usenofp                            0x08003692   Section        0  usenofp.o(x$fpl$usenofp)
    .constdata                               0x08003694   Section     1344  run_gpio.o(.constdata)
    .constdata                               0x08003bd4   Section      360  run_uart.o(.constdata)
    .constdata                               0x08003d3c   Section       96  run_timer.o(.constdata)
    .constdata                               0x08003d9c   Section      148  bigflt0.o(.constdata)
    tenpwrs_x                                0x08003d9c   Data          60  bigflt0.o(.constdata)
    tenpwrs_i                                0x08003dd8   Data          64  bigflt0.o(.constdata)
    locale$$data                             0x08003e50   Section       28  lc_numeric_c.o(locale$$data)
    __lcnum_c_name                           0x08003e54   Data           2  lc_numeric_c.o(locale$$data)
    __lcnum_c_start                          0x08003e5c   Data           0  lc_numeric_c.o(locale$$data)
    __lcnum_c_point                          0x08003e68   Data           0  lc_numeric_c.o(locale$$data)
    __lcnum_c_thousands                      0x08003e6a   Data           0  lc_numeric_c.o(locale$$data)
    __lcnum_c_grouping                       0x08003e6b   Data           0  lc_numeric_c.o(locale$$data)
    __lcnum_c_end                            0x08003e6c   Data           0  lc_numeric_c.o(locale$$data)
    .data                                    0x20000000   Section       20  stm32f10x_rcc.o(.data)
    APBAHBPrescTable                         0x20000000   Data          16  stm32f10x_rcc.o(.data)
    ADCPrescTable                            0x20000010   Data           4  stm32f10x_rcc.o(.data)
    .data                                    0x20000014   Section       44  main.o(.data)
    .data                                    0x20000040   Section        4  run_uart.o(.data)
    .data                                    0x20000044   Section       15  run_isr.o(.data)
    RxState                                  0x20000049   Data           1  run_isr.o(.data)
    pRxIndex                                 0x2000004a   Data           1  run_isr.o(.data)
    RxState                                  0x2000004b   Data           1  run_isr.o(.data)
    pRxIndex                                 0x2000004c   Data           1  run_isr.o(.data)
    RxState                                  0x2000004d   Data           1  run_isr.o(.data)
    pRxIndex                                 0x2000004e   Data           1  run_isr.o(.data)
    RxState                                  0x2000004f   Data           1  run_isr.o(.data)
    pRxIndex                                 0x20000050   Data           1  run_isr.o(.data)
    RxState                                  0x20000051   Data           1  run_isr.o(.data)
    pRxIndex                                 0x20000052   Data           1  run_isr.o(.data)
    .data                                    0x20000053   Section        1  run_delay.o(.data)
    fac_us                                   0x20000053   Data           1  run_delay.o(.data)
    .data                                    0x20000054   Section       40  run_imu_getangle.o(.data)
    q0                                       0x20000054   Data           4  run_imu_getangle.o(.data)
    q1                                       0x20000058   Data           4  run_imu_getangle.o(.data)
    q2                                       0x2000005c   Data           4  run_imu_getangle.o(.data)
    q3                                       0x20000060   Data           4  run_imu_getangle.o(.data)
    exInt                                    0x20000064   Data           4  run_imu_getangle.o(.data)
    eyInt                                    0x20000068   Data           4  run_imu_getangle.o(.data)
    ezInt                                    0x2000006c   Data           4  run_imu_getangle.o(.data)
    cf_roll                                  0x20000070   Data           4  run_imu_getangle.o(.data)
    cf_pitch                                 0x20000074   Data           4  run_imu_getangle.o(.data)
    cf_yaw                                   0x20000078   Data           4  run_imu_getangle.o(.data)
    .bss                                     0x2000007c   Section      500  run_isr.o(.bss)
    .bss                                     0x20000270   Section       64  run_exti.o(.bss)
    exti_callbacks                           0x20000270   Data          64  run_exti.o(.bss)
    .bss                                     0x200002b0   Section       96  libspace.o(.bss)
    HEAP                                     0x20000310   Section      512  startup_stm32f10x_hd.o(HEAP)
    Heap_Mem                                 0x20000310   Data         512  startup_stm32f10x_hd.o(HEAP)
    STACK                                    0x20000510   Section     1024  startup_stm32f10x_hd.o(STACK)
    Stack_Mem                                0x20000510   Data        1024  startup_stm32f10x_hd.o(STACK)
    __initial_sp                             0x20000910   Data           0  startup_stm32f10x_hd.o(STACK)

    Global Symbols

    Symbol Name                              Value     Ov Type        Size  Object(Section)

    BuildAttributes$$THM_ISAv4$P$D$K$B$S$PE$A:L22UL41UL21$X:L11$S22US41US21$IEEE1$IW$USESV6$~STKCKD$USESV7$~SHL$OTIME$ROPI$IEEEX$EBA8$UX$STANDARDLIB$REQ8$PRES8$EABIv2 0x00000000   Number         0  anon$$obj.o ABSOLUTE
    __ARM_use_no_argv                        0x00000000   Number         0  main.o ABSOLUTE
    _printf_flags                            0x00000000   Number         0  printf_stubs.o ABSOLUTE
    _printf_return_value                     0x00000000   Number         0  printf_stubs.o ABSOLUTE
    _printf_sizespec                         0x00000000   Number         0  printf_stubs.o ABSOLUTE
    _printf_widthprec                        0x00000000   Number         0  printf_stubs.o ABSOLUTE
    __ARM_exceptions_init                     - Undefined Weak Reference
    __alloca_initialize                       - Undefined Weak Reference
    __arm_preinit_                            - Undefined Weak Reference
    __cpp_initialize__aeabi_                  - Undefined Weak Reference
    __cxa_finalize                            - Undefined Weak Reference
    __sigvec_lookup                           - Undefined Weak Reference
    _atexit_init                              - Undefined Weak Reference
    _call_atexit_fns                          - Undefined Weak Reference
    _clock_init                               - Undefined Weak Reference
    _fp_trap_init                             - Undefined Weak Reference
    _fp_trap_shutdown                         - Undefined Weak Reference
    _get_lc_collate                           - Undefined Weak Reference
    _get_lc_ctype                             - Undefined Weak Reference
    _get_lc_monetary                          - Undefined Weak Reference
    _get_lc_time                              - Undefined Weak Reference
    _getenv_init                              - Undefined Weak Reference
    _handle_redirection                       - Undefined Weak Reference
    _init_alloc                               - Undefined Weak Reference
    _init_user_alloc                          - Undefined Weak Reference
    _initio                                   - Undefined Weak Reference
    _mutex_acquire                            - Undefined Weak Reference
    _mutex_release                            - Undefined Weak Reference
    _printf_post_padding                      - Undefined Weak Reference
    _printf_pre_padding                       - Undefined Weak Reference
    _rand_init                                - Undefined Weak Reference
    _signal_finish                            - Undefined Weak Reference
    _signal_init                              - Undefined Weak Reference
    _terminate_alloc                          - Undefined Weak Reference
    _terminate_user_alloc                     - Undefined Weak Reference
    _terminateio                              - Undefined Weak Reference
    __Vectors_Size                           0x00000130   Number         0  startup_stm32f10x_hd.o ABSOLUTE
    __Vectors                                0x08000000   Data           4  startup_stm32f10x_hd.o(RESET)
    __Vectors_End                            0x08000130   Data           0  startup_stm32f10x_hd.o(RESET)
    __main                                   0x08000131   Thumb Code     8  __main.o(!!!main)
    __scatterload                            0x08000139   Thumb Code     0  __scatter.o(!!!scatter)
    __scatterload_rt2                        0x08000139   Thumb Code    44  __scatter.o(!!!scatter)
    __scatterload_rt2_thumb_only             0x08000139   Thumb Code     0  __scatter.o(!!!scatter)
    __scatterload_null                       0x08000147   Thumb Code     0  __scatter.o(!!!scatter)
    __scatterload_copy                       0x0800016d   Thumb Code    26  __scatter_copy.o(!!handler_copy)
    __scatterload_zeroinit                   0x08000189   Thumb Code    28  __scatter_zi.o(!!handler_zi)
    _printf_f                                0x080001a5   Thumb Code     0  _printf_f.o(.ARM.Collect$$_printf_percent$$00000003)
    _printf_percent                          0x080001a5   Thumb Code     0  _printf_percent.o(.ARM.Collect$$_printf_percent$$00000000)
    _printf_percent_end                      0x080001ab   Thumb Code     0  _printf_percent_end.o(.ARM.Collect$$_printf_percent$$00000017)
    __rt_lib_init                            0x080001af   Thumb Code     0  libinit.o(.ARM.Collect$$libinit$$00000000)
    __rt_lib_init_fp_1                       0x080001b1   Thumb Code     0  libinit2.o(.ARM.Collect$$libinit$$00000002)
    __rt_lib_init_heap_1                     0x080001b1   Thumb Code     0  libinit2.o(.ARM.Collect$$libinit$$0000000A)
    __rt_lib_init_lc_common                  0x080001b1   Thumb Code     0  libinit2.o(.ARM.Collect$$libinit$$0000000F)
    __rt_lib_init_preinit_1                  0x080001b1   Thumb Code     0  libinit2.o(.ARM.Collect$$libinit$$00000004)
    __rt_lib_init_rand_1                     0x080001b1   Thumb Code     0  libinit2.o(.ARM.Collect$$libinit$$0000000E)
    __rt_lib_init_user_alloc_1               0x080001b1   Thumb Code     0  libinit2.o(.ARM.Collect$$libinit$$0000000C)
    __rt_lib_init_lc_collate_1               0x080001b7   Thumb Code     0  libinit2.o(.ARM.Collect$$libinit$$00000011)
    __rt_lib_init_lc_ctype_1                 0x080001b7   Thumb Code     0  libinit2.o(.ARM.Collect$$libinit$$00000013)
    __rt_lib_init_lc_monetary_1              0x080001b7   Thumb Code     0  libinit2.o(.ARM.Collect$$libinit$$00000015)
    __rt_lib_init_lc_numeric_2               0x080001b7   Thumb Code     0  libinit2.o(.ARM.Collect$$libinit$$00000016)
    __rt_lib_init_alloca_1                   0x080001c1   Thumb Code     0  libinit2.o(.ARM.Collect$$libinit$$0000002E)
    __rt_lib_init_argv_1                     0x080001c1   Thumb Code     0  libinit2.o(.ARM.Collect$$libinit$$0000002C)
    __rt_lib_init_atexit_1                   0x080001c1   Thumb Code     0  libinit2.o(.ARM.Collect$$libinit$$0000001B)
    __rt_lib_init_clock_1                    0x080001c1   Thumb Code     0  libinit2.o(.ARM.Collect$$libinit$$00000021)
    __rt_lib_init_cpp_1                      0x080001c1   Thumb Code     0  libinit2.o(.ARM.Collect$$libinit$$00000032)
    __rt_lib_init_exceptions_1               0x080001c1   Thumb Code     0  libinit2.o(.ARM.Collect$$libinit$$00000030)
    __rt_lib_init_fp_trap_1                  0x080001c1   Thumb Code     0  libinit2.o(.ARM.Collect$$libinit$$0000001F)
    __rt_lib_init_getenv_1                   0x080001c1   Thumb Code     0  libinit2.o(.ARM.Collect$$libinit$$00000023)
    __rt_lib_init_lc_numeric_1               0x080001c1   Thumb Code     0  libinit2.o(.ARM.Collect$$libinit$$00000017)
    __rt_lib_init_lc_time_1                  0x080001c1   Thumb Code     0  libinit2.o(.ARM.Collect$$libinit$$00000019)
    __rt_lib_init_return                     0x080001c1   Thumb Code     0  libinit2.o(.ARM.Collect$$libinit$$00000033)
    __rt_lib_init_signal_1                   0x080001c1   Thumb Code     0  libinit2.o(.ARM.Collect$$libinit$$0000001D)
    __rt_lib_init_stdio_1                    0x080001c1   Thumb Code     0  libinit2.o(.ARM.Collect$$libinit$$00000025)
    __rt_lib_shutdown                        0x080001c3   Thumb Code     0  libshutdown.o(.ARM.Collect$$libshutdown$$00000000)
    __rt_lib_shutdown_cpp_1                  0x080001c5   Thumb Code     0  libshutdown2.o(.ARM.Collect$$libshutdown$$00000002)
    __rt_lib_shutdown_fp_trap_1              0x080001c5   Thumb Code     0  libshutdown2.o(.ARM.Collect$$libshutdown$$00000007)
    __rt_lib_shutdown_heap_1                 0x080001c5   Thumb Code     0  libshutdown2.o(.ARM.Collect$$libshutdown$$0000000F)
    __rt_lib_shutdown_return                 0x080001c5   Thumb Code     0  libshutdown2.o(.ARM.Collect$$libshutdown$$00000010)
    __rt_lib_shutdown_signal_1               0x080001c5   Thumb Code     0  libshutdown2.o(.ARM.Collect$$libshutdown$$0000000A)
    __rt_lib_shutdown_stdio_1                0x080001c5   Thumb Code     0  libshutdown2.o(.ARM.Collect$$libshutdown$$00000004)
    __rt_lib_shutdown_user_alloc_1           0x080001c5   Thumb Code     0  libshutdown2.o(.ARM.Collect$$libshutdown$$0000000C)
    __rt_entry                               0x080001c7   Thumb Code     0  __rtentry.o(.ARM.Collect$$rtentry$$00000000)
    __rt_entry_presh_1                       0x080001c7   Thumb Code     0  __rtentry2.o(.ARM.Collect$$rtentry$$00000002)
    __rt_entry_sh                            0x080001c7   Thumb Code     0  __rtentry4.o(.ARM.Collect$$rtentry$$00000004)
    __rt_entry_li                            0x080001cd   Thumb Code     0  __rtentry2.o(.ARM.Collect$$rtentry$$0000000A)
    __rt_entry_postsh_1                      0x080001cd   Thumb Code     0  __rtentry2.o(.ARM.Collect$$rtentry$$00000009)
    __rt_entry_main                          0x080001d1   Thumb Code     0  __rtentry2.o(.ARM.Collect$$rtentry$$0000000D)
    __rt_entry_postli_1                      0x080001d1   Thumb Code     0  __rtentry2.o(.ARM.Collect$$rtentry$$0000000C)
    __rt_exit                                0x080001d9   Thumb Code     0  rtexit.o(.ARM.Collect$$rtexit$$00000000)
    __rt_exit_ls                             0x080001db   Thumb Code     0  rtexit2.o(.ARM.Collect$$rtexit$$00000003)
    __rt_exit_prels_1                        0x080001db   Thumb Code     0  rtexit2.o(.ARM.Collect$$rtexit$$00000002)
    __rt_exit_exit                           0x080001df   Thumb Code     0  rtexit2.o(.ARM.Collect$$rtexit$$00000004)
    Reset_Handler                            0x080001e5   Thumb Code     8  startup_stm32f10x_hd.o(.text)
    ADC1_2_IRQHandler                        0x080001ff   Thumb Code     0  startup_stm32f10x_hd.o(.text)
    ADC3_IRQHandler                          0x080001ff   Thumb Code     0  startup_stm32f10x_hd.o(.text)
    CAN1_RX1_IRQHandler                      0x080001ff   Thumb Code     0  startup_stm32f10x_hd.o(.text)
    CAN1_SCE_IRQHandler                      0x080001ff   Thumb Code     0  startup_stm32f10x_hd.o(.text)
    DMA1_Channel1_IRQHandler                 0x080001ff   Thumb Code     0  startup_stm32f10x_hd.o(.text)
    DMA1_Channel2_IRQHandler                 0x080001ff   Thumb Code     0  startup_stm32f10x_hd.o(.text)
    DMA1_Channel3_IRQHandler                 0x080001ff   Thumb Code     0  startup_stm32f10x_hd.o(.text)
    DMA1_Channel4_IRQHandler                 0x080001ff   Thumb Code     0  startup_stm32f10x_hd.o(.text)
    DMA1_Channel5_IRQHandler                 0x080001ff   Thumb Code     0  startup_stm32f10x_hd.o(.text)
    DMA1_Channel6_IRQHandler                 0x080001ff   Thumb Code     0  startup_stm32f10x_hd.o(.text)
    DMA1_Channel7_IRQHandler                 0x080001ff   Thumb Code     0  startup_stm32f10x_hd.o(.text)
    DMA2_Channel1_IRQHandler                 0x080001ff   Thumb Code     0  startup_stm32f10x_hd.o(.text)
    DMA2_Channel2_IRQHandler                 0x080001ff   Thumb Code     0  startup_stm32f10x_hd.o(.text)
    DMA2_Channel3_IRQHandler                 0x080001ff   Thumb Code     0  startup_stm32f10x_hd.o(.text)
    DMA2_Channel4_5_IRQHandler               0x080001ff   Thumb Code     0  startup_stm32f10x_hd.o(.text)
    FLASH_IRQHandler                         0x080001ff   Thumb Code     0  startup_stm32f10x_hd.o(.text)
    FSMC_IRQHandler                          0x080001ff   Thumb Code     0  startup_stm32f10x_hd.o(.text)
    I2C1_ER_IRQHandler                       0x080001ff   Thumb Code     0  startup_stm32f10x_hd.o(.text)
    I2C1_EV_IRQHandler                       0x080001ff   Thumb Code     0  startup_stm32f10x_hd.o(.text)
    I2C2_ER_IRQHandler                       0x080001ff   Thumb Code     0  startup_stm32f10x_hd.o(.text)
    I2C2_EV_IRQHandler                       0x080001ff   Thumb Code     0  startup_stm32f10x_hd.o(.text)
    PVD_IRQHandler                           0x080001ff   Thumb Code     0  startup_stm32f10x_hd.o(.text)
    RCC_IRQHandler                           0x080001ff   Thumb Code     0  startup_stm32f10x_hd.o(.text)
    RTCAlarm_IRQHandler                      0x080001ff   Thumb Code     0  startup_stm32f10x_hd.o(.text)
    RTC_IRQHandler                           0x080001ff   Thumb Code     0  startup_stm32f10x_hd.o(.text)
    SDIO_IRQHandler                          0x080001ff   Thumb Code     0  startup_stm32f10x_hd.o(.text)
    SPI1_IRQHandler                          0x080001ff   Thumb Code     0  startup_stm32f10x_hd.o(.text)
    SPI2_IRQHandler                          0x080001ff   Thumb Code     0  startup_stm32f10x_hd.o(.text)
    SPI3_IRQHandler                          0x080001ff   Thumb Code     0  startup_stm32f10x_hd.o(.text)
    TAMPER_IRQHandler                        0x080001ff   Thumb Code     0  startup_stm32f10x_hd.o(.text)
    TIM1_BRK_IRQHandler                      0x080001ff   Thumb Code     0  startup_stm32f10x_hd.o(.text)
    TIM1_CC_IRQHandler                       0x080001ff   Thumb Code     0  startup_stm32f10x_hd.o(.text)
    TIM1_TRG_COM_IRQHandler                  0x080001ff   Thumb Code     0  startup_stm32f10x_hd.o(.text)
    TIM8_BRK_IRQHandler                      0x080001ff   Thumb Code     0  startup_stm32f10x_hd.o(.text)
    TIM8_CC_IRQHandler                       0x080001ff   Thumb Code     0  startup_stm32f10x_hd.o(.text)
    TIM8_TRG_COM_IRQHandler                  0x080001ff   Thumb Code     0  startup_stm32f10x_hd.o(.text)
    USBWakeUp_IRQHandler                     0x080001ff   Thumb Code     0  startup_stm32f10x_hd.o(.text)
    USB_HP_CAN1_TX_IRQHandler                0x080001ff   Thumb Code     0  startup_stm32f10x_hd.o(.text)
    USB_LP_CAN1_RX0_IRQHandler               0x080001ff   Thumb Code     0  startup_stm32f10x_hd.o(.text)
    WWDG_IRQHandler                          0x080001ff   Thumb Code     0  startup_stm32f10x_hd.o(.text)
    __user_initial_stackheap                 0x08000201   Thumb Code     0  startup_stm32f10x_hd.o(.text)
    __use_no_semihosting                     0x08000225   Thumb Code     2  use_no_semi_2.o(.text)
    __2printf                                0x08000229   Thumb Code    20  noretval__2printf.o(.text)
    __printf                                 0x08000241   Thumb Code   270  __printf_wp.o(.text)
    __aeabi_memclr                           0x0800034f   Thumb Code     0  rt_memclr.o(.text)
    __rt_memclr                              0x0800034f   Thumb Code    68  rt_memclr.o(.text)
    _memset                                  0x08000353   Thumb Code     0  rt_memclr.o(.text)
    __use_two_region_memory                  0x08000393   Thumb Code     2  heapauxi.o(.text)
    __rt_heap_escrow$2region                 0x08000395   Thumb Code     2  heapauxi.o(.text)
    __rt_heap_expand$2region                 0x08000397   Thumb Code     2  heapauxi.o(.text)
    __I$use$semihosting                      0x08000399   Thumb Code     0  use_no_semi.o(.text)
    __use_no_semihosting_swi                 0x08000399   Thumb Code     2  use_no_semi.o(.text)
    __read_errno                             0x0800039b   Thumb Code    10  _rserrno.o(.text)
    __set_errno                              0x080003a5   Thumb Code    12  _rserrno.o(.text)
    __lib_sel_fp_printf                      0x080003b1   Thumb Code     2  _printf_fp_dec.o(.text)
    _printf_fp_dec_real                      0x08000563   Thumb Code   620  _printf_fp_dec.o(.text)
    _printf_char_file                        0x080007d1   Thumb Code    32  _printf_char_file.o(.text)
    __aeabi_memclr4                          0x080007f5   Thumb Code     0  rt_memclr_w.o(.text)
    __aeabi_memclr8                          0x080007f5   Thumb Code     0  rt_memclr_w.o(.text)
    __rt_memclr_w                            0x080007f5   Thumb Code    78  rt_memclr_w.o(.text)
    _memset_w                                0x080007f9   Thumb Code     0  rt_memclr_w.o(.text)
    __rt_locale                              0x08000845   Thumb Code     8  rt_locale_intlibspace.o(.text)
    __aeabi_errno_addr                       0x0800084d   Thumb Code     8  rt_errno_addr_intlibspace.o(.text)
    __errno$intlibspace                      0x0800084d   Thumb Code     0  rt_errno_addr_intlibspace.o(.text)
    __rt_errno_addr$intlibspace              0x0800084d   Thumb Code     0  rt_errno_addr_intlibspace.o(.text)
    _ll_udiv10                               0x08000855   Thumb Code   138  lludiv10.o(.text)
    _printf_char_common                      0x080008eb   Thumb Code    32  _printf_char_common.o(.text)
    _printf_fp_infnan                        0x08000911   Thumb Code   112  _printf_fp_infnan.o(.text)
    _btod_etento                             0x08000991   Thumb Code   224  bigflt0.o(.text)
    ferror                                   0x08000a75   Thumb Code     8  ferror.o(.text)
    __user_libspace                          0x08000a7d   Thumb Code     8  libspace.o(.text)
    __user_perproc_libspace                  0x08000a7d   Thumb Code     0  libspace.o(.text)
    __user_perthread_libspace                0x08000a7d   Thumb Code     0  libspace.o(.text)
    __user_setup_stackheap                   0x08000a85   Thumb Code    74  sys_stackheap_outer.o(.text)
    exit                                     0x08000acf   Thumb Code    18  exit.o(.text)
    strcmp                                   0x08000ae1   Thumb Code   128  strcmpv7m.o(.text)
    _btod_d2e                                0x08000b61   Thumb Code    62  btod.o(CL$$btod_d2e)
    _d2e_denorm_low                          0x08000b9f   Thumb Code    70  btod.o(CL$$btod_d2e_denorm_low)
    _d2e_norm_op1                            0x08000be5   Thumb Code    96  btod.o(CL$$btod_d2e_norm_op1)
    __btod_div_common                        0x08000c45   Thumb Code   696  btod.o(CL$$btod_div_common)
    _e2e                                     0x08000f7d   Thumb Code   220  btod.o(CL$$btod_e2e)
    _btod_ediv                               0x08001059   Thumb Code    42  btod.o(CL$$btod_ediv)
    _btod_emul                               0x08001083   Thumb Code    42  btod.o(CL$$btod_emul)
    __btod_mult_common                       0x080010ad   Thumb Code   580  btod.o(CL$$btod_mult_common)
    BusFault_Handler                         0x080012f1   Thumb Code     4  stm32f10x_it.o(i.BusFault_Handler)
    DebugMon_Handler                         0x080012f5   Thumb Code     2  stm32f10x_it.o(i.DebugMon_Handler)
    EXTI0_IRQHandler                         0x080012f7   Thumb Code    12  run_exti.o(i.EXTI0_IRQHandler)
    EXTI15_10_IRQHandler                     0x08001303   Thumb Code    64  run_exti.o(i.EXTI15_10_IRQHandler)
    EXTI1_IRQHandler                         0x08001343   Thumb Code    12  run_exti.o(i.EXTI1_IRQHandler)
    EXTI2_IRQHandler                         0x0800134f   Thumb Code    12  run_exti.o(i.EXTI2_IRQHandler)
    EXTI3_IRQHandler                         0x0800135b   Thumb Code    12  run_exti.o(i.EXTI3_IRQHandler)
    EXTI4_IRQHandler                         0x08001367   Thumb Code    12  run_exti.o(i.EXTI4_IRQHandler)
    EXTI9_5_IRQHandler                       0x08001373   Thumb Code    46  run_exti.o(i.EXTI9_5_IRQHandler)
    EXTI_ClearITPendingBit                   0x080013a1   Thumb Code     6  stm32f10x_exti.o(i.EXTI_ClearITPendingBit)
    EXTI_GetITStatus                         0x080013ad   Thumb Code    34  stm32f10x_exti.o(i.EXTI_GetITStatus)
    GPIO_Init                                0x080013d5   Thumb Code   278  stm32f10x_gpio.o(i.GPIO_Init)
    GPIO_PinRemapConfig                      0x080014ed   Thumb Code   138  stm32f10x_gpio.o(i.GPIO_PinRemapConfig)
    GPIO_ReadInputDataBit                    0x0800157d   Thumb Code    18  stm32f10x_gpio.o(i.GPIO_ReadInputDataBit)
    GPIO_ResetBits                           0x0800158f   Thumb Code     4  stm32f10x_gpio.o(i.GPIO_ResetBits)
    GPIO_SetBits                             0x08001593   Thumb Code     4  stm32f10x_gpio.o(i.GPIO_SetBits)
    HardFault_Handler                        0x08001597   Thumb Code     4  stm32f10x_it.o(i.HardFault_Handler)
    MPU6050_Get_Accel                        0x0800159b   Thumb Code    76  run_mpu6050.o(i.MPU6050_Get_Accel)
    MPU6050_Get_Accel_Real                   0x080015e7   Thumb Code    88  run_mpu6050.o(i.MPU6050_Get_Accel_Real)
    MPU6050_Get_Gyro                         0x0800163f   Thumb Code    76  run_mpu6050.o(i.MPU6050_Get_Gyro)
    MPU6050_Get_Gyro_Real                    0x0800168d   Thumb Code    82  run_mpu6050.o(i.MPU6050_Get_Gyro_Real)
    MPU6050_Init                             0x080016e5   Thumb Code    88  run_mpu6050.o(i.MPU6050_Init)
    MemManage_Handler                        0x080017af   Thumb Code     4  stm32f10x_it.o(i.MemManage_Handler)
    NMI_Handler                              0x080017b3   Thumb Code     2  stm32f10x_it.o(i.NMI_Handler)
    NVIC_Init                                0x080017b5   Thumb Code   100  misc.o(i.NVIC_Init)
    NVIC_PriorityGroupConfig                 0x08001825   Thumb Code    10  misc.o(i.NVIC_PriorityGroupConfig)
    PendSV_Handler                           0x08001839   Thumb Code     2  stm32f10x_it.o(i.PendSV_Handler)
    RCC_APB1PeriphClockCmd                   0x0800183d   Thumb Code    26  stm32f10x_rcc.o(i.RCC_APB1PeriphClockCmd)
    RCC_APB2PeriphClockCmd                   0x0800185d   Thumb Code    26  stm32f10x_rcc.o(i.RCC_APB2PeriphClockCmd)
    RCC_GetClocksFreq                        0x0800187d   Thumb Code   192  stm32f10x_rcc.o(i.RCC_GetClocksFreq)
    RUN_CF_Update                            0x08001951   Thumb Code   246  run_imu_getangle.o(i.RUN_CF_Update)
    RUN_I2C_Init                             0x08001a91   Thumb Code    34  run_softi2c.o(i.RUN_I2C_Init)
    RUN_I2C_ReadByte                         0x08001ab3   Thumb Code   128  run_softi2c.o(i.RUN_I2C_ReadByte)
    RUN_I2C_SendByte                         0x08001b33   Thumb Code    80  run_softi2c.o(i.RUN_I2C_SendByte)
    RUN_I2C_Start                            0x08001b83   Thumb Code    46  run_softi2c.o(i.RUN_I2C_Start)
    RUN_I2C_Stop                             0x08001bb1   Thumb Code    50  run_softi2c.o(i.RUN_I2C_Stop)
    RUN_I2C_WaitAck                          0x08001be3   Thumb Code    72  run_softi2c.o(i.RUN_I2C_WaitAck)
    RUN_I2C_WriteReg                         0x08001c2b   Thumb Code    70  run_softi2c.o(i.RUN_I2C_WriteReg)
    RUN_TIM6_Handler_Core                    0x08001c71   Thumb Code    26  run_isr.o(i.RUN_TIM6_Handler_Core)
    RUN_delay_init                           0x08001c91   Thumb Code    30  run_delay.o(i.RUN_delay_init)
    RUN_delay_ms                             0x08001cb5   Thumb Code    24  run_delay.o(i.RUN_delay_ms)
    RUN_delay_us                             0x08001ccd   Thumb Code    72  run_delay.o(i.RUN_delay_us)
    RUN_gpio_get                             0x08001d19   Thumb Code    38  run_gpio.o(i.RUN_gpio_get)
    RUN_gpio_init                            0x08001d45   Thumb Code   154  run_gpio.o(i.RUN_gpio_init)
    RUN_gpio_set                             0x08001de5   Thumb Code    68  run_gpio.o(i.RUN_gpio_set)
    RUN_timer_init                           0x08001e2d   Thumb Code   226  run_timer.o(i.RUN_timer_init)
    RUN_uart_init                            0x08001f15   Thumb Code   374  run_uart.o(i.RUN_uart_init)
    RUN_uart_putchar                         0x08002091   Thumb Code    54  run_uart.o(i.RUN_uart_putchar)
    SVC_Handler                              0x080020cd   Thumb Code     2  stm32f10x_it.o(i.SVC_Handler)
    SysTick_CLKSourceConfig                  0x080021b9   Thumb Code    40  misc.o(i.SysTick_CLKSourceConfig)
    SysTick_Handler                          0x080021e1   Thumb Code     2  stm32f10x_it.o(i.SysTick_Handler)
    SystemInit                               0x080021e5   Thumb Code    78  system_stm32f10x.o(i.SystemInit)
    TIM1_Callback                            0x08002245   Thumb Code     2  run_isr.o(i.TIM1_Callback)
    TIM1_UP_IRQHandler                       0x08002249   Thumb Code    26  run_isr.o(i.TIM1_UP_IRQHandler)
    TIM2_Callback                            0x08002269   Thumb Code     2  run_isr.o(i.TIM2_Callback)
    TIM2_IRQHandler                          0x0800226b   Thumb Code    26  run_isr.o(i.TIM2_IRQHandler)
    TIM3_Callback                            0x08002285   Thumb Code     2  run_isr.o(i.TIM3_Callback)
    TIM3_IRQHandler                          0x08002289   Thumb Code    26  run_isr.o(i.TIM3_IRQHandler)
    TIM4_Callback                            0x080022a9   Thumb Code     2  run_isr.o(i.TIM4_Callback)
    TIM4_IRQHandler                          0x080022ad   Thumb Code    26  run_isr.o(i.TIM4_IRQHandler)
    TIM5_Callback                            0x080022cd   Thumb Code     2  run_isr.o(i.TIM5_Callback)
    TIM5_IRQHandler                          0x080022d1   Thumb Code    26  run_isr.o(i.TIM5_IRQHandler)
    TIM6_Callback                            0x080022f1   Thumb Code    76  main.o(i.TIM6_Callback)
    TIM6_IRQHandler                          0x08002365   Thumb Code     8  run_isr.o(i.TIM6_IRQHandler)
    TIM7_Callback                            0x0800236d   Thumb Code     2  run_isr.o(i.TIM7_Callback)
    TIM7_IRQHandler                          0x08002371   Thumb Code    26  run_isr.o(i.TIM7_IRQHandler)
    TIM8_Callback                            0x08002391   Thumb Code     2  run_isr.o(i.TIM8_Callback)
    TIM8_UP_IRQHandler                       0x08002395   Thumb Code    26  run_isr.o(i.TIM8_UP_IRQHandler)
    TIM_ClearFlag                            0x080023b5   Thumb Code     6  stm32f10x_tim.o(i.TIM_ClearFlag)
    TIM_ClearITPendingBit                    0x080023bb   Thumb Code     6  stm32f10x_tim.o(i.TIM_ClearITPendingBit)
    TIM_Cmd                                  0x080023c1   Thumb Code    24  stm32f10x_tim.o(i.TIM_Cmd)
    TIM_GenerateEvent                        0x080023d9   Thumb Code     4  stm32f10x_tim.o(i.TIM_GenerateEvent)
    TIM_GetITStatus                          0x080023dd   Thumb Code    34  stm32f10x_tim.o(i.TIM_GetITStatus)
    TIM_ITConfig                             0x080023ff   Thumb Code    18  stm32f10x_tim.o(i.TIM_ITConfig)
    TIM_TimeBaseInit                         0x08002411   Thumb Code   122  stm32f10x_tim.o(i.TIM_TimeBaseInit)
    UART4_IRQHandler                         0x080024b5   Thumb Code    40  run_isr.o(i.UART4_IRQHandler)
    UART5_IRQHandler                         0x080024e1   Thumb Code    40  run_isr.o(i.UART5_IRQHandler)
    USART1_IRQHandler                        0x0800250d   Thumb Code    40  run_isr.o(i.USART1_IRQHandler)
    USART2_IRQHandler                        0x08002539   Thumb Code    40  run_isr.o(i.USART2_IRQHandler)
    USART3_IRQHandler                        0x08002565   Thumb Code    40  run_isr.o(i.USART3_IRQHandler)
    USART_ClearITPendingBit                  0x08002591   Thumb Code    30  stm32f10x_usart.o(i.USART_ClearITPendingBit)
    USART_Cmd                                0x080025af   Thumb Code    24  stm32f10x_usart.o(i.USART_Cmd)
    USART_GetFlagStatus                      0x080025c7   Thumb Code    26  stm32f10x_usart.o(i.USART_GetFlagStatus)
    USART_GetITStatus                        0x080025e1   Thumb Code    84  stm32f10x_usart.o(i.USART_GetITStatus)
    USART_ITConfig                           0x08002635   Thumb Code    74  stm32f10x_usart.o(i.USART_ITConfig)
    USART_Init                               0x08002681   Thumb Code   210  stm32f10x_usart.o(i.USART_Init)
    USART_ReceiveData                        0x08002759   Thumb Code    10  stm32f10x_usart.o(i.USART_ReceiveData)
    USART_SendData                           0x08002763   Thumb Code     8  stm32f10x_usart.o(i.USART_SendData)
    UsageFault_Handler                       0x0800276b   Thumb Code     4  stm32f10x_it.o(i.UsageFault_Handler)
    __ARM_fpclassify                         0x0800276f   Thumb Code    40  fpclassify.o(i.__ARM_fpclassify)
    __ARM_fpclassifyf                        0x08002797   Thumb Code    38  fpclassifyf.o(i.__ARM_fpclassifyf)
    __mathlib_flt_infnan2                    0x080027bd   Thumb Code     4  funder.o(i.__mathlib_flt_infnan2)
    __mathlib_flt_underflow                  0x080027c1   Thumb Code    10  funder.o(i.__mathlib_flt_underflow)
    _is_digit                                0x080027cb   Thumb Code    14  __printf_wp.o(i._is_digit)
    _sys_exit                                0x080027d9   Thumb Code     4  run_uart.o(i._sys_exit)
    atan2f                                   0x080027dd   Thumb Code   528  atan2f.o(i.atan2f)
    fputc                                    0x08002a39   Thumb Code    18  run_uart.o(i.fputc)
    main                                     0x08002aa5   Thumb Code   214  main.o(i.main)
    sqrtf                                    0x08002be5   Thumb Code    44  sqrtf.o(i.sqrtf)
    uart1_rx_interrupt                       0x08002c11   Thumb Code   132  run_isr.o(i.uart1_rx_interrupt)
    uart2_rx_interrupt                       0x08002ca5   Thumb Code   132  run_isr.o(i.uart2_rx_interrupt)
    uart3_rx_interrupt                       0x08002d39   Thumb Code   132  run_isr.o(i.uart3_rx_interrupt)
    uart4_rx_interrupt                       0x08002dcd   Thumb Code   132  run_isr.o(i.uart4_rx_interrupt)
    uart5_rx_interrupt                       0x08002e61   Thumb Code   132  run_isr.o(i.uart5_rx_interrupt)
    _get_lc_numeric                          0x08002ef5   Thumb Code    44  lc_numeric_c.o(locale$$code)
    __fpl_dretinf                            0x08002f21   Thumb Code    12  dretinf.o(x$fpl$dretinf)
    __aeabi_f2d                              0x08002f2d   Thumb Code     0  f2d.o(x$fpl$f2d)
    _f2d                                     0x08002f2d   Thumb Code    86  f2d.o(x$fpl$f2d)
    __aeabi_fadd                             0x08002f85   Thumb Code     0  faddsub_clz.o(x$fpl$fadd)
    _fadd                                    0x08002f85   Thumb Code   196  faddsub_clz.o(x$fpl$fadd)
    __fpl_fcheck_NaN1                        0x08003049   Thumb Code     6  fcheck1.o(x$fpl$fcheck1)
    __aeabi_fdiv                             0x08003055   Thumb Code     0  fdiv.o(x$fpl$fdiv)
    _fdiv                                    0x08003055   Thumb Code   384  fdiv.o(x$fpl$fdiv)
    __aeabi_i2f                              0x080031d9   Thumb Code     0  fflt_clz.o(x$fpl$fflt)
    _fflt                                    0x080031d9   Thumb Code    48  fflt_clz.o(x$fpl$fflt)
    __aeabi_fmul                             0x08003209   Thumb Code     0  fmul.o(x$fpl$fmul)
    _fmul                                    0x08003209   Thumb Code   258  fmul.o(x$fpl$fmul)
    __fpl_fnaninf                            0x0800330b   Thumb Code   140  fnaninf.o(x$fpl$fnaninf)
    __fpl_fretinf                            0x08003397   Thumb Code    10  fretinf.o(x$fpl$fretinf)
    __aeabi_frsub                            0x080033a1   Thumb Code     0  faddsub_clz.o(x$fpl$frsb)
    _frsb                                    0x080033a1   Thumb Code    20  faddsub_clz.o(x$fpl$frsb)
    _fsqrt                                   0x080033b5   Thumb Code   272  fsqrt.o(x$fpl$fsqrt)
    __aeabi_fsub                             0x080034c5   Thumb Code     0  faddsub_clz.o(x$fpl$fsub)
    _fsub                                    0x080034c5   Thumb Code   234  faddsub_clz.o(x$fpl$fsub)
    _printf_fp_dec                           0x080035af   Thumb Code     4  printf1.o(x$fpl$printf1)
    __fpl_return_NaN                         0x080035b3   Thumb Code   100  retnan.o(x$fpl$retnan)
    __ARM_scalbnf                            0x08003617   Thumb Code    76  scalbnf.o(x$fpl$scalbnf)
    __fpl_cmpreturn                          0x08003663   Thumb Code    48  trapv.o(x$fpl$trapveneer)
    __I$use$fp                               0x08003692   Number         0  usenofp.o(x$fpl$usenofp)
    gpio_cfg                                 0x08003694   Data        1344  run_gpio.o(.constdata)
    uart_cfg                                 0x08003bd4   Data         360  run_uart.o(.constdata)
    timer_cfg                                0x08003d3c   Data          96  run_timer.o(.constdata)
    Region$$Table$$Base                      0x08003e30   Number         0  anon$$obj.o(Region$$Table)
    Region$$Table$$Limit                     0x08003e50   Number         0  anon$$obj.o(Region$$Table)
    my_mpu                                   0x20000014   Data           3  main.o(.data)
    Roll                                     0x20000018   Data           4  main.o(.data)
    Pitch                                    0x2000001c   Data           4  main.o(.data)
    Yaw                                      0x20000020   Data           4  main.o(.data)
    ax                                       0x20000024   Data           4  main.o(.data)
    ay                                       0x20000028   Data           4  main.o(.data)
    az                                       0x2000002c   Data           4  main.o(.data)
    gx                                       0x20000030   Data           4  main.o(.data)
    gy                                       0x20000034   Data           4  main.o(.data)
    gz                                       0x20000038   Data           4  main.o(.data)
    a                                        0x2000003c   Data           4  main.o(.data)
    __stdout                                 0x20000040   Data           4  run_uart.o(.data)
    UART1_RxFlag                             0x20000044   Data           1  run_isr.o(.data)
    UART2_RxFlag                             0x20000045   Data           1  run_isr.o(.data)
    UART3_RxFlag                             0x20000046   Data           1  run_isr.o(.data)
    UART4_RxFlag                             0x20000047   Data           1  run_isr.o(.data)
    UART5_RxFlag                             0x20000048   Data           1  run_isr.o(.data)
    UART1_RxPacket                           0x2000007c   Data         100  run_isr.o(.bss)
    UART2_RxPacket                           0x200000e0   Data         100  run_isr.o(.bss)
    UART3_RxPacket                           0x20000144   Data         100  run_isr.o(.bss)
    UART4_RxPacket                           0x200001a8   Data         100  run_isr.o(.bss)
    UART5_RxPacket                           0x2000020c   Data         100  run_isr.o(.bss)
    __libspace_start                         0x200002b0   Data          96  libspace.o(.bss)
    __temporary_stack_top$libspace           0x20000310   Data           0  libspace.o(.bss)



==============================================================================

Memory Map of the image

  Image Entry point : 0x08000131

  Load Region LR_IROM1 (Base: 0x08000000, Size: 0x00003ee8, Max: 0x00080000, ABSOLUTE)

    Execution Region ER_IROM1 (Exec base: 0x08000000, Load base: 0x08000000, Size: 0x00003e6c, Max: 0x00080000, ABSOLUTE)

    Exec Addr    Load Addr    Size         Type   Attr      Idx    E Section Name        Object

    0x08000000   0x08000000   0x00000130   Data   RO          132    RESET               startup_stm32f10x_hd.o
    0x08000130   0x08000130   0x00000008   Code   RO         4492  * !!!main             c_w.l(__main.o)
    0x08000138   0x08000138   0x00000034   Code   RO         4803    !!!scatter          c_w.l(__scatter.o)
    0x0800016c   0x0800016c   0x0000001a   Code   RO         4805    !!handler_copy      c_w.l(__scatter_copy.o)
    0x08000186   0x08000186   0x00000002   PAD
    0x08000188   0x08000188   0x0000001c   Code   RO         4807    !!handler_zi        c_w.l(__scatter_zi.o)
    0x080001a4   0x080001a4   0x00000000   Code   RO         4483    .ARM.Collect$$_printf_percent$$00000000  c_w.l(_printf_percent.o)
    0x080001a4   0x080001a4   0x00000006   Code   RO         4482    .ARM.Collect$$_printf_percent$$00000003  c_w.l(_printf_f.o)
    0x080001aa   0x080001aa   0x00000004   Code   RO         4557    .ARM.Collect$$_printf_percent$$00000017  c_w.l(_printf_percent_end.o)
    0x080001ae   0x080001ae   0x00000002   Code   RO         4676    .ARM.Collect$$libinit$$00000000  c_w.l(libinit.o)
    0x080001b0   0x080001b0   0x00000000   Code   RO         4678    .ARM.Collect$$libinit$$00000002  c_w.l(libinit2.o)
    0x080001b0   0x080001b0   0x00000000   Code   RO         4680    .ARM.Collect$$libinit$$00000004  c_w.l(libinit2.o)
    0x080001b0   0x080001b0   0x00000000   Code   RO         4683    .ARM.Collect$$libinit$$0000000A  c_w.l(libinit2.o)
    0x080001b0   0x080001b0   0x00000000   Code   RO         4685    .ARM.Collect$$libinit$$0000000C  c_w.l(libinit2.o)
    0x080001b0   0x080001b0   0x00000000   Code   RO         4687    .ARM.Collect$$libinit$$0000000E  c_w.l(libinit2.o)
    0x080001b0   0x080001b0   0x00000006   Code   RO         4688    .ARM.Collect$$libinit$$0000000F  c_w.l(libinit2.o)
    0x080001b6   0x080001b6   0x00000000   Code   RO         4690    .ARM.Collect$$libinit$$00000011  c_w.l(libinit2.o)
    0x080001b6   0x080001b6   0x00000000   Code   RO         4692    .ARM.Collect$$libinit$$00000013  c_w.l(libinit2.o)
    0x080001b6   0x080001b6   0x00000000   Code   RO         4694    .ARM.Collect$$libinit$$00000015  c_w.l(libinit2.o)
    0x080001b6   0x080001b6   0x0000000a   Code   RO         4695    .ARM.Collect$$libinit$$00000016  c_w.l(libinit2.o)
    0x080001c0   0x080001c0   0x00000000   Code   RO         4696    .ARM.Collect$$libinit$$00000017  c_w.l(libinit2.o)
    0x080001c0   0x080001c0   0x00000000   Code   RO         4698    .ARM.Collect$$libinit$$00000019  c_w.l(libinit2.o)
    0x080001c0   0x080001c0   0x00000000   Code   RO         4700    .ARM.Collect$$libinit$$0000001B  c_w.l(libinit2.o)
    0x080001c0   0x080001c0   0x00000000   Code   RO         4702    .ARM.Collect$$libinit$$0000001D  c_w.l(libinit2.o)
    0x080001c0   0x080001c0   0x00000000   Code   RO         4704    .ARM.Collect$$libinit$$0000001F  c_w.l(libinit2.o)
    0x080001c0   0x080001c0   0x00000000   Code   RO         4706    .ARM.Collect$$libinit$$00000021  c_w.l(libinit2.o)
    0x080001c0   0x080001c0   0x00000000   Code   RO         4708    .ARM.Collect$$libinit$$00000023  c_w.l(libinit2.o)
    0x080001c0   0x080001c0   0x00000000   Code   RO         4710    .ARM.Collect$$libinit$$00000025  c_w.l(libinit2.o)
    0x080001c0   0x080001c0   0x00000000   Code   RO         4714    .ARM.Collect$$libinit$$0000002C  c_w.l(libinit2.o)
    0x080001c0   0x080001c0   0x00000000   Code   RO         4716    .ARM.Collect$$libinit$$0000002E  c_w.l(libinit2.o)
    0x080001c0   0x080001c0   0x00000000   Code   RO         4718    .ARM.Collect$$libinit$$00000030  c_w.l(libinit2.o)
    0x080001c0   0x080001c0   0x00000000   Code   RO         4720    .ARM.Collect$$libinit$$00000032  c_w.l(libinit2.o)
    0x080001c0   0x080001c0   0x00000002   Code   RO         4721    .ARM.Collect$$libinit$$00000033  c_w.l(libinit2.o)
    0x080001c2   0x080001c2   0x00000002   Code   RO         4753    .ARM.Collect$$libshutdown$$00000000  c_w.l(libshutdown.o)
    0x080001c4   0x080001c4   0x00000000   Code   RO         4762    .ARM.Collect$$libshutdown$$00000002  c_w.l(libshutdown2.o)
    0x080001c4   0x080001c4   0x00000000   Code   RO         4764    .ARM.Collect$$libshutdown$$00000004  c_w.l(libshutdown2.o)
    0x080001c4   0x080001c4   0x00000000   Code   RO         4767    .ARM.Collect$$libshutdown$$00000007  c_w.l(libshutdown2.o)
    0x080001c4   0x080001c4   0x00000000   Code   RO         4770    .ARM.Collect$$libshutdown$$0000000A  c_w.l(libshutdown2.o)
    0x080001c4   0x080001c4   0x00000000   Code   RO         4772    .ARM.Collect$$libshutdown$$0000000C  c_w.l(libshutdown2.o)
    0x080001c4   0x080001c4   0x00000000   Code   RO         4775    .ARM.Collect$$libshutdown$$0000000F  c_w.l(libshutdown2.o)
    0x080001c4   0x080001c4   0x00000002   Code   RO         4776    .ARM.Collect$$libshutdown$$00000010  c_w.l(libshutdown2.o)
    0x080001c6   0x080001c6   0x00000000   Code   RO         4550    .ARM.Collect$$rtentry$$00000000  c_w.l(__rtentry.o)
    0x080001c6   0x080001c6   0x00000000   Code   RO         4592    .ARM.Collect$$rtentry$$00000002  c_w.l(__rtentry2.o)
    0x080001c6   0x080001c6   0x00000006   Code   RO         4604    .ARM.Collect$$rtentry$$00000004  c_w.l(__rtentry4.o)
    0x080001cc   0x080001cc   0x00000000   Code   RO         4594    .ARM.Collect$$rtentry$$00000009  c_w.l(__rtentry2.o)
    0x080001cc   0x080001cc   0x00000004   Code   RO         4595    .ARM.Collect$$rtentry$$0000000A  c_w.l(__rtentry2.o)
    0x080001d0   0x080001d0   0x00000000   Code   RO         4597    .ARM.Collect$$rtentry$$0000000C  c_w.l(__rtentry2.o)
    0x080001d0   0x080001d0   0x00000008   Code   RO         4598    .ARM.Collect$$rtentry$$0000000D  c_w.l(__rtentry2.o)
    0x080001d8   0x080001d8   0x00000002   Code   RO         4724    .ARM.Collect$$rtexit$$00000000  c_w.l(rtexit.o)
    0x080001da   0x080001da   0x00000000   Code   RO         4733    .ARM.Collect$$rtexit$$00000002  c_w.l(rtexit2.o)
    0x080001da   0x080001da   0x00000004   Code   RO         4734    .ARM.Collect$$rtexit$$00000003  c_w.l(rtexit2.o)
    0x080001de   0x080001de   0x00000006   Code   RO         4735    .ARM.Collect$$rtexit$$00000004  c_w.l(rtexit2.o)
    0x080001e4   0x080001e4   0x00000040   Code   RO          133    .text               startup_stm32f10x_hd.o
    0x08000224   0x08000224   0x00000002   Code   RO         4454    .text               c_w.l(use_no_semi_2.o)
    0x08000226   0x08000226   0x00000002   PAD
    0x08000228   0x08000228   0x00000018   Code   RO         4458    .text               c_w.l(noretval__2printf.o)
    0x08000240   0x08000240   0x0000010e   Code   RO         4470    .text               c_w.l(__printf_wp.o)
    0x0800034e   0x0800034e   0x00000044   Code   RO         4488    .text               c_w.l(rt_memclr.o)
    0x08000392   0x08000392   0x00000006   Code   RO         4490    .text               c_w.l(heapauxi.o)
    0x08000398   0x08000398   0x00000002   Code   RO         4548    .text               c_w.l(use_no_semi.o)
    0x0800039a   0x0800039a   0x00000016   Code   RO         4551    .text               c_w.l(_rserrno.o)
    0x080003b0   0x080003b0   0x0000041e   Code   RO         4553    .text               c_w.l(_printf_fp_dec.o)
    0x080007ce   0x080007ce   0x00000002   PAD
    0x080007d0   0x080007d0   0x00000024   Code   RO         4555    .text               c_w.l(_printf_char_file.o)
    0x080007f4   0x080007f4   0x0000004e   Code   RO         4560    .text               c_w.l(rt_memclr_w.o)
    0x08000842   0x08000842   0x00000002   PAD
    0x08000844   0x08000844   0x00000008   Code   RO         4609    .text               c_w.l(rt_locale_intlibspace.o)
    0x0800084c   0x0800084c   0x00000008   Code   RO         4614    .text               c_w.l(rt_errno_addr_intlibspace.o)
    0x08000854   0x08000854   0x0000008a   Code   RO         4616    .text               c_w.l(lludiv10.o)
    0x080008de   0x080008de   0x00000002   PAD
    0x080008e0   0x080008e0   0x00000030   Code   RO         4618    .text               c_w.l(_printf_char_common.o)
    0x08000910   0x08000910   0x00000080   Code   RO         4620    .text               c_w.l(_printf_fp_infnan.o)
    0x08000990   0x08000990   0x000000e4   Code   RO         4622    .text               c_w.l(bigflt0.o)
    0x08000a74   0x08000a74   0x00000008   Code   RO         4647    .text               c_w.l(ferror.o)
    0x08000a7c   0x08000a7c   0x00000008   Code   RO         4660    .text               c_w.l(libspace.o)
    0x08000a84   0x08000a84   0x0000004a   Code   RO         4663    .text               c_w.l(sys_stackheap_outer.o)
    0x08000ace   0x08000ace   0x00000012   Code   RO         4667    .text               c_w.l(exit.o)
    0x08000ae0   0x08000ae0   0x00000080   Code   RO         4669    .text               c_w.l(strcmpv7m.o)
    0x08000b60   0x08000b60   0x0000003e   Code   RO         4625    CL$$btod_d2e        c_w.l(btod.o)
    0x08000b9e   0x08000b9e   0x00000046   Code   RO         4627    CL$$btod_d2e_denorm_low  c_w.l(btod.o)
    0x08000be4   0x08000be4   0x00000060   Code   RO         4626    CL$$btod_d2e_norm_op1  c_w.l(btod.o)
    0x08000c44   0x08000c44   0x00000338   Code   RO         4635    CL$$btod_div_common  c_w.l(btod.o)
    0x08000f7c   0x08000f7c   0x000000dc   Code   RO         4632    CL$$btod_e2e        c_w.l(btod.o)
    0x08001058   0x08001058   0x0000002a   Code   RO         4629    CL$$btod_ediv       c_w.l(btod.o)
    0x08001082   0x08001082   0x0000002a   Code   RO         4628    CL$$btod_emul       c_w.l(btod.o)
    0x080010ac   0x080010ac   0x00000244   Code   RO         4634    CL$$btod_mult_common  c_w.l(btod.o)
    0x080012f0   0x080012f0   0x00000004   Code   RO         3300    i.BusFault_Handler  stm32f10x_it.o
    0x080012f4   0x080012f4   0x00000002   Code   RO         3301    i.DebugMon_Handler  stm32f10x_it.o
    0x080012f6   0x080012f6   0x0000000c   Code   RO         3784    i.EXTI0_IRQHandler  run_exti.o
    0x08001302   0x08001302   0x00000040   Code   RO         3785    i.EXTI15_10_IRQHandler  run_exti.o
    0x08001342   0x08001342   0x0000000c   Code   RO         3786    i.EXTI1_IRQHandler  run_exti.o
    0x0800134e   0x0800134e   0x0000000c   Code   RO         3787    i.EXTI2_IRQHandler  run_exti.o
    0x0800135a   0x0800135a   0x0000000c   Code   RO         3788    i.EXTI3_IRQHandler  run_exti.o
    0x08001366   0x08001366   0x0000000c   Code   RO         3789    i.EXTI4_IRQHandler  run_exti.o
    0x08001372   0x08001372   0x0000002e   Code   RO         3790    i.EXTI9_5_IRQHandler  run_exti.o
    0x080013a0   0x080013a0   0x0000000c   Code   RO          985    i.EXTI_ClearITPendingBit  stm32f10x_exti.o
    0x080013ac   0x080013ac   0x00000028   Code   RO          989    i.EXTI_GetITStatus  stm32f10x_exti.o
    0x080013d4   0x080013d4   0x00000116   Code   RO         1347    i.GPIO_Init         stm32f10x_gpio.o
    0x080014ea   0x080014ea   0x00000002   PAD
    0x080014ec   0x080014ec   0x00000090   Code   RO         1349    i.GPIO_PinRemapConfig  stm32f10x_gpio.o
    0x0800157c   0x0800157c   0x00000012   Code   RO         1351    i.GPIO_ReadInputDataBit  stm32f10x_gpio.o
    0x0800158e   0x0800158e   0x00000004   Code   RO         1354    i.GPIO_ResetBits    stm32f10x_gpio.o
    0x08001592   0x08001592   0x00000004   Code   RO         1355    i.GPIO_SetBits      stm32f10x_gpio.o
    0x08001596   0x08001596   0x00000004   Code   RO         3302    i.HardFault_Handler  stm32f10x_it.o
    0x0800159a   0x0800159a   0x0000004c   Code   RO         4117    i.MPU6050_Get_Accel  run_mpu6050.o
    0x080015e6   0x080015e6   0x00000058   Code   RO         4118    i.MPU6050_Get_Accel_Real  run_mpu6050.o
    0x0800163e   0x0800163e   0x0000004c   Code   RO         4119    i.MPU6050_Get_Gyro  run_mpu6050.o
    0x0800168a   0x0800168a   0x00000002   PAD
    0x0800168c   0x0800168c   0x00000058   Code   RO         4120    i.MPU6050_Get_Gyro_Real  run_mpu6050.o
    0x080016e4   0x080016e4   0x00000058   Code   RO         4122    i.MPU6050_Init      run_mpu6050.o
    0x0800173c   0x0800173c   0x00000072   Code   RO         4123    i.MPU_Read_Block    run_mpu6050.o
    0x080017ae   0x080017ae   0x00000004   Code   RO         3303    i.MemManage_Handler  stm32f10x_it.o
    0x080017b2   0x080017b2   0x00000002   Code   RO         3304    i.NMI_Handler       stm32f10x_it.o
    0x080017b4   0x080017b4   0x00000070   Code   RO          137    i.NVIC_Init         misc.o
    0x08001824   0x08001824   0x00000014   Code   RO          138    i.NVIC_PriorityGroupConfig  misc.o
    0x08001838   0x08001838   0x00000002   Code   RO         3305    i.PendSV_Handler    stm32f10x_it.o
    0x0800183a   0x0800183a   0x00000002   PAD
    0x0800183c   0x0800183c   0x00000020   Code   RO         1775    i.RCC_APB1PeriphClockCmd  stm32f10x_rcc.o
    0x0800185c   0x0800185c   0x00000020   Code   RO         1777    i.RCC_APB2PeriphClockCmd  stm32f10x_rcc.o
    0x0800187c   0x0800187c   0x000000d4   Code   RO         1785    i.RCC_GetClocksFreq  stm32f10x_rcc.o
    0x08001950   0x08001950   0x00000114   Code   RO         4352    i.RUN_CF_Update     run_imu_getangle.o
    0x08001a64   0x08001a64   0x0000002c   Code   RO         3791    i.RUN_EXTI_Handler  run_exti.o
    0x08001a90   0x08001a90   0x00000022   Code   RO         3855    i.RUN_I2C_Init      run_softi2c.o
    0x08001ab2   0x08001ab2   0x00000080   Code   RO         3856    i.RUN_I2C_ReadByte  run_softi2c.o
    0x08001b32   0x08001b32   0x00000050   Code   RO         3858    i.RUN_I2C_SendByte  run_softi2c.o
    0x08001b82   0x08001b82   0x0000002e   Code   RO         3859    i.RUN_I2C_Start     run_softi2c.o
    0x08001bb0   0x08001bb0   0x00000032   Code   RO         3860    i.RUN_I2C_Stop      run_softi2c.o
    0x08001be2   0x08001be2   0x00000048   Code   RO         3861    i.RUN_I2C_WaitAck   run_softi2c.o
    0x08001c2a   0x08001c2a   0x00000046   Code   RO         3862    i.RUN_I2C_WriteReg  run_softi2c.o
    0x08001c70   0x08001c70   0x00000020   Code   RO         3525    i.RUN_TIM6_Handler_Core  run_isr.o
    0x08001c90   0x08001c90   0x00000024   Code   RO         3758    i.RUN_delay_init    run_delay.o
    0x08001cb4   0x08001cb4   0x00000018   Code   RO         3759    i.RUN_delay_ms      run_delay.o
    0x08001ccc   0x08001ccc   0x0000004c   Code   RO         3760    i.RUN_delay_us      run_delay.o
    0x08001d18   0x08001d18   0x0000002c   Code   RO         3363    i.RUN_gpio_get      run_gpio.o
    0x08001d44   0x08001d44   0x000000a0   Code   RO         3364    i.RUN_gpio_init     run_gpio.o
    0x08001de4   0x08001de4   0x00000048   Code   RO         3365    i.RUN_gpio_set      run_gpio.o
    0x08001e2c   0x08001e2c   0x000000e8   Code   RO         3711    i.RUN_timer_init    run_timer.o
    0x08001f14   0x08001f14   0x0000017c   Code   RO         3400    i.RUN_uart_init     run_uart.o
    0x08002090   0x08002090   0x0000003c   Code   RO         3402    i.RUN_uart_putchar  run_uart.o
    0x080020cc   0x080020cc   0x00000002   Code   RO         3306    i.SVC_Handler       stm32f10x_it.o
    0x080020ce   0x080020ce   0x00000008   Code   RO           17    i.SetSysClock       system_stm32f10x.o
    0x080020d6   0x080020d6   0x00000002   PAD
    0x080020d8   0x080020d8   0x000000e0   Code   RO           18    i.SetSysClockTo72   system_stm32f10x.o
    0x080021b8   0x080021b8   0x00000028   Code   RO          141    i.SysTick_CLKSourceConfig  misc.o
    0x080021e0   0x080021e0   0x00000002   Code   RO         3307    i.SysTick_Handler   stm32f10x_it.o
    0x080021e2   0x080021e2   0x00000002   PAD
    0x080021e4   0x080021e4   0x00000060   Code   RO           20    i.SystemInit        system_stm32f10x.o
    0x08002244   0x08002244   0x00000002   Code   RO         3526    i.TIM1_Callback     run_isr.o
    0x08002246   0x08002246   0x00000002   PAD
    0x08002248   0x08002248   0x00000020   Code   RO         3527    i.TIM1_UP_IRQHandler  run_isr.o
    0x08002268   0x08002268   0x00000002   Code   RO         3528    i.TIM2_Callback     run_isr.o
    0x0800226a   0x0800226a   0x0000001a   Code   RO         3529    i.TIM2_IRQHandler   run_isr.o
    0x08002284   0x08002284   0x00000002   Code   RO         3530    i.TIM3_Callback     run_isr.o
    0x08002286   0x08002286   0x00000002   PAD
    0x08002288   0x08002288   0x00000020   Code   RO         3531    i.TIM3_IRQHandler   run_isr.o
    0x080022a8   0x080022a8   0x00000002   Code   RO         3532    i.TIM4_Callback     run_isr.o
    0x080022aa   0x080022aa   0x00000002   PAD
    0x080022ac   0x080022ac   0x00000020   Code   RO         3533    i.TIM4_IRQHandler   run_isr.o
    0x080022cc   0x080022cc   0x00000002   Code   RO         3534    i.TIM5_Callback     run_isr.o
    0x080022ce   0x080022ce   0x00000002   PAD
    0x080022d0   0x080022d0   0x00000020   Code   RO         3535    i.TIM5_IRQHandler   run_isr.o
    0x080022f0   0x080022f0   0x00000074   Code   RO         3196    i.TIM6_Callback     main.o
    0x08002364   0x08002364   0x00000008   Code   RO         3538    i.TIM6_IRQHandler   run_isr.o
    0x0800236c   0x0800236c   0x00000002   Code   RO         3539    i.TIM7_Callback     run_isr.o
    0x0800236e   0x0800236e   0x00000002   PAD
    0x08002370   0x08002370   0x00000020   Code   RO         3540    i.TIM7_IRQHandler   run_isr.o
    0x08002390   0x08002390   0x00000002   Code   RO         3541    i.TIM8_Callback     run_isr.o
    0x08002392   0x08002392   0x00000002   PAD
    0x08002394   0x08002394   0x00000020   Code   RO         3542    i.TIM8_UP_IRQHandler  run_isr.o
    0x080023b4   0x080023b4   0x00000006   Code   RO         2415    i.TIM_ClearFlag     stm32f10x_tim.o
    0x080023ba   0x080023ba   0x00000006   Code   RO         2416    i.TIM_ClearITPendingBit  stm32f10x_tim.o
    0x080023c0   0x080023c0   0x00000018   Code   RO         2421    i.TIM_Cmd           stm32f10x_tim.o
    0x080023d8   0x080023d8   0x00000004   Code   RO         2435    i.TIM_GenerateEvent  stm32f10x_tim.o
    0x080023dc   0x080023dc   0x00000022   Code   RO         2442    i.TIM_GetITStatus   stm32f10x_tim.o
    0x080023fe   0x080023fe   0x00000012   Code   RO         2446    i.TIM_ITConfig      stm32f10x_tim.o
    0x08002410   0x08002410   0x000000a4   Code   RO         2492    i.TIM_TimeBaseInit  stm32f10x_tim.o
    0x080024b4   0x080024b4   0x0000002c   Code   RO         3543    i.UART4_IRQHandler  run_isr.o
    0x080024e0   0x080024e0   0x0000002c   Code   RO         3544    i.UART5_IRQHandler  run_isr.o
    0x0800250c   0x0800250c   0x0000002c   Code   RO         3545    i.USART1_IRQHandler  run_isr.o
    0x08002538   0x08002538   0x0000002c   Code   RO         3546    i.USART2_IRQHandler  run_isr.o
    0x08002564   0x08002564   0x0000002c   Code   RO         3547    i.USART3_IRQHandler  run_isr.o
    0x08002590   0x08002590   0x0000001e   Code   RO         2957    i.USART_ClearITPendingBit  stm32f10x_usart.o
    0x080025ae   0x080025ae   0x00000018   Code   RO         2960    i.USART_Cmd         stm32f10x_usart.o
    0x080025c6   0x080025c6   0x0000001a   Code   RO         2963    i.USART_GetFlagStatus  stm32f10x_usart.o
    0x080025e0   0x080025e0   0x00000054   Code   RO         2964    i.USART_GetITStatus  stm32f10x_usart.o
    0x08002634   0x08002634   0x0000004a   Code   RO         2966    i.USART_ITConfig    stm32f10x_usart.o
    0x0800267e   0x0800267e   0x00000002   PAD
    0x08002680   0x08002680   0x000000d8   Code   RO         2967    i.USART_Init        stm32f10x_usart.o
    0x08002758   0x08002758   0x0000000a   Code   RO         2974    i.USART_ReceiveData  stm32f10x_usart.o
    0x08002762   0x08002762   0x00000008   Code   RO         2977    i.USART_SendData    stm32f10x_usart.o
    0x0800276a   0x0800276a   0x00000004   Code   RO         3308    i.UsageFault_Handler  stm32f10x_it.o
    0x0800276e   0x0800276e   0x00000028   Code   RO         4658    i.__ARM_fpclassify  m_ws.l(fpclassify.o)
    0x08002796   0x08002796   0x00000026   Code   RO         4575    i.__ARM_fpclassifyf  m_ws.l(fpclassifyf.o)
    0x080027bc   0x080027bc   0x00000004   Code   RO         4579    i.__mathlib_flt_infnan2  m_ws.l(funder.o)
    0x080027c0   0x080027c0   0x0000000a   Code   RO         4583    i.__mathlib_flt_underflow  m_ws.l(funder.o)
    0x080027ca   0x080027ca   0x0000000e   Code   RO         4472    i._is_digit         c_w.l(__printf_wp.o)
    0x080027d8   0x080027d8   0x00000004   Code   RO         3405    i._sys_exit         run_uart.o
    0x080027dc   0x080027dc   0x0000025c   Code   RO         4533    i.atan2f            m_ws.l(atan2f.o)
    0x08002a38   0x08002a38   0x00000012   Code   RO         3406    i.fputc             run_uart.o
    0x08002a4a   0x08002a4a   0x00000002   PAD
    0x08002a4c   0x08002a4c   0x0000004c   Code   RO         3407    i.get_uart_irqn     run_uart.o
    0x08002a98   0x08002a98   0x0000000a   Code   RO         3863    i.i2c_delay         run_softi2c.o
    0x08002aa2   0x08002aa2   0x00000002   PAD
    0x08002aa4   0x08002aa4   0x00000140   Code   RO         3197    i.main              main.o
    0x08002be4   0x08002be4   0x0000002c   Code   RO         4541    i.sqrtf             m_ws.l(sqrtf.o)
    0x08002c10   0x08002c10   0x00000094   Code   RO         3548    i.uart1_rx_interrupt  run_isr.o
    0x08002ca4   0x08002ca4   0x00000094   Code   RO         3549    i.uart2_rx_interrupt  run_isr.o
    0x08002d38   0x08002d38   0x00000094   Code   RO         3550    i.uart3_rx_interrupt  run_isr.o
    0x08002dcc   0x08002dcc   0x00000094   Code   RO         3551    i.uart4_rx_interrupt  run_isr.o
    0x08002e60   0x08002e60   0x00000094   Code   RO         3552    i.uart5_rx_interrupt  run_isr.o
    0x08002ef4   0x08002ef4   0x0000002c   Code   RO         4652    locale$$code        c_w.l(lc_numeric_c.o)
    0x08002f20   0x08002f20   0x0000000c   Code   RO         4562    x$fpl$dretinf       fz_ws.l(dretinf.o)
    0x08002f2c   0x08002f2c   0x00000056   Code   RO         4494    x$fpl$f2d           fz_ws.l(f2d.o)
    0x08002f82   0x08002f82   0x00000002   PAD
    0x08002f84   0x08002f84   0x000000c4   Code   RO         4496    x$fpl$fadd          fz_ws.l(faddsub_clz.o)
    0x08003048   0x08003048   0x0000000c   Code   RO         4654    x$fpl$fcheck1       fz_ws.l(fcheck1.o)
    0x08003054   0x08003054   0x00000184   Code   RO         4503    x$fpl$fdiv          fz_ws.l(fdiv.o)
    0x080031d8   0x080031d8   0x00000030   Code   RO         4511    x$fpl$fflt          fz_ws.l(fflt_clz.o)
    0x08003208   0x08003208   0x00000102   Code   RO         4518    x$fpl$fmul          fz_ws.l(fmul.o)
    0x0800330a   0x0800330a   0x0000008c   Code   RO         4566    x$fpl$fnaninf       fz_ws.l(fnaninf.o)
    0x08003396   0x08003396   0x0000000a   Code   RO         4568    x$fpl$fretinf       fz_ws.l(fretinf.o)
    0x080033a0   0x080033a0   0x00000014   Code   RO         4497    x$fpl$frsb          fz_ws.l(faddsub_clz.o)
    0x080033b4   0x080033b4   0x00000110   Code   RO         4570    x$fpl$fsqrt         fz_ws.l(fsqrt.o)
    0x080034c4   0x080034c4   0x000000ea   Code   RO         4498    x$fpl$fsub          fz_ws.l(faddsub_clz.o)
    0x080035ae   0x080035ae   0x00000004   Code   RO         4522    x$fpl$printf1       fz_ws.l(printf1.o)
    0x080035b2   0x080035b2   0x00000064   Code   RO         4722    x$fpl$retnan        fz_ws.l(retnan.o)
    0x08003616   0x08003616   0x0000004c   Code   RO         4572    x$fpl$scalbnf       fz_ws.l(scalbnf.o)
    0x08003662   0x08003662   0x00000030   Code   RO         4730    x$fpl$trapveneer    fz_ws.l(trapv.o)
    0x08003692   0x08003692   0x00000000   Code   RO         4574    x$fpl$usenofp       fz_ws.l(usenofp.o)
    0x08003692   0x08003692   0x00000002   PAD
    0x08003694   0x08003694   0x00000540   Data   RO         3367    .constdata          run_gpio.o
    0x08003bd4   0x08003bd4   0x00000168   Data   RO         3408    .constdata          run_uart.o
    0x08003d3c   0x08003d3c   0x00000060   Data   RO         3712    .constdata          run_timer.o
    0x08003d9c   0x08003d9c   0x00000094   Data   RO         4623    .constdata          c_w.l(bigflt0.o)
    0x08003e30   0x08003e30   0x00000020   Data   RO         4801    Region$$Table       anon$$obj.o
    0x08003e50   0x08003e50   0x0000001c   Data   RO         4651    locale$$data        c_w.l(lc_numeric_c.o)


    Execution Region RW_IRAM1 (Exec base: 0x20000000, Load base: 0x08003e6c, Size: 0x00000910, Max: 0x00010000, ABSOLUTE)

    Exec Addr    Load Addr    Size         Type   Attr      Idx    E Section Name        Object

    0x20000000   0x08003e6c   0x00000014   Data   RW         1805    .data               stm32f10x_rcc.o
    0x20000014   0x08003e80   0x0000002c   Data   RW         3198    .data               main.o
    0x20000040   0x08003eac   0x00000004   Data   RW         3409    .data               run_uart.o
    0x20000044   0x08003eb0   0x0000000f   Data   RW         3554    .data               run_isr.o
    0x20000053   0x08003ebf   0x00000001   Data   RW         3761    .data               run_delay.o
    0x20000054   0x08003ec0   0x00000028   Data   RW         4355    .data               run_imu_getangle.o
    0x2000007c        -       0x000001f4   Zero   RW         3553    .bss                run_isr.o
    0x20000270        -       0x00000040   Zero   RW         3795    .bss                run_exti.o
    0x200002b0        -       0x00000060   Zero   RW         4661    .bss                c_w.l(libspace.o)
    0x20000310        -       0x00000200   Zero   RW          131    HEAP                startup_stm32f10x_hd.o
    0x20000510        -       0x00000400   Zero   RW          130    STACK               startup_stm32f10x_hd.o


==============================================================================

Image component sizes


      Code (inc. data)   RO Data    RW Data    ZI Data      Debug   Object Name

         0          0          0          0          0       4532   core_cm3.o
       436        146          0         44          0       3714   main.o
       172         22          0          0          0     206585   misc.o
       136         10          0          1          0       1727   run_delay.o
       214          6          0          0         64       4151   run_exti.o
       276         22       1344          0          0       3505   run_gpio.o
       276         30          0         40          0       1272   run_imu_getangle.o
      1232        142          0         15        500      13287   run_isr.o
       530          6          0          0          0       5263   run_mpu6050.o
       490          0          0          0          0       5197   run_softi2c.o
       232          6         96          0          0       1309   run_timer.o
       538         32        360          4          0       9337   run_uart.o
        64         26        304          0       1536        784   startup_stm32f10x_hd.o
         0          0          0          0          0       1648   stm32f10x_adc.o
        52         12          0          0          0       1044   stm32f10x_exti.o
       448          6          0          0          0      12530   stm32f10x_gpio.o
        26          0          0          0          0       3666   stm32f10x_it.o
       276         32          0         20          0      12926   stm32f10x_rcc.o
       256         42          0          0          0      24582   stm32f10x_tim.o
       472          6          0          0          0      12391   stm32f10x_usart.o
       328         28          0          0          0      45149   system_stm32f10x.o

    ----------------------------------------------------------------------
      6482        574       2136        124       2100     374599   Object Totals
         0          0         32          0          0          0   (incl. Generated)
        28          0          0          0          0          0   (incl. Padding)

    ----------------------------------------------------------------------

      Code (inc. data)   RO Data    RW Data    ZI Data      Debug   Library Member Name

         8          0          0          0          0         68   __main.o
       284          0          0          0          0        156   __printf_wp.o
         0          0          0          0          0          0   __rtentry.o
        12          0          0          0          0          0   __rtentry2.o
         6          0          0          0          0          0   __rtentry4.o
        52          8          0          0          0          0   __scatter.o
        26          0          0          0          0          0   __scatter_copy.o
        28          0          0          0          0          0   __scatter_zi.o
        48          6          0          0          0         96   _printf_char_common.o
        36          4          0          0          0         80   _printf_char_file.o
         6          0          0          0          0          0   _printf_f.o
      1054          0          0          0          0        216   _printf_fp_dec.o
       128         16          0          0          0         84   _printf_fp_infnan.o
         0          0          0          0          0          0   _printf_percent.o
         4          0          0          0          0          0   _printf_percent_end.o
        22          0          0          0          0        100   _rserrno.o
       228          4        148          0          0         96   bigflt0.o
      1936        128          0          0          0        672   btod.o
        18          0          0          0          0         80   exit.o
         8          0          0          0          0         68   ferror.o
         6          0          0          0          0        152   heapauxi.o
        44         10         28          0          0         76   lc_numeric_c.o
         2          0          0          0          0          0   libinit.o
        18          0          0          0          0          0   libinit2.o
         2          0          0          0          0          0   libshutdown.o
         2          0          0          0          0          0   libshutdown2.o
         8          4          0          0         96         68   libspace.o
       138          0          0          0          0         80   lludiv10.o
        24          4          0          0          0         84   noretval__2printf.o
         8          4          0          0          0         68   rt_errno_addr_intlibspace.o
         8          4          0          0          0         68   rt_locale_intlibspace.o
        68          0          0          0          0         68   rt_memclr.o
        78          0          0          0          0         80   rt_memclr_w.o
         2          0          0          0          0          0   rtexit.o
        10          0          0          0          0          0   rtexit2.o
       128          0          0          0          0         68   strcmpv7m.o
        74          0          0          0          0         80   sys_stackheap_outer.o
         2          0          0          0          0         68   use_no_semi.o
         2          0          0          0          0         68   use_no_semi_2.o
        12          0          0          0          0         68   dretinf.o
        86          4          0          0          0         84   f2d.o
       450          8          0          0          0        236   faddsub_clz.o
        12          4          0          0          0         68   fcheck1.o
       388         76          0          0          0         96   fdiv.o
        48          0          0          0          0         68   fflt_clz.o
       258          4          0          0          0         84   fmul.o
       140          4          0          0          0         84   fnaninf.o
        10          0          0          0          0         68   fretinf.o
       272        100          0          0          0         88   fsqrt.o
         4          0          0          0          0         68   printf1.o
       100          0          0          0          0         68   retnan.o
        76          0          0          0          0         68   scalbnf.o
        48          0          0          0          0         68   trapv.o
         0          0          0          0          0          0   usenofp.o
       604         76          0          0          0        116   atan2f.o
        40          0          0          0          0         68   fpclassify.o
        38          0          0          0          0         68   fpclassifyf.o
        14          0          0          0          0        136   funder.o
        44          0          0          0          0         80   sqrtf.o

    ----------------------------------------------------------------------
      7186        468        176          0         96       4428   Library Totals
        14          0          0          0          0          0   (incl. Padding)

    ----------------------------------------------------------------------

      Code (inc. data)   RO Data    RW Data    ZI Data      Debug   Library Name

      4528        192        176          0         96       2744   c_w.l
      1904        200          0          0          0       1216   fz_ws.l
       740         76          0          0          0        468   m_ws.l

    ----------------------------------------------------------------------
      7186        468        176          0         96       4428   Library Totals

    ----------------------------------------------------------------------

==============================================================================


      Code (inc. data)   RO Data    RW Data    ZI Data      Debug   

     13668       1042       2312        124       2196     371275   Grand Totals
     13668       1042       2312        124       2196     371275   ELF Image Totals
     13668       1042       2312        124          0          0   ROM Totals

==============================================================================

    Total RO  Size (Code + RO Data)                15980 (  15.61kB)
    Total RW  Size (RW Data + ZI Data)              2320 (   2.27kB)
    Total ROM Size (Code + RO Data + RW Data)      16104 (  15.73kB)

==============================================================================

