Component: ARM Compiler 5.06 update 5 (build 528) Tool: armlink [4d35e2]

==============================================================================

Section Cross References

    system_stm32f10x.o(i.SetSysClock) refers to system_stm32f10x.o(i.SetSysClockTo72) for SetSysClockTo72
    system_stm32f10x.o(i.SystemCoreClockUpdate) refers to system_stm32f10x.o(.data) for SystemCoreClock
    system_stm32f10x.o(i.SystemInit) refers to system_stm32f10x.o(i.SetSysClock) for SetSysClock
    startup_stm32f10x_hd.o(STACK) refers (Special) to heapauxi.o(.text) for __use_two_region_memory
    startup_stm32f10x_hd.o(HEAP) refers (Special) to heapauxi.o(.text) for __use_two_region_memory
    startup_stm32f10x_hd.o(RESET) refers (Special) to heapauxi.o(.text) for __use_two_region_memory
    startup_stm32f10x_hd.o(RESET) refers to startup_stm32f10x_hd.o(STACK) for __initial_sp
    startup_stm32f10x_hd.o(RESET) refers to startup_stm32f10x_hd.o(.text) for Reset_Handler
    startup_stm32f10x_hd.o(RESET) refers to stm32f10x_it.o(i.NMI_Handler) for NMI_Handler
    startup_stm32f10x_hd.o(RESET) refers to stm32f10x_it.o(i.HardFault_Handler) for HardFault_Handler
    startup_stm32f10x_hd.o(RESET) refers to stm32f10x_it.o(i.MemManage_Handler) for MemManage_Handler
    startup_stm32f10x_hd.o(RESET) refers to stm32f10x_it.o(i.BusFault_Handler) for BusFault_Handler
    startup_stm32f10x_hd.o(RESET) refers to stm32f10x_it.o(i.UsageFault_Handler) for UsageFault_Handler
    startup_stm32f10x_hd.o(RESET) refers to stm32f10x_it.o(i.SVC_Handler) for SVC_Handler
    startup_stm32f10x_hd.o(RESET) refers to stm32f10x_it.o(i.DebugMon_Handler) for DebugMon_Handler
    startup_stm32f10x_hd.o(RESET) refers to stm32f10x_it.o(i.PendSV_Handler) for PendSV_Handler
    startup_stm32f10x_hd.o(RESET) refers to stm32f10x_it.o(i.SysTick_Handler) for SysTick_Handler
    startup_stm32f10x_hd.o(RESET) refers to run_exti.o(i.EXTI0_IRQHandler) for EXTI0_IRQHandler
    startup_stm32f10x_hd.o(RESET) refers to run_exti.o(i.EXTI1_IRQHandler) for EXTI1_IRQHandler
    startup_stm32f10x_hd.o(RESET) refers to run_exti.o(i.EXTI2_IRQHandler) for EXTI2_IRQHandler
    startup_stm32f10x_hd.o(RESET) refers to run_exti.o(i.EXTI3_IRQHandler) for EXTI3_IRQHandler
    startup_stm32f10x_hd.o(RESET) refers to run_exti.o(i.EXTI4_IRQHandler) for EXTI4_IRQHandler
    startup_stm32f10x_hd.o(RESET) refers to run_can.o(i.USB_LP_CAN1_RX0_IRQHandler) for USB_LP_CAN1_RX0_IRQHandler
    startup_stm32f10x_hd.o(RESET) refers to run_exti.o(i.EXTI9_5_IRQHandler) for EXTI9_5_IRQHandler
    startup_stm32f10x_hd.o(RESET) refers to run_isr.o(i.TIM1_UP_IRQHandler) for TIM1_UP_IRQHandler
    startup_stm32f10x_hd.o(RESET) refers to run_isr.o(i.TIM2_IRQHandler) for TIM2_IRQHandler
    startup_stm32f10x_hd.o(RESET) refers to run_isr.o(i.TIM3_IRQHandler) for TIM3_IRQHandler
    startup_stm32f10x_hd.o(RESET) refers to run_isr.o(i.TIM4_IRQHandler) for TIM4_IRQHandler
    startup_stm32f10x_hd.o(RESET) refers to run_isr.o(i.USART1_IRQHandler) for USART1_IRQHandler
    startup_stm32f10x_hd.o(RESET) refers to run_isr.o(i.USART2_IRQHandler) for USART2_IRQHandler
    startup_stm32f10x_hd.o(RESET) refers to run_isr.o(i.USART3_IRQHandler) for USART3_IRQHandler
    startup_stm32f10x_hd.o(RESET) refers to run_exti.o(i.EXTI15_10_IRQHandler) for EXTI15_10_IRQHandler
    startup_stm32f10x_hd.o(RESET) refers to run_isr.o(i.TIM8_UP_IRQHandler) for TIM8_UP_IRQHandler
    startup_stm32f10x_hd.o(RESET) refers to run_isr.o(i.TIM5_IRQHandler) for TIM5_IRQHandler
    startup_stm32f10x_hd.o(RESET) refers to run_isr.o(i.UART4_IRQHandler) for UART4_IRQHandler
    startup_stm32f10x_hd.o(RESET) refers to run_isr.o(i.UART5_IRQHandler) for UART5_IRQHandler
    startup_stm32f10x_hd.o(RESET) refers to run_isr.o(i.TIM6_IRQHandler) for TIM6_IRQHandler
    startup_stm32f10x_hd.o(RESET) refers to run_isr.o(i.TIM7_IRQHandler) for TIM7_IRQHandler
    startup_stm32f10x_hd.o(.text) refers (Special) to heapauxi.o(.text) for __use_two_region_memory
    startup_stm32f10x_hd.o(.text) refers to system_stm32f10x.o(i.SystemInit) for SystemInit
    startup_stm32f10x_hd.o(.text) refers to __main.o(!!!main) for __main
    startup_stm32f10x_hd.o(.text) refers to startup_stm32f10x_hd.o(HEAP) for Heap_Mem
    startup_stm32f10x_hd.o(.text) refers to startup_stm32f10x_hd.o(STACK) for Stack_Mem
    stm32f10x_adc.o(i.ADC_DeInit) refers to stm32f10x_rcc.o(i.RCC_APB2PeriphResetCmd) for RCC_APB2PeriphResetCmd
    stm32f10x_bkp.o(i.BKP_DeInit) refers to stm32f10x_rcc.o(i.RCC_BackupResetCmd) for RCC_BackupResetCmd
    stm32f10x_can.o(i.CAN_DeInit) refers to stm32f10x_rcc.o(i.RCC_APB1PeriphResetCmd) for RCC_APB1PeriphResetCmd
    stm32f10x_can.o(i.CAN_GetITStatus) refers to stm32f10x_can.o(i.CheckITStatus) for CheckITStatus
    stm32f10x_cec.o(i.CEC_DeInit) refers to stm32f10x_rcc.o(i.RCC_APB1PeriphResetCmd) for RCC_APB1PeriphResetCmd
    stm32f10x_dac.o(i.DAC_DeInit) refers to stm32f10x_rcc.o(i.RCC_APB1PeriphResetCmd) for RCC_APB1PeriphResetCmd
[...]
    Removing run_gpio.o(i.RUN_gpio_get), (52 bytes).
    Removing run_gpio.o(i.RUN_gpio_toggle), (52 bytes).
    Removing run_uart.o(i.RUN_uart_getchar), (44 bytes).
    Removing run_uart.o(i.RUN_uart_putbuff), (28 bytes).
    Removing run_uart.o(i.RUN_uart_putstr), (26 bytes).
    Removing run_uart.o(i.RUN_uart_query), (32 bytes).
    Removing run_isr.o(i.TIM6_DAC_IRQHandler), (8 bytes).
    Removing run_timer.o(i.RUN_timer_cmd), (76 bytes).
    Removing run_pwm.o(i.RUN_pwm_freq), (104 bytes).
    Removing run_exti.o(i.RUN_exti_init), (388 bytes).
    Removing run_exti.o(i.RUN_get_pin_source), (30 bytes).
    Removing run_exti.o(i.RUN_get_port_source), (104 bytes).
    Removing run_softi2c.o(i.RUN_I2C_Init), (34 bytes).
    Removing run_softi2c.o(i.RUN_I2C_ReadByte), (128 bytes).
    Removing run_softi2c.o(i.RUN_I2C_ReadReg), (88 bytes).
    Removing run_softi2c.o(i.RUN_I2C_SendByte), (80 bytes).
    Removing run_softi2c.o(i.RUN_I2C_Start), (46 bytes).
    Removing run_softi2c.o(i.RUN_I2C_Stop), (50 bytes).
    Removing run_softi2c.o(i.RUN_I2C_WaitAck), (72 bytes).
    Removing run_softi2c.o(i.RUN_I2C_WriteReg), (70 bytes).
    Removing run_softi2c.o(i.i2c_delay), (10 bytes).
    Removing run_adc.o(i.RUN_ADC_ConfigPin), (258 bytes).
    Removing run_adc.o(i.RUN_ADC_Get_Average), (36 bytes).
    Removing run_adc.o(i.RUN_ADC_Get_Value), (168 bytes).
    Removing run_adc.o(i.RUN_ADC_Init), (160 bytes).
    Removing run_flash.o(i.RUN_Flash_Read), (40 bytes).
    Removing run_flash.o(i.RUN_Flash_Write), (128 bytes).
    Removing run_flash.o(.bss), (2048 bytes).
    Removing run_onewire.o(i.OW_IO_IN), (36 bytes).
    Removing run_onewire.o(i.OW_IO_OUT), (44 bytes).
    Removing run_onewire.o(i.RUN_OneWire_Init), (180 bytes).
    Removing run_onewire.o(i.RUN_OneWire_ReadBit), (88 bytes).
    Removing run_onewire.o(i.RUN_OneWire_ReadByte), (34 bytes).
    Removing run_onewire.o(i.RUN_OneWire_Reset), (140 bytes).
    Removing run_onewire.o(i.RUN_OneWire_WriteBit), (84 bytes).
    Removing run_onewire.o(i.RUN_OneWire_WriteByte), (28 bytes).
    Removing run_onewire.o(.data), (12 bytes).
    Removing run_dac.o(i.RUN_DAC_Init), (180 bytes).
    Removing run_dac.o(i.RUN_DAC_Set_Value), (36 bytes).
    Removing run_dac.o(i.RUN_DAC_Set_Vol), (76 bytes).
    Removing run_dma.o(i.RUN_DMA_Config), (156 bytes).
    Removing run_dma.o(i.RUN_DMA_Disable), (10 bytes).
    Removing run_dma.o(i.RUN_DMA_Enable), (22 bytes).
    Removing run_dma.o(i.RUN_DMA_GetCurrDataCounter), (8 bytes).
    Removing run_can.o(i.CAN_GetPinNumber), (34 bytes).
    Removing run_can.o(i.RUN_can_init), (836 bytes).
    Removing run_can.o(i.RUN_can_send_msg), (288 bytes).
    Removing run_can.o(.constdata), (108 bytes).
    Removing run_mpu6050.o(i.MPU6050_Get_Accel), (76 bytes).
    Removing run_mpu6050.o(i.MPU6050_Get_Accel_Real), (88 bytes).
    Removing run_mpu6050.o(i.MPU6050_Get_Gyro), (76 bytes).
    Removing run_mpu6050.o(i.MPU6050_Get_Gyro_Real), (88 bytes).
    Removing run_mpu6050.o(i.MPU6050_Get_Temp), (64 bytes).
    Removing run_mpu6050.o(i.MPU6050_Init), (88 bytes).
    Removing run_mpu6050.o(i.MPU_Read_Block), (114 bytes).
    Removing run_at24c02.o(i.AT24C02_Init), (28 bytes).
    Removing run_at24c02.o(i.AT24C02_ReadByte), (84 bytes).
    Removing run_at24c02.o(i.AT24C02_WriteByte), (70 bytes).
    Removing run_w25q64.o(i.RUN_W25Q_Erase_Chip), (40 bytes).
    Removing run_w25q64.o(i.RUN_W25Q_Erase_Sector), (76 bytes).
    Removing run_w25q64.o(i.RUN_W25Q_Read), (92 bytes).
    Removing run_w25q64.o(i.RUN_W25Q_Write), (192 bytes).
    Removing run_w25q64.o(i.W25Q_WaitForWriteEnd), (48 bytes).
    Removing run_w25q64.o(i.W25Q_WriteEnable), (28 bytes).
    Removing run_w25q64.o(i.W25Q_Write_Page), (108 bytes).
    Removing run_ds18b20.o(i.RUN_DS18B20_GetTemp), (78 bytes).
    Removing run_ds18b20.o(i.RUN_DS18B20_Init), (16 bytes).
    Removing run_moter_brushed.o(i.RUN_Car_Init), (50 bytes).
    Removing run_moter_brushed.o(i.RUN_Car_Set2), (36 bytes).
    Removing run_moter_brushed.o(i.RUN_Car_Set4), (62 bytes).
    Removing run_moter_brushed.o(i.RUN_Car_Stop), (30 bytes).
    Removing run_moter_brushed.o(i._Motor_Run_Single), (76 bytes).
    Removing run_moter_stepper.o(i.RUN_Step_Init), (28 bytes).
    Removing run_moter_stepper.o(i.RUN_Step_SetSpeed), (74 bytes).
    Removing run_imu_getangle.o(i.RUN_CF_Update), (276 bytes).
    Removing run_imu_getangle.o(i.RUN_IMU_Reset), (64 bytes).
    Removing run_imu_getangle.o(i.RUN_IMU_Update), (1484 bytes).
    Removing run_imu_getangle.o(.data), (40 bytes).
    Removing run_pid.o(i.Limit_Range), (40 bytes).
    Removing run_pid.o(i.RUN_PID_Inc_Calc), (142 bytes).
    Removing run_pid.o(i.RUN_PID_Inc_Init), (24 bytes).
    Removing run_pid.o(i.RUN_PID_Inc_Reset), (12 bytes).
    Removing run_pid.o(i.RUN_PID_Pos_Calc), (128 bytes).
    Removing run_pid.o(i.RUN_PID_Pos_Init), (28 bytes).
    Removing run_pid.o(i.RUN_PID_Pos_Reset), (12 bytes).
    Removing run_str.o(i.RUN_Str_GetFloatArray), (244 bytes).
    Removing run_str.o(i.RUN_Str_GetIntArray), (140 bytes).

553 unused section(s) (total 30364 bytes) removed from the image.

==============================================================================

Image Symbol Table

    Local Symbols

    Symbol Name                              Value     Ov Type        Size  Object(Section)

    ../clib/angel/boardlib.s                 0x00000000   Number         0  boardinit3.o ABSOLUTE
    ../clib/angel/boardlib.s                 0x00000000   Number         0  boardinit1.o ABSOLUTE
    ../clib/angel/boardlib.s                 0x00000000   Number         0  boardinit2.o ABSOLUTE
    ../clib/angel/boardlib.s                 0x00000000   Number         0  boardshut.o ABSOLUTE
    ../clib/angel/handlers.s                 0x00000000   Number         0  __scatter_copy.o ABSOLUTE
    ../clib/angel/handlers.s                 0x00000000   Number         0  __scatter_zi.o ABSOLUTE
    ../clib/angel/kernel.s                   0x00000000   Number         0  rtexit.o ABSOLUTE
    ../clib/angel/kernel.s                   0x00000000   Number         0  rtexit2.o ABSOLUTE
    ../clib/angel/kernel.s                   0x00000000   Number         0  __rtentry.o ABSOLUTE
    ../clib/angel/kernel.s                   0x00000000   Number         0  __rtentry2.o ABSOLUTE
    ../clib/angel/kernel.s                   0x00000000   Number         0  __rtentry4.o ABSOLUTE
    ../clib/angel/rt.s                       0x00000000   Number         0  rt_raise.o ABSOLUTE
    ../clib/angel/rt.s                       0x00000000   Number         0  rt_errno_addr.o ABSOLUTE
    ../clib/angel/rt.s                       0x00000000   Number         0  rt_errno_addr_intlibspace.o ABSOLUTE
    ../clib/angel/scatter.s                  0x00000000   Number         0  __scatter.o ABSOLUTE
    ../clib/angel/startup.s                  0x00000000   Number         0  __main.o ABSOLUTE
    ../clib/angel/sys.s                      0x00000000   Number         0  indicate_semi.o ABSOLUTE
    ../clib/angel/sys.s                      0x00000000   Number         0  use_no_semi_2.o ABSOLUTE
    ../clib/angel/sys.s                      0x00000000   Number         0  use_no_semi.o ABSOLUTE
    ../clib/angel/sys.s                      0x00000000   Number         0  libspace.o ABSOLUTE
    ../clib/angel/sys.s                      0x00000000   Number         0  sys_stackheap_outer.o ABSOLUTE
    ../clib/angel/sysapp.c                   0x00000000   Number         0  sys_command.o ABSOLUTE
    ../clib/angel/sysapp.c                   0x00000000   Number         0  sys_wrch.o ABSOLUTE
    ../clib/armsys.c                         0x00000000   Number         0  no_argv.o ABSOLUTE
    ../clib/armsys.c                         0x00000000   Number         0  _get_argv_nomalloc.o ABSOLUTE
    ../clib/armsys.c                         0x00000000   Number         0  argv_veneer.o ABSOLUTE
    ../clib/armsys.c                         0x00000000   Number         0  argv_veneer.o ABSOLUTE
    ../clib/fenv.c                           0x00000000   Number         0  _rserrno.o ABSOLUTE
    ../clib/heapalloc.c                      0x00000000   Number         0  hrguard.o ABSOLUTE
    ../clib/heapaux.c                        0x00000000   Number         0  heapauxi.o ABSOLUTE
    ../clib/libinit.s                        0x00000000   Number         0  libshutdown2.o ABSOLUTE
    ../clib/libinit.s                        0x00000000   Number         0  libinit.o ABSOLUTE
    ../clib/libinit.s                        0x00000000   Number         0  libshutdown.o ABSOLUTE
    ../clib/libinit.s                        0x00000000   Number         0  libinit2.o ABSOLUTE
    ../clib/memcpset.s                       0x00000000   Number         0  rt_memcpy_w.o ABSOLUTE
    ../clib/memcpset.s                       0x00000000   Number         0  rt_memclr.o ABSOLUTE
    ../clib/memcpset.s                       0x00000000   Number         0  rt_memcpy_v6.o ABSOLUTE
    ../clib/memcpset.s                       0x00000000   Number         0  rt_memclr_w.o ABSOLUTE
    ../clib/printf.c                         0x00000000   Number         0  _printf_char.o ABSOLUTE
    ../clib/printf.c                         0x00000000   Number         0  __printf_flags_wp.o ABSOLUTE
    ../clib/printf.c                         0x00000000   Number         0  __printf_flags_ss.o ABSOLUTE
    ../clib/printf.c                         0x00000000   Number         0  _printf_char_common.o ABSOLUTE
    ../clib/printf.c                         0x00000000   Number         0  __printf_wp.o ABSOLUTE
    ../clib/printf.c                         0x00000000   Number         0  _printf_dec.o ABSOLUTE
    ../clib/printf.c                         0x00000000   Number         0  _printf_str.o ABSOLUTE
    ../clib/printf.c                         0x00000000   Number         0  __printf.o ABSOLUTE
    ../clib/printf.c                         0x00000000   Number         0  noretval__2printf.o ABSOLUTE
    ../clib/printf.c                         0x00000000   Number         0  __printf_flags.o ABSOLUTE
    ../clib/printf.c                         0x00000000   Number         0  __2printf.o ABSOLUTE
    ../clib/printf.c                         0x00000000   Number         0  __printf_ss.o ABSOLUTE
    ../clib/printf.c                         0x00000000   Number         0  __printf_nopercent.o ABSOLUTE
    ../clib/printf.c                         0x00000000   Number         0  _printf_char_file.o ABSOLUTE
    ../clib/printf.c                         0x00000000   Number         0  _printf_intcommon.o ABSOLUTE
    ../clib/printf.c                         0x00000000   Number         0  __printf_flags_ss_wp.o ABSOLUTE
    ../clib/printf.c                         0x00000000   Number         0  __printf_ss_wp.o ABSOLUTE
    ../clib/printf_percent.s                 0x00000000   Number         0  _printf_percent.o ABSOLUTE
    ../clib/printf_percent.s                 0x00000000   Number         0  _printf_percent_end.o ABSOLUTE
    ../clib/printf_percent.s                 0x00000000   Number         0  _printf_s.o ABSOLUTE
    ../clib/printf_percent.s                 0x00000000   Number         0  _printf_d.o ABSOLUTE
    ../clib/signal.c                         0x00000000   Number         0  defsig_rtmem_formal.o ABSOLUTE
    ../clib/signal.c                         0x00000000   Number         0  defsig_fpe_inner.o ABSOLUTE
    ../clib/signal.c                         0x00000000   Number         0  defsig_exit.o ABSOLUTE
    ../clib/signal.c                         0x00000000   Number         0  defsig_rtmem_inner.o ABSOLUTE
    ../clib/signal.c                         0x00000000   Number         0  defsig_rtmem_outer.o ABSOLUTE
    ../clib/signal.c                         0x00000000   Number         0  defsig_cppl_inner.o ABSOLUTE
    ../clib/signal.c                         0x00000000   Number         0  defsig_general.o ABSOLUTE
    ../clib/signal.c                         0x00000000   Number         0  defsig_pvfn_inner.o ABSOLUTE
    ../clib/signal.c                         0x00000000   Number         0  defsig_stak_inner.o ABSOLUTE
    ../clib/signal.c                         0x00000000   Number         0  defsig_rtred_inner.o ABSOLUTE
    ../clib/signal.c                         0x00000000   Number         0  defsig_segv_inner.o ABSOLUTE
    ../clib/signal.c                         0x00000000   Number         0  defsig_abrt_inner.o ABSOLUTE
    ../clib/signal.c                         0x00000000   Number         0  defsig_other.o ABSOLUTE
    ../clib/signal.c                         0x00000000   Number         0  __raise.o ABSOLUTE
    ../clib/signal.s                         0x00000000   Number         0  defsig.o ABSOLUTE
    ../clib/stdio.c                          0x00000000   Number         0  ferror.o ABSOLUTE
    ../clib/stdio.c                          0x00000000   Number         0  ferror_locked.o ABSOLUTE
    ../clib/stdlib.c                         0x00000000   Number         0  exit.o ABSOLUTE
    ../clib/string.c                         0x00000000   Number         0  strlen.o ABSOLUTE
    ../fplib/faddsub.s                       0x00000000   Number         0  faddsub_clz.o ABSOLUTE
    ../fplib/fcheck1.s                       0x00000000   Number         0  fcheck1.o ABSOLUTE
    ../fplib/fcmpi.s                         0x00000000   Number         0  fcmpi.o ABSOLUTE
    ../fplib/fdiv.s                          0x00000000   Number         0  fdiv.o ABSOLUTE
    ../fplib/ffixu.s                         0x00000000   Number         0  ffixu.o ABSOLUTE
    ../fplib/fflt.s                          0x00000000   Number         0  fflt_clz.o ABSOLUTE
    ../fplib/fleqf.s                         0x00000000   Number         0  fleqf.o ABSOLUTE
    ../fplib/fmul.s                          0x00000000   Number         0  fmul.o ABSOLUTE
    ../fplib/fnaninf.s                       0x00000000   Number         0  fnaninf.o ABSOLUTE
    ../fplib/fpinit.s                        0x00000000   Number         0  fpinit.o ABSOLUTE
    ../fplib/fretinf.s                       0x00000000   Number         0  fretinf.o ABSOLUTE
    ../fplib/frleqf.s                        0x00000000   Number         0  frleqf.o ABSOLUTE
    ../fplib/fsqrt.s                         0x00000000   Number         0  fsqrt.o ABSOLUTE
    ../fplib/retnan.s                        0x00000000   Number         0  retnan.o ABSOLUTE
    ../fplib/scalbnf.s                       0x00000000   Number         0  scalbnf.o ABSOLUTE
    ../fplib/trapv.s                         0x00000000   Number         0  trapv.o ABSOLUTE
    ../fplib/usenofp.s                       0x00000000   Number         0  usenofp.o ABSOLUTE
    ../mathlib/asinf.c                       0x00000000   Number         0  asinf_x.o ABSOLUTE
    ../mathlib/asinf.c                       0x00000000   Number         0  asinf.o ABSOLUTE
    ../mathlib/atan2f.c                      0x00000000   Number         0  atan2f_x.o ABSOLUTE
    ../mathlib/atan2f.c                      0x00000000   Number         0  atan2f.o ABSOLUTE
    ../mathlib/fpclassifyf.c                 0x00000000   Number         0  fpclassifyf.o ABSOLUTE
    ../mathlib/funder.c                      0x00000000   Number         0  funder.o ABSOLUTE
    ../mathlib/sqrtf.c                       0x00000000   Number         0  sqrtf.o ABSOLUTE
    ../mathlib/sqrtf.c                       0x00000000   Number         0  sqrtf_x.o ABSOLUTE
    Library\misc.c                           0x00000000   Number         0  misc.o ABSOLUTE
    Library\stm32f10x_adc.c                  0x00000000   Number         0  stm32f10x_adc.o ABSOLUTE
    Library\stm32f10x_bkp.c                  0x00000000   Number         0  stm32f10x_bkp.o ABSOLUTE
    Library\stm32f10x_can.c                  0x00000000   Number         0  stm32f10x_can.o ABSOLUTE
    Library\stm32f10x_cec.c                  0x00000000   Number         0  stm32f10x_cec.o ABSOLUTE
    Library\stm32f10x_crc.c                  0x00000000   Number         0  stm32f10x_crc.o ABSOLUTE
    Library\stm32f10x_dac.c                  0x00000000   Number         0  stm32f10x_dac.o ABSOLUTE
    Library\stm32f10x_dbgmcu.c               0x00000000   Number         0  stm32f10x_dbgmcu.o ABSOLUTE
    Library\stm32f10x_dma.c                  0x00000000   Number         0  stm32f10x_dma.o ABSOLUTE
    Library\stm32f10x_exti.c                 0x00000000   Number         0  stm32f10x_exti.o ABSOLUTE
    Library\stm32f10x_flash.c                0x00000000   Number         0  stm32f10x_flash.o ABSOLUTE
    Library\stm32f10x_fsmc.c                 0x00000000   Number         0  stm32f10x_fsmc.o ABSOLUTE
    Library\stm32f10x_gpio.c                 0x00000000   Number         0  stm32f10x_gpio.o ABSOLUTE
    Library\stm32f10x_i2c.c                  0x00000000   Number         0  stm32f10x_i2c.o ABSOLUTE
    Library\stm32f10x_iwdg.c                 0x00000000   Number         0  stm32f10x_iwdg.o ABSOLUTE
    Library\stm32f10x_pwr.c                  0x00000000   Number         0  stm32f10x_pwr.o ABSOLUTE
    Library\stm32f10x_rcc.c                  0x00000000   Number         0  stm32f10x_rcc.o ABSOLUTE
    Library\stm32f10x_rtc.c                  0x00000000   Number         0  stm32f10x_rtc.o ABSOLUTE
    Library\stm32f10x_sdio.c                 0x00000000   Number         0  stm32f10x_sdio.o ABSOLUTE
    Library\stm32f10x_spi.c                  0x00000000   Number         0  stm32f10x_spi.o ABSOLUTE
    Library\stm32f10x_tim.c                  0x00000000   Number         0  stm32f10x_tim.o ABSOLUTE
    Library\stm32f10x_usart.c                0x00000000   Number         0  stm32f10x_usart.o ABSOLUTE
    Library\stm32f10x_wwdg.c                 0x00000000   Number         0  stm32f10x_wwdg.o ABSOLUTE
    Library_Algorithm_Run\RUN_IMU_GetAngle.c 0x00000000   Number         0  run_imu_getangle.o ABSOLUTE
    Library_Algorithm_Run\RUN_PID.c          0x00000000   Number         0  run_pid.o ABSOLUTE
    Library_Algorithm_Run\RUN_Str.c          0x00000000   Number         0  run_str.o ABSOLUTE
    Library_Device_RUN\RUN_AT24C02.c         0x00000000   Number         0  run_at24c02.o ABSOLUTE
    Library_Device_RUN\RUN_DS18B20.c         0x00000000   Number         0  run_ds18b20.o ABSOLUTE
    Library_Device_RUN\RUN_MPU6050.c         0x00000000   Number         0  run_mpu6050.o ABSOLUTE
    Library_Device_RUN\RUN_Moter_Brushed.c   0x00000000   Number         0  run_moter_brushed.o ABSOLUTE
    Library_Device_RUN\RUN_Moter_Stepper.c   0x00000000   Number         0  run_moter_stepper.o ABSOLUTE
    Library_Device_RUN\RUN_W25Q64.c          0x00000000   Number         0  run_w25q64.o ABSOLUTE
    Library_RUN\RUN_ADC.c                    0x00000000   Number         0  run_adc.o ABSOLUTE
    Library_RUN\RUN_CAN.c                    0x00000000   Number         0  run_can.o ABSOLUTE
    Library_RUN\RUN_DAC.c                    0x00000000   Number         0  run_dac.o ABSOLUTE
    Library_RUN\RUN_DMA.c                    0x00000000   Number         0  run_dma.o ABSOLUTE
    Library_RUN\RUN_Delay.c                  0x00000000   Number         0  run_delay.o ABSOLUTE
    Library_RUN\RUN_Exti.c                   0x00000000   Number         0  run_exti.o ABSOLUTE
    Library_RUN\RUN_Flash.c                  0x00000000   Number         0  run_flash.o ABSOLUTE
    Library_RUN\RUN_Gpio.c                   0x00000000   Number         0  run_gpio.o ABSOLUTE
    Library_RUN\RUN_Isr.c                    0x00000000   Number         0  run_isr.o ABSOLUTE
    Library_RUN\RUN_OneWire.c                0x00000000   Number         0  run_onewire.o ABSOLUTE
    Library_RUN\RUN_PWM.c                    0x00000000   Number         0  run_pwm.o ABSOLUTE
    Library_RUN\RUN_SPI.c                    0x00000000   Number         0  run_spi.o ABSOLUTE
    Library_RUN\RUN_SoftI2C.c                0x00000000   Number         0  run_softi2c.o ABSOLUTE
    Library_RUN\RUN_Timer.c                  0x00000000   Number         0  run_timer.o ABSOLUTE
    Library_RUN\RUN_UART.c                   0x00000000   Number         0  run_uart.o ABSOLUTE
    Start\\core_cm3.c                        0x00000000   Number         0  core_cm3.o ABSOLUTE
    Start\core_cm3.c                         0x00000000   Number         0  core_cm3.o ABSOLUTE
    Start\startup_stm32f10x_hd.s             0x00000000   Number         0  startup_stm32f10x_hd.o ABSOLUTE
    Start\system_stm32f10x.c                 0x00000000   Number         0  system_stm32f10x.o ABSOLUTE
    User\main.c                              0x00000000   Number         0  main.o ABSOLUTE
    User\stm32f10x_it.c                      0x00000000   Number         0  stm32f10x_it.o ABSOLUTE
    dc.s                                     0x00000000   Number         0  dc.o ABSOLUTE
    RESET                                    0x08000000   Section      304  startup_stm32f10x_hd.o(RESET)
    !!!main                                  0x08000130   Section        8  __main.o(!!!main)
    !!!scatter                               0x08000138   Section       52  __scatter.o(!!!scatter)
    !!handler_copy                           0x0800016c   Section       26  __scatter_copy.o(!!handler_copy)
    !!handler_zi                             0x08000188   Section       28  __scatter_zi.o(!!handler_zi)
    .ARM.Collect$$_printf_percent$$00000000  0x080001a4   Section        0  _printf_percent.o(.ARM.Collect$$_printf_percent$$00000000)
    .ARM.Collect$$_printf_percent$$00000009  0x080001a4   Section        6  _printf_d.o(.ARM.Collect$$_printf_percent$$00000009)
    .ARM.Collect$$_printf_percent$$00000014  0x080001aa   Section        6  _printf_s.o(.ARM.Collect$$_printf_percent$$00000014)
    .ARM.Collect$$_printf_percent$$00000017  0x080001b0   Section        4  _printf_percent_end.o(.ARM.Collect$$_printf_percent$$00000017)
    .ARM.Collect$$libinit$$00000000          0x080001b4   Section        2  libinit.o(.ARM.Collect$$libinit$$00000000)
    .ARM.Collect$$libinit$$00000002          0x080001b6   Section        0  libinit2.o(.ARM.Collect$$libinit$$00000002)
    .ARM.Collect$$libinit$$00000004          0x080001b6   Section        0  libinit2.o(.ARM.Collect$$libinit$$00000004)
    .ARM.Collect$$libinit$$0000000A          0x080001b6   Section        0  libinit2.o(.ARM.Collect$$libinit$$0000000A)
    .ARM.Collect$$libinit$$0000000C          0x080001b6   Section        0  libinit2.o(.ARM.Collect$$libinit$$0000000C)
    .ARM.Collect$$libinit$$0000000E          0x080001b6   Section        0  libinit2.o(.ARM.Collect$$libinit$$0000000E)
    .ARM.Collect$$libinit$$00000011          0x080001b6   Section        0  libinit2.o(.ARM.Collect$$libinit$$00000011)
    .ARM.Collect$$libinit$$00000013          0x080001b6   Section        0  libinit2.o(.ARM.Collect$$libinit$$00000013)
    .ARM.Collect$$libinit$$00000015          0x080001b6   Section        0  libinit2.o(.ARM.Collect$$libinit$$00000015)
    .ARM.Collect$$libinit$$00000017          0x080001b6   Section        0  libinit2.o(.ARM.Collect$$libinit$$00000017)
    .ARM.Collect$$libinit$$00000019          0x080001b6   Section        0  libinit2.o(.ARM.Collect$$libinit$$00000019)
    .ARM.Collect$$libinit$$0000001B          0x080001b6   Section        0  libinit2.o(.ARM.Collect$$libinit$$0000001B)
    .ARM.Collect$$libinit$$0000001D          0x080001b6   Section        0  libinit2.o(.ARM.Collect$$libinit$$0000001D)
    .ARM.Collect$$libinit$$0000001F          0x080001b6   Section        0  libinit2.o(.ARM.Collect$$libinit$$0000001F)
    .ARM.Collect$$libinit$$00000021          0x080001b6   Section        0  libinit2.o(.ARM.Collect$$libinit$$00000021)
    .ARM.Collect$$libinit$$00000023          0x080001b6   Section        0  libinit2.o(.ARM.Collect$$libinit$$00000023)
    .ARM.Collect$$libinit$$00000025          0x080001b6   Section        0  libinit2.o(.ARM.Collect$$libinit$$00000025)
    .ARM.Collect$$libinit$$0000002C          0x080001b6   Section        0  libinit2.o(.ARM.Collect$$libinit$$0000002C)
    .ARM.Collect$$libinit$$0000002E          0x080001b6   Section        0  libinit2.o(.ARM.Collect$$libinit$$0000002E)
    .ARM.Collect$$libinit$$00000030          0x080001b6   Section        0  libinit2.o(.ARM.Collect$$libinit$$00000030)
    .ARM.Collect$$libinit$$00000032          0x080001b6   Section        0  libinit2.o(.ARM.Collect$$libinit$$00000032)
    .ARM.Collect$$libinit$$00000033          0x080001b6   Section        2  libinit2.o(.ARM.Collect$$libinit$$00000033)
    .ARM.Collect$$libshutdown$$00000000      0x080001b8   Section        2  libshutdown.o(.ARM.Collect$$libshutdown$$00000000)
    .ARM.Collect$$libshutdown$$00000002      0x080001ba   Section        0  libshutdown2.o(.ARM.Collect$$libshutdown$$00000002)
    .ARM.Collect$$libshutdown$$00000004      0x080001ba   Section        0  libshutdown2.o(.ARM.Collect$$libshutdown$$00000004)
    .ARM.Collect$$libshutdown$$00000007      0x080001ba   Section        0  libshutdown2.o(.ARM.Collect$$libshutdown$$00000007)
    .ARM.Collect$$libshutdown$$0000000A      0x080001ba   Section        0  libshutdown2.o(.ARM.Collect$$libshutdown$$0000000A)
    .ARM.Collect$$libshutdown$$0000000C      0x080001ba   Section        0  libshutdown2.o(.ARM.Collect$$libshutdown$$0000000C)
    .ARM.Collect$$libshutdown$$0000000F      0x080001ba   Section        0  libshutdown2.o(.ARM.Collect$$libshutdown$$0000000F)
    .ARM.Collect$$libshutdown$$00000010      0x080001ba   Section        2  libshutdown2.o(.ARM.Collect$$libshutdown$$00000010)
    .ARM.Collect$$rtentry$$00000000          0x080001bc   Section        0  __rtentry.o(.ARM.Collect$$rtentry$$00000000)
    .ARM.Collect$$rtentry$$00000002          0x080001bc   Section        0  __rtentry2.o(.ARM.Collect$$rtentry$$00000002)
    .ARM.Collect$$rtentry$$00000004          0x080001bc   Section        6  __rtentry4.o(.ARM.Collect$$rtentry$$00000004)
    .ARM.Collect$$rtentry$$00000009          0x080001c2   Section        0  __rtentry2.o(.ARM.Collect$$rtentry$$00000009)
    .ARM.Collect$$rtentry$$0000000A          0x080001c2   Section        4  __rtentry2.o(.ARM.Collect$$rtentry$$0000000A)
    .ARM.Collect$$rtentry$$0000000C          0x080001c6   Section        0  __rtentry2.o(.ARM.Collect$$rtentry$$0000000C)
    .ARM.Collect$$rtentry$$0000000D          0x080001c6   Section        8  __rtentry2.o(.ARM.Collect$$rtentry$$0000000D)
    .ARM.Collect$$rtexit$$00000000           0x080001ce   Section        2  rtexit.o(.ARM.Collect$$rtexit$$00000000)
    .ARM.Collect$$rtexit$$00000002           0x080001d0   Section        0  rtexit2.o(.ARM.Collect$$rtexit$$00000002)
    .ARM.Collect$$rtexit$$00000003           0x080001d0   Section        4  rtexit2.o(.ARM.Collect$$rtexit$$00000003)
    .ARM.Collect$$rtexit$$00000004           0x080001d4   Section        6  rtexit2.o(.ARM.Collect$$rtexit$$00000004)
    .text                                    0x080001dc   Section       64  startup_stm32f10x_hd.o(.text)
    .text                                    0x0800021c   Section        2  use_no_semi_2.o(.text)
    .text                                    0x08000220   Section        0  noretval__2printf.o(.text)
    .text                                    0x08000238   Section        0  __printf.o(.text)
    .text                                    0x080002a0   Section        0  _printf_str.o(.text)
    .text                                    0x080002f4   Section        0  _printf_dec.o(.text)
    .text                                    0x0800036c   Section       68  rt_memclr.o(.text)
    .text                                    0x080003b0   Section        0  heapauxi.o(.text)
    .text                                    0x080003b6   Section        2  use_no_semi.o(.text)
    .text                                    0x080003b8   Section        0  _printf_intcommon.o(.text)
    .text                                    0x0800046a   Section        0  _printf_char.o(.text)
    .text                                    0x08000498   Section        0  _printf_char_file.o(.text)
    .text                                    0x080004bc   Section       78  rt_memclr_w.o(.text)
    .text                                    0x0800050c   Section        0  _printf_char_common.o(.text)
    _printf_input_char                       0x0800050d   Thumb Code    10  _printf_char_common.o(.text)
    .text                                    0x0800053c   Section        0  ferror.o(.text)
    .text                                    0x08000544   Section        8  libspace.o(.text)
    .text                                    0x0800054c   Section       74  sys_stackheap_outer.o(.text)
    .text                                    0x08000596   Section        0  exit.o(.text)
    i.BusFault_Handler                       0x080005a8   Section        0  stm32f10x_it.o(i.BusFault_Handler)
    i.DebugMon_Handler                       0x080005ac   Section        0  stm32f10x_it.o(i.DebugMon_Handler)
    i.EXTI0_IRQHandler                       0x080005ae   Section        0  run_exti.o(i.EXTI0_IRQHandler)
    i.EXTI15_10_IRQHandler                   0x080005ba   Section        0  run_exti.o(i.EXTI15_10_IRQHandler)
    i.EXTI1_IRQHandler                       0x080005d4   Section        0  run_exti.o(i.EXTI1_IRQHandler)
    i.EXTI2_IRQHandler                       0x080005e0   Section        0  run_exti.o(i.EXTI2_IRQHandler)
    i.EXTI3_IRQHandler                       0x080005ec   Section        0  run_exti.o(i.EXTI3_IRQHandler)
    i.EXTI4_IRQHandler                       0x080005f8   Section        0  run_exti.o(i.EXTI4_IRQHandler)
    i.EXTI9_5_IRQHandler                     0x08000604   Section        0  run_exti.o(i.EXTI9_5_IRQHandler)
    i.GPIO_ResetBits                         0x0800061e   Section        0  stm32f10x_gpio.o(i.GPIO_ResetBits)
    i.GPIO_SetBits                           0x08000622   Section        0  stm32f10x_gpio.o(i.GPIO_SetBits)
    i.Get_SPIx                               0x08000628   Section        0  run_spi.o(i.Get_SPIx)
    Get_SPIx                                 0x08000629   Thumb Code    24  run_spi.o(i.Get_SPIx)
    i.HardFault_Handler                      0x0800064c   Section        0  stm32f10x_it.o(i.HardFault_Handler)
    i.MemManage_Handler                      0x08000650   Section        0  stm32f10x_it.o(i.MemManage_Handler)
    i.NMI_Handler                            0x08000654   Section        0  stm32f10x_it.o(i.NMI_Handler)
    i.NVIC_PriorityGroupConfig               0x08000658   Section        0  misc.o(i.NVIC_PriorityGroupConfig)
    i.PendSV_Handler                         0x0800066c   Section        0  stm32f10x_it.o(i.PendSV_Handler)
    i.RUN_EXTI_Handler                       0x08000670   Section        0  run_exti.o(i.RUN_EXTI_Handler)
    RUN_EXTI_Handler                         0x08000671   Thumb Code    36  run_exti.o(i.RUN_EXTI_Handler)
    i.RUN_SPI_GPIO_Config                    0x0800069c   Section        0  run_spi.o(i.RUN_SPI_GPIO_Config)
    RUN_SPI_GPIO_Config                      0x0800069d   Thumb Code    50  run_spi.o(i.RUN_SPI_GPIO_Config)
    i.RUN_SPI_Init                           0x080006d0   Section        0  run_spi.o(i.RUN_SPI_Init)
    i.RUN_SPI_ReadByte                       0x08000888   Section        0  run_spi.o(i.RUN_SPI_ReadByte)
    i.RUN_SPI_ReadWriteByte                  0x08000896   Section        0  run_spi.o(i.RUN_SPI_ReadWriteByte)
    i.RUN_SPI_SetSpeed                       0x080008ec   Section        0  run_spi.o(i.RUN_SPI_SetSpeed)
    i.RUN_SPI_WriteByte                      0x08000932   Section        0  run_spi.o(i.RUN_SPI_WriteByte)
    i.RUN_TIM6_Handler_Core                  0x08000944   Section        0  run_isr.o(i.RUN_TIM6_Handler_Core)
    i.RUN_W25Q_Init                          0x08000964   Section        0  run_w25q64.o(i.RUN_W25Q_Init)
    i.RUN_W25Q_ReadID                        0x080009b8   Section        0  run_w25q64.o(i.RUN_W25Q_ReadID)
    i.RUN_delay_init                         0x08000a0c   Section        0  run_delay.o(i.RUN_delay_init)
    i.RUN_delay_ms                           0x08000a30   Section        0  run_delay.o(i.RUN_delay_ms)
    i.RUN_delay_us                           0x08000a48   Section        0  run_delay.o(i.RUN_delay_us)
    i.RUN_gpio_init                          0x08000a94   Section        0  run_gpio.o(i.RUN_gpio_init)
    i.RUN_gpio_set                           0x08000b84   Section        0  run_gpio.o(i.RUN_gpio_set)
    i.RUN_pwm_init                           0x08000bc8   Section        0  run_pwm.o(i.RUN_pwm_init)
    i.RUN_pwm_set                            0x08001098   Section        0  run_pwm.o(i.RUN_pwm_set)
    i.RUN_timer_init                         0x0800111c   Section        0  run_timer.o(i.RUN_timer_init)
    i.RUN_uart_init                          0x0800126c   Section        0  run_uart.o(i.RUN_uart_init)
    i.RUN_uart_putchar                       0x080013c4   Section        0  run_uart.o(i.RUN_uart_putchar)
    i.SVC_Handler                            0x080013f0   Section        0  stm32f10x_it.o(i.SVC_Handler)
    i.SetSysClock                            0x080013f2   Section        0  system_stm32f10x.o(i.SetSysClock)
    SetSysClock                              0x080013f3   Thumb Code     8  system_stm32f10x.o(i.SetSysClock)
    i.SetSysClockTo72                        0x080013fc   Section        0  system_stm32f10x.o(i.SetSysClockTo72)
    SetSysClockTo72                          0x080013fd   Thumb Code   214  system_stm32f10x.o(i.SetSysClockTo72)
    i.SysTick_CLKSourceConfig                0x080014dc   Section        0  misc.o(i.SysTick_CLKSourceConfig)
    i.SysTick_Handler                        0x08001504   Section        0  stm32f10x_it.o(i.SysTick_Handler)
    i.SystemInit                             0x08001508   Section        0  system_stm32f10x.o(i.SystemInit)
    i.TIM1_Callback                          0x08001568   Section        0  run_isr.o(i.TIM1_Callback)
    i.TIM1_UP_IRQHandler                     0x0800156c   Section        0  run_isr.o(i.TIM1_UP_IRQHandler)
    i.TIM2_Callback                          0x0800158c   Section        0  run_isr.o(i.TIM2_Callback)
    i.TIM2_IRQHandler                        0x0800158e   Section        0  run_isr.o(i.TIM2_IRQHandler)
    i.TIM3_Callback                          0x080015a8   Section        0  run_isr.o(i.TIM3_Callback)
    i.TIM3_IRQHandler                        0x080015ac   Section        0  run_isr.o(i.TIM3_IRQHandler)
    i.TIM4_Callback                          0x080015cc   Section        0  run_isr.o(i.TIM4_Callback)
    i.TIM4_IRQHandler                        0x080015d0   Section        0  run_isr.o(i.TIM4_IRQHandler)
    i.TIM5_Callback                          0x080015f0   Section        0  run_isr.o(i.TIM5_Callback)
    i.TIM5_IRQHandler                        0x080015f4   Section        0  run_isr.o(i.TIM5_IRQHandler)
    i.TIM6_Callback                          0x08001614   Section        0  run_isr.o(i.TIM6_Callback)
    i.TIM6_IRQHandler                        0x08001616   Section        0  run_isr.o(i.TIM6_IRQHandler)
    i.TIM7_Callback                          0x0800161e   Section        0  run_isr.o(i.TIM7_Callback)
    i.TIM7_IRQHandler                        0x08001620   Section        0  run_isr.o(i.TIM7_IRQHandler)
    i.TIM8_Callback                          0x08001640   Section        0  run_isr.o(i.TIM8_Callback)
    i.TIM8_UP_IRQHandler                     0x08001644   Section        0  run_isr.o(i.TIM8_UP_IRQHandler)
    i.TIM_ClearITPendingBit                  0x08001664   Section        0  stm32f10x_tim.o(i.TIM_ClearITPendingBit)
    i.TIM_GetITStatus                        0x0800166a   Section        0  stm32f10x_tim.o(i.TIM_GetITStatus)
    i.UART4_IRQHandler                       0x0800168c   Section        0  run_isr.o(i.UART4_IRQHandler)
    i.UART5_IRQHandler                       0x080016b8   Section        0  run_isr.o(i.UART5_IRQHandler)
    i.USART1_IRQHandler                      0x080016e4   Section        0  run_isr.o(i.USART1_IRQHandler)
    i.USART2_IRQHandler                      0x08001710   Section        0  run_isr.o(i.USART2_IRQHandler)
    i.USART3_IRQHandler                      0x0800173c   Section        0  run_isr.o(i.USART3_IRQHandler)
    i.USART_ClearITPendingBit                0x08001768   Section        0  stm32f10x_usart.o(i.USART_ClearITPendingBit)
    i.USART_GetITStatus                      0x08001786   Section        0  stm32f10x_usart.o(i.USART_GetITStatus)
    i.USART_ReceiveData                      0x080017da   Section        0  stm32f10x_usart.o(i.USART_ReceiveData)
    i.USB_LP_CAN1_RX0_IRQHandler             0x080017e4   Section        0  run_can.o(i.USB_LP_CAN1_RX0_IRQHandler)
    i.UsageFault_Handler                     0x0800183c   Section        0  stm32f10x_it.o(i.UsageFault_Handler)
    i.W25Q_CS_HIGH                           0x08001840   Section        0  run_w25q64.o(i.W25Q_CS_HIGH)
    W25Q_CS_HIGH                             0x08001841   Thumb Code    16  run_w25q64.o(i.W25Q_CS_HIGH)
    i.W25Q_CS_LOW                            0x08001858   Section        0  run_w25q64.o(i.W25Q_CS_LOW)
    W25Q_CS_LOW                              0x08001859   Thumb Code    16  run_w25q64.o(i.W25Q_CS_LOW)
    i._sys_exit                              0x08001870   Section        0  run_uart.o(i._sys_exit)
    i.fputc                                  0x08001874   Section        0  run_uart.o(i.fputc)
    i.get_uart_irqn                          0x08001888   Section        0  run_uart.o(i.get_uart_irqn)
    get_uart_irqn                            0x08001889   Thumb Code    56  run_uart.o(i.get_uart_irqn)
    i.main                                   0x080018d4   Section        0  main.o(i.main)
    i.uart1_rx_interrupt                     0x08001994   Section        0  run_isr.o(i.uart1_rx_interrupt)
    i.uart2_rx_interrupt                     0x08001a28   Section        0  run_isr.o(i.uart2_rx_interrupt)
    i.uart3_rx_interrupt                     0x08001abc   Section        0  run_isr.o(i.uart3_rx_interrupt)
    i.uart4_rx_interrupt                     0x08001b50   Section        0  run_isr.o(i.uart4_rx_interrupt)
    i.uart5_rx_interrupt                     0x08001be4   Section        0  run_isr.o(i.uart5_rx_interrupt)
    i.uart_gpio_config                       0x08001c78   Section        0  run_uart.o(i.uart_gpio_config)
    uart_gpio_config                         0x08001c79   Thumb Code    94  run_uart.o(i.uart_gpio_config)
    .constdata                               0x08001cd8   Section     1344  run_gpio.o(.constdata)
    .constdata                               0x08002218   Section      360  run_uart.o(.constdata)
    .constdata                               0x08002380   Section       96  run_timer.o(.constdata)
    .constdata                               0x080023e0   Section     1280  run_pwm.o(.constdata)
    .data                                    0x20000000   Section       20  system_stm32f10x.o(.data)
    .data                                    0x20000014   Section        4  run_uart.o(.data)
    .data                                    0x20000018   Section       15  run_isr.o(.data)
    RxState                                  0x2000001d   Data           1  run_isr.o(.data)
    pRxIndex                                 0x2000001e   Data           1  run_isr.o(.data)
    RxState                                  0x2000001f   Data           1  run_isr.o(.data)
    pRxIndex                                 0x20000020   Data           1  run_isr.o(.data)
    RxState                                  0x20000021   Data           1  run_isr.o(.data)
    pRxIndex                                 0x20000022   Data           1  run_isr.o(.data)
    RxState                                  0x20000023   Data           1  run_isr.o(.data)
    pRxIndex                                 0x20000024   Data           1  run_isr.o(.data)
    RxState                                  0x20000025   Data           1  run_isr.o(.data)
    pRxIndex                                 0x20000026   Data           1  run_isr.o(.data)
    .data                                    0x20000027   Section        1  run_delay.o(.data)
    fac_us                                   0x20000027   Data           1  run_delay.o(.data)
    .data                                    0x20000028   Section        9  run_can.o(.data)
    .data                                    0x20000034   Section       10  run_w25q64.o(.data)
    g_W25Q_SPI_PORT                          0x20000034   Data           1  run_w25q64.o(.data)
    g_W25Q_CS_PORT                           0x20000038   Data           4  run_w25q64.o(.data)
    g_W25Q_CS_PIN                            0x2000003c   Data           2  run_w25q64.o(.data)
    .bss                                     0x20000040   Section      500  run_isr.o(.bss)
    .bss                                     0x20000234   Section       64  run_exti.o(.bss)
    exti_callbacks                           0x20000234   Data          64  run_exti.o(.bss)
    .bss                                     0x20000274   Section       96  libspace.o(.bss)
    HEAP                                     0x200002d8   Section      512  startup_stm32f10x_hd.o(HEAP)
    Heap_Mem                                 0x200002d8   Data         512  startup_stm32f10x_hd.o(HEAP)
    STACK                                    0x200004d8   Section     1024  startup_stm32f10x_hd.o(STACK)
    Stack_Mem                                0x200004d8   Data        1024  startup_stm32f10x_hd.o(STACK)
    __initial_sp                             0x200008d8   Data           0  startup_stm32f10x_hd.o(STACK)

    Global Symbols

    Symbol Name                              Value     Ov Type        Size  Object(Section)

    BuildAttributes$$THM_ISAv4$P$D$K$B$S$PE$A:L22UL41UL21$X:L11$S22US41US21$IEEE1$IW$USESV6$~STKCKD$USESV7$~SHL$OTIME$ROPI$IEEEX$EBA8$UX$STANDARDLIB$REQ8$PRES8$EABIv2 0x00000000   Number         0  anon$$obj.o ABSOLUTE
    __ARM_use_no_argv                        0x00000000   Number         0  main.o ABSOLUTE
    __ARM_exceptions_init                     - Undefined Weak Reference
    __alloca_initialize                       - Undefined Weak Reference
    __arm_preinit_                            - Undefined Weak Reference
    __cpp_initialize__aeabi_                  - Undefined Weak Reference
    __cxa_finalize                            - Undefined Weak Reference
    __rt_locale                               - Undefined Weak Reference
    __sigvec_lookup                           - Undefined Weak Reference
    _atexit_init                              - Undefined Weak Reference
    _call_atexit_fns                          - Undefined Weak Reference
    _clock_init                               - Undefined Weak Reference
    _fp_trap_init                             - Undefined Weak Reference
    _fp_trap_shutdown                         - Undefined Weak Reference
    _get_lc_collate                           - Undefined Weak Reference
    _get_lc_ctype                             - Undefined Weak Reference
    _get_lc_monetary                          - Undefined Weak Reference
    _get_lc_numeric                           - Undefined Weak Reference
    _get_lc_time                              - Undefined Weak Reference
    _getenv_init                              - Undefined Weak Reference
    _handle_redirection                       - Undefined Weak Reference
    _init_alloc                               - Undefined Weak Reference
    _init_user_alloc                          - Undefined Weak Reference
    _initio                                   - Undefined Weak Reference
    _mutex_acquire                            - Undefined Weak Reference
    _mutex_release                            - Undefined Weak Reference
    _printf_mbtowc                            - Undefined Weak Reference
    _printf_post_padding                      - Undefined Weak Reference
    _printf_pre_padding                       - Undefined Weak Reference
    _printf_truncate_signed                   - Undefined Weak Reference
    _printf_truncate_unsigned                 - Undefined Weak Reference
    _rand_init                                - Undefined Weak Reference
    _signal_finish                            - Undefined Weak Reference
    _signal_init                              - Undefined Weak Reference
    _terminate_alloc                          - Undefined Weak Reference
    _terminate_user_alloc                     - Undefined Weak Reference
    _terminateio                              - Undefined Weak Reference
    __Vectors_Size                           0x00000130   Number         0  startup_stm32f10x_hd.o ABSOLUTE
    __Vectors                                0x08000000   Data           4  startup_stm32f10x_hd.o(RESET)
    __Vectors_End                            0x08000130   Data           0  startup_stm32f10x_hd.o(RESET)
    __main                                   0x08000131   Thumb Code     8  __main.o(!!!main)
    __scatterload                            0x08000139   Thumb Code     0  __scatter.o(!!!scatter)
    __scatterload_rt2                        0x08000139   Thumb Code    44  __scatter.o(!!!scatter)
    __scatterload_rt2_thumb_only             0x08000139   Thumb Code     0  __scatter.o(!!!scatter)
    __scatterload_null                       0x08000147   Thumb Code     0  __scatter.o(!!!scatter)
    __scatterload_copy                       0x0800016d   Thumb Code    26  __scatter_copy.o(!!handler_copy)
    __scatterload_zeroinit                   0x08000189   Thumb Code    28  __scatter_zi.o(!!handler_zi)
    _printf_d                                0x080001a5   Thumb Code     0  _printf_d.o(.ARM.Collect$$_printf_percent$$00000009)
    _printf_percent                          0x080001a5   Thumb Code     0  _printf_percent.o(.ARM.Collect$$_printf_percent$$00000000)
    _printf_s                                0x080001ab   Thumb Code     0  _printf_s.o(.ARM.Collect$$_printf_percent$$00000014)
    _printf_percent_end                      0x080001b1   Thumb Code     0  _printf_percent_end.o(.ARM.Collect$$_printf_percent$$00000017)
    __rt_lib_init                            0x080001b5   Thumb Code     0  libinit.o(.ARM.Collect$$libinit$$00000000)
    __rt_lib_init_alloca_1                   0x080001b7   Thumb Code     0  libinit2.o(.ARM.Collect$$libinit$$0000002E)
    __rt_lib_init_argv_1                     0x080001b7   Thumb Code     0  libinit2.o(.ARM.Collect$$libinit$$0000002C)
    __rt_lib_init_atexit_1                   0x080001b7   Thumb Code     0  libinit2.o(.ARM.Collect$$libinit$$0000001B)
    __rt_lib_init_clock_1                    0x080001b7   Thumb Code     0  libinit2.o(.ARM.Collect$$libinit$$00000021)
    __rt_lib_init_cpp_1                      0x080001b7   Thumb Code     0  libinit2.o(.ARM.Collect$$libinit$$00000032)
    __rt_lib_init_exceptions_1               0x080001b7   Thumb Code     0  libinit2.o(.ARM.Collect$$libinit$$00000030)
    __rt_lib_init_fp_1                       0x080001b7   Thumb Code     0  libinit2.o(.ARM.Collect$$libinit$$00000002)
    __rt_lib_init_fp_trap_1                  0x080001b7   Thumb Code     0  libinit2.o(.ARM.Collect$$libinit$$0000001F)
    __rt_lib_init_getenv_1                   0x080001b7   Thumb Code     0  libinit2.o(.ARM.Collect$$libinit$$00000023)
    __rt_lib_init_heap_1                     0x080001b7   Thumb Code     0  libinit2.o(.ARM.Collect$$libinit$$0000000A)
    __rt_lib_init_lc_collate_1               0x080001b7   Thumb Code     0  libinit2.o(.ARM.Collect$$libinit$$00000011)
    __rt_lib_init_lc_ctype_1                 0x080001b7   Thumb Code     0  libinit2.o(.ARM.Collect$$libinit$$00000013)
    __rt_lib_init_lc_monetary_1              0x080001b7   Thumb Code     0  libinit2.o(.ARM.Collect$$libinit$$00000015)
    __rt_lib_init_lc_numeric_1               0x080001b7   Thumb Code     0  libinit2.o(.ARM.Collect$$libinit$$00000017)
    __rt_lib_init_lc_time_1                  0x080001b7   Thumb Code     0  libinit2.o(.ARM.Collect$$libinit$$00000019)
    __rt_lib_init_preinit_1                  0x080001b7   Thumb Code     0  libinit2.o(.ARM.Collect$$libinit$$00000004)
    __rt_lib_init_rand_1                     0x080001b7   Thumb Code     0  libinit2.o(.ARM.Collect$$libinit$$0000000E)
    __rt_lib_init_return                     0x080001b7   Thumb Code     0  libinit2.o(.ARM.Collect$$libinit$$00000033)
    __rt_lib_init_signal_1                   0x080001b7   Thumb Code     0  libinit2.o(.ARM.Collect$$libinit$$0000001D)
    __rt_lib_init_stdio_1                    0x080001b7   Thumb Code     0  libinit2.o(.ARM.Collect$$libinit$$00000025)
    __rt_lib_init_user_alloc_1               0x080001b7   Thumb Code     0  libinit2.o(.ARM.Collect$$libinit$$0000000C)
    __rt_lib_shutdown                        0x080001b9   Thumb Code     0  libshutdown.o(.ARM.Collect$$libshutdown$$00000000)
    __rt_lib_shutdown_cpp_1                  0x080001bb   Thumb Code     0  libshutdown2.o(.ARM.Collect$$libshutdown$$00000002)
    __rt_lib_shutdown_fp_trap_1              0x080001bb   Thumb Code     0  libshutdown2.o(.ARM.Collect$$libshutdown$$00000007)
    __rt_lib_shutdown_heap_1                 0x080001bb   Thumb Code     0  libshutdown2.o(.ARM.Collect$$libshutdown$$0000000F)
    __rt_lib_shutdown_return                 0x080001bb   Thumb Code     0  libshutdown2.o(.ARM.Collect$$libshutdown$$00000010)
    __rt_lib_shutdown_signal_1               0x080001bb   Thumb Code     0  libshutdown2.o(.ARM.Collect$$libshutdown$$0000000A)
    __rt_lib_shutdown_stdio_1                0x080001bb   Thumb Code     0  libshutdown2.o(.ARM.Collect$$libshutdown$$00000004)
    __rt_lib_shutdown_user_alloc_1           0x080001bb   Thumb Code     0  libshutdown2.o(.ARM.Collect$$libshutdown$$0000000C)
    __rt_entry                               0x080001bd   Thumb Code     0  __rtentry.o(.ARM.Collect$$rtentry$$00000000)
    __rt_entry_presh_1                       0x080001bd   Thumb Code     0  __rtentry2.o(.ARM.Collect$$rtentry$$00000002)
    __rt_entry_sh                            0x080001bd   Thumb Code     0  __rtentry4.o(.ARM.Collect$$rtentry$$00000004)
    __rt_entry_li                            0x080001c3   Thumb Code     0  __rtentry2.o(.ARM.Collect$$rtentry$$0000000A)
    __rt_entry_postsh_1                      0x080001c3   Thumb Code     0  __rtentry2.o(.ARM.Collect$$rtentry$$00000009)
    __rt_entry_main                          0x080001c7   Thumb Code     0  __rtentry2.o(.ARM.Collect$$rtentry$$0000000D)
    __rt_entry_postli_1                      0x080001c7   Thumb Code     0  __rtentry2.o(.ARM.Collect$$rtentry$$0000000C)
    __rt_exit                                0x080001cf   Thumb Code     0  rtexit.o(.ARM.Collect$$rtexit$$00000000)
    __rt_exit_ls                             0x080001d1   Thumb Code     0  rtexit2.o(.ARM.Collect$$rtexit$$00000003)
    __rt_exit_prels_1                        0x080001d1   Thumb Code     0  rtexit2.o(.ARM.Collect$$rtexit$$00000002)
    __rt_exit_exit                           0x080001d5   Thumb Code     0  rtexit2.o(.ARM.Collect$$rtexit$$00000004)
    Reset_Handler                            0x080001dd   Thumb Code     8  startup_stm32f10x_hd.o(.text)
    ADC1_2_IRQHandler                        0x080001f7   Thumb Code     0  startup_stm32f10x_hd.o(.text)
    ADC3_IRQHandler                          0x080001f7   Thumb Code     0  startup_stm32f10x_hd.o(.text)
    CAN1_RX1_IRQHandler                      0x080001f7   Thumb Code     0  startup_stm32f10x_hd.o(.text)
    CAN1_SCE_IRQHandler                      0x080001f7   Thumb Code     0  startup_stm32f10x_hd.o(.text)
    DMA1_Channel1_IRQHandler                 0x080001f7   Thumb Code     0  startup_stm32f10x_hd.o(.text)
    DMA1_Channel2_IRQHandler                 0x080001f7   Thumb Code     0  startup_stm32f10x_hd.o(.text)
    DMA1_Channel3_IRQHandler                 0x080001f7   Thumb Code     0  startup_stm32f10x_hd.o(.text)
    DMA1_Channel4_IRQHandler                 0x080001f7   Thumb Code     0  startup_stm32f10x_hd.o(.text)
    DMA1_Channel5_IRQHandler                 0x080001f7   Thumb Code     0  startup_stm32f10x_hd.o(.text)
    DMA1_Channel6_IRQHandler                 0x080001f7   Thumb Code     0  startup_stm32f10x_hd.o(.text)
    DMA1_Channel7_IRQHandler                 0x080001f7   Thumb Code     0  startup_stm32f10x_hd.o(.text)
    DMA2_Channel1_IRQHandler                 0x080001f7   Thumb Code     0  startup_stm32f10x_hd.o(.text)
    DMA2_Channel2_IRQHandler                 0x080001f7   Thumb Code     0  startup_stm32f10x_hd.o(.text)
    DMA2_Channel3_IRQHandler                 0x080001f7   Thumb Code     0  startup_stm32f10x_hd.o(.text)
    DMA2_Channel4_5_IRQHandler               0x080001f7   Thumb Code     0  startup_stm32f10x_hd.o(.text)
    FLASH_IRQHandler                         0x080001f7   Thumb Code     0  startup_stm32f10x_hd.o(.text)
    FSMC_IRQHandler                          0x080001f7   Thumb Code     0  startup_stm32f10x_hd.o(.text)
    I2C1_ER_IRQHandler                       0x080001f7   Thumb Code     0  startup_stm32f10x_hd.o(.text)
    I2C1_EV_IRQHandler                       0x080001f7   Thumb Code     0  startup_stm32f10x_hd.o(.text)
    I2C2_ER_IRQHandler                       0x080001f7   Thumb Code     0  startup_stm32f10x_hd.o(.text)
    I2C2_EV_IRQHandler                       0x080001f7   Thumb Code     0  startup_stm32f10x_hd.o(.text)
    PVD_IRQHandler                           0x080001f7   Thumb Code     0  startup_stm32f10x_hd.o(.text)
    RCC_IRQHandler                           0x080001f7   Thumb Code     0  startup_stm32f10x_hd.o(.text)
    RTCAlarm_IRQHandler                      0x080001f7   Thumb Code     0  startup_stm32f10x_hd.o(.text)
    RTC_IRQHandler                           0x080001f7   Thumb Code     0  startup_stm32f10x_hd.o(.text)
    SDIO_IRQHandler                          0x080001f7   Thumb Code     0  startup_stm32f10x_hd.o(.text)
    SPI1_IRQHandler                          0x080001f7   Thumb Code     0  startup_stm32f10x_hd.o(.text)
    SPI2_IRQHandler                          0x080001f7   Thumb Code     0  startup_stm32f10x_hd.o(.text)
    SPI3_IRQHandler                          0x080001f7   Thumb Code     0  startup_stm32f10x_hd.o(.text)
    TAMPER_IRQHandler                        0x080001f7   Thumb Code     0  startup_stm32f10x_hd.o(.text)
    TIM1_BRK_IRQHandler                      0x080001f7   Thumb Code     0  startup_stm32f10x_hd.o(.text)
    TIM1_CC_IRQHandler                       0x080001f7   Thumb Code     0  startup_stm32f10x_hd.o(.text)
    TIM1_TRG_COM_IRQHandler                  0x080001f7   Thumb Code     0  startup_stm32f10x_hd.o(.text)
    TIM8_BRK_IRQHandler                      0x080001f7   Thumb Code     0  startup_stm32f10x_hd.o(.text)
    TIM8_CC_IRQHandler                       0x080001f7   Thumb Code     0  startup_stm32f10x_hd.o(.text)
    TIM8_TRG_COM_IRQHandler                  0x080001f7   Thumb Code     0  startup_stm32f10x_hd.o(.text)
    USBWakeUp_IRQHandler                     0x080001f7   Thumb Code     0  startup_stm32f10x_hd.o(.text)
    USB_HP_CAN1_TX_IRQHandler                0x080001f7   Thumb Code     0  startup_stm32f10x_hd.o(.text)
    WWDG_IRQHandler                          0x080001f7   Thumb Code     0  startup_stm32f10x_hd.o(.text)
    __user_initial_stackheap                 0x080001f9   Thumb Code     0  startup_stm32f10x_hd.o(.text)
    __use_no_semihosting                     0x0800021d   Thumb Code     2  use_no_semi_2.o(.text)
    __2printf                                0x08000221   Thumb Code    20  noretval__2printf.o(.text)
    __printf                                 0x08000239   Thumb Code   104  __printf.o(.text)
    _printf_str                              0x080002a1   Thumb Code    82  _printf_str.o(.text)
    _printf_int_dec                          0x080002f5   Thumb Code   104  _printf_dec.o(.text)
    __aeabi_memclr                           0x0800036d   Thumb Code     0  rt_memclr.o(.text)
    __rt_memclr                              0x0800036d   Thumb Code    68  rt_memclr.o(.text)
    _memset                                  0x08000371   Thumb Code     0  rt_memclr.o(.text)
    __use_two_region_memory                  0x080003b1   Thumb Code     2  heapauxi.o(.text)
    __rt_heap_escrow$2region                 0x080003b3   Thumb Code     2  heapauxi.o(.text)
    __rt_heap_expand$2region                 0x080003b5   Thumb Code     2  heapauxi.o(.text)
    __I$use$semihosting                      0x080003b7   Thumb Code     0  use_no_semi.o(.text)
    __use_no_semihosting_swi                 0x080003b7   Thumb Code     2  use_no_semi.o(.text)
    _printf_int_common                       0x080003b9   Thumb Code   178  _printf_intcommon.o(.text)
    _printf_cs_common                        0x0800046b   Thumb Code    20  _printf_char.o(.text)
    _printf_char                             0x0800047f   Thumb Code    16  _printf_char.o(.text)
    _printf_string                           0x0800048f   Thumb Code     8  _printf_char.o(.text)
    _printf_char_file                        0x08000499   Thumb Code    32  _printf_char_file.o(.text)
    __aeabi_memclr4                          0x080004bd   Thumb Code     0  rt_memclr_w.o(.text)
    __aeabi_memclr8                          0x080004bd   Thumb Code     0  rt_memclr_w.o(.text)
    __rt_memclr_w                            0x080004bd   Thumb Code    78  rt_memclr_w.o(.text)
    _memset_w                                0x080004c1   Thumb Code     0  rt_memclr_w.o(.text)
    _printf_char_common                      0x08000517   Thumb Code    32  _printf_char_common.o(.text)
    ferror                                   0x0800053d   Thumb Code     8  ferror.o(.text)
    __user_libspace                          0x08000545   Thumb Code     8  libspace.o(.text)
    __user_perproc_libspace                  0x08000545   Thumb Code     0  libspace.o(.text)
    __user_perthread_libspace                0x08000545   Thumb Code     0  libspace.o(.text)
    __user_setup_stackheap                   0x0800054d   Thumb Code    74  sys_stackheap_outer.o(.text)
    exit                                     0x08000597   Thumb Code    18  exit.o(.text)
    BusFault_Handler                         0x080005a9   Thumb Code     4  stm32f10x_it.o(i.BusFault_Handler)
    DebugMon_Handler                         0x080005ad   Thumb Code     2  stm32f10x_it.o(i.DebugMon_Handler)
    EXTI0_IRQHandler                         0x080005af   Thumb Code    12  run_exti.o(i.EXTI0_IRQHandler)
    EXTI15_10_IRQHandler                     0x080005bb   Thumb Code    26  run_exti.o(i.EXTI15_10_IRQHandler)
    EXTI1_IRQHandler                         0x080005d5   Thumb Code    12  run_exti.o(i.EXTI1_IRQHandler)
    EXTI2_IRQHandler                         0x080005e1   Thumb Code    12  run_exti.o(i.EXTI2_IRQHandler)
    EXTI3_IRQHandler                         0x080005ed   Thumb Code    12  run_exti.o(i.EXTI3_IRQHandler)
    EXTI4_IRQHandler                         0x080005f9   Thumb Code    12  run_exti.o(i.EXTI4_IRQHandler)
    EXTI9_5_IRQHandler                       0x08000605   Thumb Code    26  run_exti.o(i.EXTI9_5_IRQHandler)
    GPIO_ResetBits                           0x0800061f   Thumb Code     4  stm32f10x_gpio.o(i.GPIO_ResetBits)
    GPIO_SetBits                             0x08000623   Thumb Code     4  stm32f10x_gpio.o(i.GPIO_SetBits)
    HardFault_Handler                        0x0800064d   Thumb Code     4  stm32f10x_it.o(i.HardFault_Handler)
    MemManage_Handler                        0x08000651   Thumb Code     4  stm32f10x_it.o(i.MemManage_Handler)
    NMI_Handler                              0x08000655   Thumb Code     2  stm32f10x_it.o(i.NMI_Handler)
    NVIC_PriorityGroupConfig                 0x08000659   Thumb Code    10  misc.o(i.NVIC_PriorityGroupConfig)
    PendSV_Handler                           0x0800066d   Thumb Code     2  stm32f10x_it.o(i.PendSV_Handler)
    RUN_SPI_Init                             0x080006d1   Thumb Code   418  run_spi.o(i.RUN_SPI_Init)
    RUN_SPI_ReadByte                         0x08000889   Thumb Code    14  run_spi.o(i.RUN_SPI_ReadByte)
    RUN_SPI_ReadWriteByte                    0x08000897   Thumb Code    86  run_spi.o(i.RUN_SPI_ReadWriteByte)
    RUN_SPI_SetSpeed                         0x080008ed   Thumb Code    70  run_spi.o(i.RUN_SPI_SetSpeed)
    RUN_SPI_WriteByte                        0x08000933   Thumb Code    16  run_spi.o(i.RUN_SPI_WriteByte)
    RUN_TIM6_Handler_Core                    0x08000945   Thumb Code    26  run_isr.o(i.RUN_TIM6_Handler_Core)
    RUN_W25Q_Init                            0x08000965   Thumb Code    66  run_w25q64.o(i.RUN_W25Q_Init)
    RUN_W25Q_ReadID                          0x080009b9   Thumb Code    78  run_w25q64.o(i.RUN_W25Q_ReadID)
    RUN_delay_init                           0x08000a0d   Thumb Code    30  run_delay.o(i.RUN_delay_init)
    RUN_delay_ms                             0x08000a31   Thumb Code    24  run_delay.o(i.RUN_delay_ms)
    RUN_delay_us                             0x08000a49   Thumb Code    72  run_delay.o(i.RUN_delay_us)
    RUN_gpio_init                            0x08000a95   Thumb Code   232  run_gpio.o(i.RUN_gpio_init)
    RUN_gpio_set                             0x08000b85   Thumb Code    64  run_gpio.o(i.RUN_gpio_set)
    RUN_pwm_init                             0x08000bc9   Thumb Code  1204  run_pwm.o(i.RUN_pwm_init)
    RUN_pwm_set                              0x08001099   Thumb Code   126  run_pwm.o(i.RUN_pwm_set)
    RUN_timer_init                           0x0800111d   Thumb Code   318  run_timer.o(i.RUN_timer_init)
    RUN_uart_init                            0x0800126d   Thumb Code   322  run_uart.o(i.RUN_uart_init)
    RUN_uart_putchar                         0x080013c5   Thumb Code    38  run_uart.o(i.RUN_uart_putchar)
    SVC_Handler                              0x080013f1   Thumb Code     2  stm32f10x_it.o(i.SVC_Handler)
    SysTick_CLKSourceConfig                  0x080014dd   Thumb Code    40  misc.o(i.SysTick_CLKSourceConfig)
    SysTick_Handler                          0x08001505   Thumb Code     2  stm32f10x_it.o(i.SysTick_Handler)
    SystemInit                               0x08001509   Thumb Code    78  system_stm32f10x.o(i.SystemInit)
    TIM1_Callback                            0x08001569   Thumb Code     2  run_isr.o(i.TIM1_Callback)
    TIM1_UP_IRQHandler                       0x0800156d   Thumb Code    26  run_isr.o(i.TIM1_UP_IRQHandler)
    TIM2_Callback                            0x0800158d   Thumb Code     2  run_isr.o(i.TIM2_Callback)
    TIM2_IRQHandler                          0x0800158f   Thumb Code    26  run_isr.o(i.TIM2_IRQHandler)
    TIM3_Callback                            0x080015a9   Thumb Code     2  run_isr.o(i.TIM3_Callback)
    TIM3_IRQHandler                          0x080015ad   Thumb Code    26  run_isr.o(i.TIM3_IRQHandler)
    TIM4_Callback                            0x080015cd   Thumb Code     2  run_isr.o(i.TIM4_Callback)
    TIM4_IRQHandler                          0x080015d1   Thumb Code    26  run_isr.o(i.TIM4_IRQHandler)
    TIM5_Callback                            0x080015f1   Thumb Code     2  run_isr.o(i.TIM5_Callback)
    TIM5_IRQHandler                          0x080015f5   Thumb Code    26  run_isr.o(i.TIM5_IRQHandler)
    TIM6_Callback                            0x08001615   Thumb Code     2  run_isr.o(i.TIM6_Callback)
    TIM6_IRQHandler                          0x08001617   Thumb Code     8  run_isr.o(i.TIM6_IRQHandler)
    TIM7_Callback                            0x0800161f   Thumb Code     2  run_isr.o(i.TIM7_Callback)
    TIM7_IRQHandler                          0x08001621   Thumb Code    26  run_isr.o(i.TIM7_IRQHandler)
    TIM8_Callback                            0x08001641   Thumb Code     2  run_isr.o(i.TIM8_Callback)
    TIM8_UP_IRQHandler                       0x08001645   Thumb Code    26  run_isr.o(i.TIM8_UP_IRQHandler)
    TIM_ClearITPendingBit                    0x08001665   Thumb Code     6  stm32f10x_tim.o(i.TIM_ClearITPendingBit)
    TIM_GetITStatus                          0x0800166b   Thumb Code    34  stm32f10x_tim.o(i.TIM_GetITStatus)
    UART4_IRQHandler                         0x0800168d   Thumb Code    40  run_isr.o(i.UART4_IRQHandler)
    UART5_IRQHandler                         0x080016b9   Thumb Code    40  run_isr.o(i.UART5_IRQHandler)
    USART1_IRQHandler                        0x080016e5   Thumb Code    40  run_isr.o(i.USART1_IRQHandler)
    USART2_IRQHandler                        0x08001711   Thumb Code    40  run_isr.o(i.USART2_IRQHandler)
    USART3_IRQHandler                        0x0800173d   Thumb Code    40  run_isr.o(i.USART3_IRQHandler)
    USART_ClearITPendingBit                  0x08001769   Thumb Code    30  stm32f10x_usart.o(i.USART_ClearITPendingBit)
    USART_GetITStatus                        0x08001787   Thumb Code    84  stm32f10x_usart.o(i.USART_GetITStatus)
    USART_ReceiveData                        0x080017db   Thumb Code    10  stm32f10x_usart.o(i.USART_ReceiveData)
    USB_LP_CAN1_RX0_IRQHandler               0x080017e5   Thumb Code    70  run_can.o(i.USB_LP_CAN1_RX0_IRQHandler)
    UsageFault_Handler                       0x0800183d   Thumb Code     4  stm32f10x_it.o(i.UsageFault_Handler)
    _sys_exit                                0x08001871   Thumb Code     4  run_uart.o(i._sys_exit)
    fputc                                    0x08001875   Thumb Code    18  run_uart.o(i.fputc)
    main                                     0x080018d5   Thumb Code   158  main.o(i.main)
    uart1_rx_interrupt                       0x08001995   Thumb Code   132  run_isr.o(i.uart1_rx_interrupt)
    uart2_rx_interrupt                       0x08001a29   Thumb Code   132  run_isr.o(i.uart2_rx_interrupt)
    uart3_rx_interrupt                       0x08001abd   Thumb Code   132  run_isr.o(i.uart3_rx_interrupt)
    uart4_rx_interrupt                       0x08001b51   Thumb Code   132  run_isr.o(i.uart4_rx_interrupt)
    uart5_rx_interrupt                       0x08001be5   Thumb Code   132  run_isr.o(i.uart5_rx_interrupt)
    gpio_cfg                                 0x08001cd8   Data        1344  run_gpio.o(.constdata)
    uart_cfg                                 0x08002218   Data         360  run_uart.o(.constdata)
    timer_cfg                                0x08002380   Data          96  run_timer.o(.constdata)
    pwm_cfg                                  0x080023e0   Data        1280  run_pwm.o(.constdata)
    Region$$Table$$Base                      0x080028e0   Number         0  anon$$obj.o(Region$$Table)
    Region$$Table$$Limit                     0x08002900   Number         0  anon$$obj.o(Region$$Table)
    SystemCoreClock                          0x20000000   Data           4  system_stm32f10x.o(.data)
    AHBPrescTable                            0x20000004   Data          16  system_stm32f10x.o(.data)
    __stdout                                 0x20000014   Data           4  run_uart.o(.data)
    UART1_RxFlag                             0x20000018   Data           1  run_isr.o(.data)
    UART2_RxFlag                             0x20000019   Data           1  run_isr.o(.data)
    UART3_RxFlag                             0x2000001a   Data           1  run_isr.o(.data)
    UART4_RxFlag                             0x2000001b   Data           1  run_isr.o(.data)
    UART5_RxFlag                             0x2000001c   Data           1  run_isr.o(.data)
    CAN_Rx_Buffer                            0x20000028   Data           8  run_can.o(.data)
    CAN_Rx_Flag                              0x20000030   Data           1  run_can.o(.data)
    UART1_RxPacket                           0x20000040   Data         100  run_isr.o(.bss)
    UART2_RxPacket                           0x200000a4   Data         100  run_isr.o(.bss)
    UART3_RxPacket                           0x20000108   Data         100  run_isr.o(.bss)
    UART4_RxPacket                           0x2000016c   Data         100  run_isr.o(.bss)
    UART5_RxPacket                           0x200001d0   Data         100  run_isr.o(.bss)
    __libspace_start                         0x20000274   Data          96  libspace.o(.bss)
    __temporary_stack_top$libspace           0x200002d4   Data           0  libspace.o(.bss)



==============================================================================

Memory Map of the image

  Image Entry point : 0x08000131

  Load Region LR_IROM1 (Base: 0x08000000, Size: 0x00002940, Max: 0x00080000, ABSOLUTE)

    Execution Region ER_IROM1 (Exec base: 0x08000000, Load base: 0x08000000, Size: 0x00002900, Max: 0x00080000, ABSOLUTE)

    Exec Addr    Load Addr    Size         Type   Attr      Idx    E Section Name        Object

    0x08000000   0x08000000   0x00000130   Data   RO          132    RESET               startup_stm32f10x_hd.o
    0x08000130   0x08000130   0x00000008   Code   RO         4546  * !!!main             c_w.l(__main.o)
    0x08000138   0x08000138   0x00000034   Code   RO         4810    !!!scatter          c_w.l(__scatter.o)
    0x0800016c   0x0800016c   0x0000001a   Code   RO         4812    !!handler_copy      c_w.l(__scatter_copy.o)
    0x08000186   0x08000186   0x00000002   PAD
    0x08000188   0x08000188   0x0000001c   Code   RO         4814    !!handler_zi        c_w.l(__scatter_zi.o)
    0x080001a4   0x080001a4   0x00000000   Code   RO         4537    .ARM.Collect$$_printf_percent$$00000000  c_w.l(_printf_percent.o)
    0x080001a4   0x080001a4   0x00000006   Code   RO         4536    .ARM.Collect$$_printf_percent$$00000009  c_w.l(_printf_d.o)
    0x080001aa   0x080001aa   0x00000006   Code   RO         4535    .ARM.Collect$$_printf_percent$$00000014  c_w.l(_printf_s.o)
    0x080001b0   0x080001b0   0x00000004   Code   RO         4609    .ARM.Collect$$_printf_percent$$00000017  c_w.l(_printf_percent_end.o)
    0x080001b4   0x080001b4   0x00000002   Code   RO         4683    .ARM.Collect$$libinit$$00000000  c_w.l(libinit.o)
    0x080001b6   0x080001b6   0x00000000   Code   RO         4689    .ARM.Collect$$libinit$$00000002  c_w.l(libinit2.o)
    0x080001b6   0x080001b6   0x00000000   Code   RO         4691    .ARM.Collect$$libinit$$00000004  c_w.l(libinit2.o)
    0x080001b6   0x080001b6   0x00000000   Code   RO         4694    .ARM.Collect$$libinit$$0000000A  c_w.l(libinit2.o)
    0x080001b6   0x080001b6   0x00000000   Code   RO         4696    .ARM.Collect$$libinit$$0000000C  c_w.l(libinit2.o)
    0x080001b6   0x080001b6   0x00000000   Code   RO         4698    .ARM.Collect$$libinit$$0000000E  c_w.l(libinit2.o)
    0x080001b6   0x080001b6   0x00000000   Code   RO         4701    .ARM.Collect$$libinit$$00000011  c_w.l(libinit2.o)
    0x080001b6   0x080001b6   0x00000000   Code   RO         4703    .ARM.Collect$$libinit$$00000013  c_w.l(libinit2.o)
    0x080001b6   0x080001b6   0x00000000   Code   RO         4705    .ARM.Collect$$libinit$$00000015  c_w.l(libinit2.o)
    0x080001b6   0x080001b6   0x00000000   Code   RO         4707    .ARM.Collect$$libinit$$00000017  c_w.l(libinit2.o)
    0x080001b6   0x080001b6   0x00000000   Code   RO         4709    .ARM.Collect$$libinit$$00000019  c_w.l(libinit2.o)
    0x080001b6   0x080001b6   0x00000000   Code   RO         4711    .ARM.Collect$$libinit$$0000001B  c_w.l(libinit2.o)
    0x080001b6   0x080001b6   0x00000000   Code   RO         4713    .ARM.Collect$$libinit$$0000001D  c_w.l(libinit2.o)
    0x080001b6   0x080001b6   0x00000000   Code   RO         4715    .ARM.Collect$$libinit$$0000001F  c_w.l(libinit2.o)
    0x080001b6   0x080001b6   0x00000000   Code   RO         4717    .ARM.Collect$$libinit$$00000021  c_w.l(libinit2.o)
    0x080001b6   0x080001b6   0x00000000   Code   RO         4719    .ARM.Collect$$libinit$$00000023  c_w.l(libinit2.o)
    0x080001b6   0x080001b6   0x00000000   Code   RO         4721    .ARM.Collect$$libinit$$00000025  c_w.l(libinit2.o)
    0x080001b6   0x080001b6   0x00000000   Code   RO         4725    .ARM.Collect$$libinit$$0000002C  c_w.l(libinit2.o)
    0x080001b6   0x080001b6   0x00000000   Code   RO         4727    .ARM.Collect$$libinit$$0000002E  c_w.l(libinit2.o)
    0x080001b6   0x080001b6   0x00000000   Code   RO         4729    .ARM.Collect$$libinit$$00000030  c_w.l(libinit2.o)
    0x080001b6   0x080001b6   0x00000000   Code   RO         4731    .ARM.Collect$$libinit$$00000032  c_w.l(libinit2.o)
    0x080001b6   0x080001b6   0x00000002   Code   RO         4732    .ARM.Collect$$libinit$$00000033  c_w.l(libinit2.o)
    0x080001b8   0x080001b8   0x00000002   Code   RO         4752    .ARM.Collect$$libshutdown$$00000000  c_w.l(libshutdown.o)
    0x080001ba   0x080001ba   0x00000000   Code   RO         4762    .ARM.Collect$$libshutdown$$00000002  c_w.l(libshutdown2.o)
    0x080001ba   0x080001ba   0x00000000   Code   RO         4764    .ARM.Collect$$libshutdown$$00000004  c_w.l(libshutdown2.o)
    0x080001ba   0x080001ba   0x00000000   Code   RO         4767    .ARM.Collect$$libshutdown$$00000007  c_w.l(libshutdown2.o)
    0x080001ba   0x080001ba   0x00000000   Code   RO         4770    .ARM.Collect$$libshutdown$$0000000A  c_w.l(libshutdown2.o)
    0x080001ba   0x080001ba   0x00000000   Code   RO         4772    .ARM.Collect$$libshutdown$$0000000C  c_w.l(libshutdown2.o)
    0x080001ba   0x080001ba   0x00000000   Code   RO         4775    .ARM.Collect$$libshutdown$$0000000F  c_w.l(libshutdown2.o)
    0x080001ba   0x080001ba   0x00000002   Code   RO         4776    .ARM.Collect$$libshutdown$$00000010  c_w.l(libshutdown2.o)
    0x080001bc   0x080001bc   0x00000000   Code   RO         4600    .ARM.Collect$$rtentry$$00000000  c_w.l(__rtentry.o)
    0x080001bc   0x080001bc   0x00000000   Code   RO         4642    .ARM.Collect$$rtentry$$00000002  c_w.l(__rtentry2.o)
    0x080001bc   0x080001bc   0x00000006   Code   RO         4654    .ARM.Collect$$rtentry$$00000004  c_w.l(__rtentry4.o)
    0x080001c2   0x080001c2   0x00000000   Code   RO         4644    .ARM.Collect$$rtentry$$00000009  c_w.l(__rtentry2.o)
    0x080001c2   0x080001c2   0x00000004   Code   RO         4645    .ARM.Collect$$rtentry$$0000000A  c_w.l(__rtentry2.o)
    0x080001c6   0x080001c6   0x00000000   Code   RO         4647    .ARM.Collect$$rtentry$$0000000C  c_w.l(__rtentry2.o)
    0x080001c6   0x080001c6   0x00000008   Code   RO         4648    .ARM.Collect$$rtentry$$0000000D  c_w.l(__rtentry2.o)
    0x080001ce   0x080001ce   0x00000002   Code   RO         4686    .ARM.Collect$$rtexit$$00000000  c_w.l(rtexit.o)
    0x080001d0   0x080001d0   0x00000000   Code   RO         4736    .ARM.Collect$$rtexit$$00000002  c_w.l(rtexit2.o)
    0x080001d0   0x080001d0   0x00000004   Code   RO         4737    .ARM.Collect$$rtexit$$00000003  c_w.l(rtexit2.o)
    0x080001d4   0x080001d4   0x00000006   Code   RO         4738    .ARM.Collect$$rtexit$$00000004  c_w.l(rtexit2.o)
    0x080001da   0x080001da   0x00000002   PAD
    0x080001dc   0x080001dc   0x00000040   Code   RO          133    .text               startup_stm32f10x_hd.o
    0x0800021c   0x0800021c   0x00000002   Code   RO         4503    .text               c_w.l(use_no_semi_2.o)
    0x0800021e   0x0800021e   0x00000002   PAD
    0x08000220   0x08000220   0x00000018   Code   RO         4507    .text               c_w.l(noretval__2printf.o)
    0x08000238   0x08000238   0x00000068   Code   RO         4509    .text               c_w.l(__printf.o)
    0x080002a0   0x080002a0   0x00000052   Code   RO         4511    .text               c_w.l(_printf_str.o)
    0x080002f2   0x080002f2   0x00000002   PAD
    0x080002f4   0x080002f4   0x00000078   Code   RO         4513    .text               c_w.l(_printf_dec.o)
    0x0800036c   0x0800036c   0x00000044   Code   RO         4542    .text               c_w.l(rt_memclr.o)
    0x080003b0   0x080003b0   0x00000006   Code   RO         4544    .text               c_w.l(heapauxi.o)
    0x080003b6   0x080003b6   0x00000002   Code   RO         4598    .text               c_w.l(use_no_semi.o)
    0x080003b8   0x080003b8   0x000000b2   Code   RO         4603    .text               c_w.l(_printf_intcommon.o)
    0x0800046a   0x0800046a   0x0000002c   Code   RO         4605    .text               c_w.l(_printf_char.o)
    0x08000496   0x08000496   0x00000002   PAD
    0x08000498   0x08000498   0x00000024   Code   RO         4607    .text               c_w.l(_printf_char_file.o)
    0x080004bc   0x080004bc   0x0000004e   Code   RO         4612    .text               c_w.l(rt_memclr_w.o)
    0x0800050a   0x0800050a   0x00000002   PAD
    0x0800050c   0x0800050c   0x00000030   Code   RO         4661    .text               c_w.l(_printf_char_common.o)
    0x0800053c   0x0800053c   0x00000008   Code   RO         4663    .text               c_w.l(ferror.o)
    0x08000544   0x08000544   0x00000008   Code   RO         4669    .text               c_w.l(libspace.o)
    0x0800054c   0x0800054c   0x0000004a   Code   RO         4672    .text               c_w.l(sys_stackheap_outer.o)
    0x08000596   0x08000596   0x00000012   Code   RO         4676    .text               c_w.l(exit.o)
    0x080005a8   0x080005a8   0x00000004   Code   RO         3295    i.BusFault_Handler  stm32f10x_it.o
    0x080005ac   0x080005ac   0x00000002   Code   RO         3296    i.DebugMon_Handler  stm32f10x_it.o
    0x080005ae   0x080005ae   0x0000000c   Code   RO         3792    i.EXTI0_IRQHandler  run_exti.o
    0x080005ba   0x080005ba   0x0000001a   Code   RO         3793    i.EXTI15_10_IRQHandler  run_exti.o
    0x080005d4   0x080005d4   0x0000000c   Code   RO         3794    i.EXTI1_IRQHandler  run_exti.o
    0x080005e0   0x080005e0   0x0000000c   Code   RO         3795    i.EXTI2_IRQHandler  run_exti.o
    0x080005ec   0x080005ec   0x0000000c   Code   RO         3796    i.EXTI3_IRQHandler  run_exti.o
    0x080005f8   0x080005f8   0x0000000c   Code   RO         3797    i.EXTI4_IRQHandler  run_exti.o
    0x08000604   0x08000604   0x0000001a   Code   RO         3798    i.EXTI9_5_IRQHandler  run_exti.o
    0x0800061e   0x0800061e   0x00000004   Code   RO         1354    i.GPIO_ResetBits    stm32f10x_gpio.o
    0x08000622   0x08000622   0x00000004   Code   RO         1355    i.GPIO_SetBits      stm32f10x_gpio.o
    0x08000626   0x08000626   0x00000002   PAD
    0x08000628   0x08000628   0x00000024   Code   RO         3975    i.Get_SPIx          run_spi.o
    0x0800064c   0x0800064c   0x00000004   Code   RO         3297    i.HardFault_Handler  stm32f10x_it.o
    0x08000650   0x08000650   0x00000004   Code   RO         3298    i.MemManage_Handler  stm32f10x_it.o
    0x08000654   0x08000654   0x00000002   Code   RO         3299    i.NMI_Handler       stm32f10x_it.o
    0x08000656   0x08000656   0x00000002   PAD
    0x08000658   0x08000658   0x00000014   Code   RO          138    i.NVIC_PriorityGroupConfig  misc.o
    0x0800066c   0x0800066c   0x00000002   Code   RO         3300    i.PendSV_Handler    stm32f10x_it.o
    0x0800066e   0x0800066e   0x00000002   PAD
    0x08000670   0x08000670   0x0000002c   Code   RO         3799    i.RUN_EXTI_Handler  run_exti.o
    0x0800069c   0x0800069c   0x00000032   Code   RO         3976    i.RUN_SPI_GPIO_Config  run_spi.o
    0x080006ce   0x080006ce   0x00000002   PAD
    0x080006d0   0x080006d0   0x000001b8   Code   RO         3977    i.RUN_SPI_Init      run_spi.o
    0x08000888   0x08000888   0x0000000e   Code   RO         3978    i.RUN_SPI_ReadByte  run_spi.o
    0x08000896   0x08000896   0x00000056   Code   RO         3979    i.RUN_SPI_ReadWriteByte  run_spi.o
    0x080008ec   0x080008ec   0x00000046   Code   RO         3980    i.RUN_SPI_SetSpeed  run_spi.o
    0x08000932   0x08000932   0x00000010   Code   RO         3981    i.RUN_SPI_WriteByte  run_spi.o
    0x08000942   0x08000942   0x00000002   PAD
    0x08000944   0x08000944   0x00000020   Code   RO         3469    i.RUN_TIM6_Handler_Core  run_isr.o
    0x08000964   0x08000964   0x00000054   Code   RO         4245    i.RUN_W25Q_Init     run_w25q64.o
    0x080009b8   0x080009b8   0x00000054   Code   RO         4247    i.RUN_W25Q_ReadID   run_w25q64.o
    0x08000a0c   0x08000a0c   0x00000024   Code   RO         3766    i.RUN_delay_init    run_delay.o
    0x08000a30   0x08000a30   0x00000018   Code   RO         3767    i.RUN_delay_ms      run_delay.o
    0x08000a48   0x08000a48   0x0000004c   Code   RO         3768    i.RUN_delay_us      run_delay.o
    0x08000a94   0x08000a94   0x000000f0   Code   RO         3359    i.RUN_gpio_init     run_gpio.o
    0x08000b84   0x08000b84   0x00000044   Code   RO         3360    i.RUN_gpio_set      run_gpio.o
    0x08000bc8   0x08000bc8   0x000004d0   Code   RO         3736    i.RUN_pwm_init      run_pwm.o
    0x08001098   0x08001098   0x00000084   Code   RO         3737    i.RUN_pwm_set       run_pwm.o
    0x0800111c   0x0800111c   0x00000150   Code   RO         3711    i.RUN_timer_init    run_timer.o
    0x0800126c   0x0800126c   0x00000158   Code   RO         3395    i.RUN_uart_init     run_uart.o
    0x080013c4   0x080013c4   0x0000002c   Code   RO         3397    i.RUN_uart_putchar  run_uart.o
    0x080013f0   0x080013f0   0x00000002   Code   RO         3301    i.SVC_Handler       stm32f10x_it.o
    0x080013f2   0x080013f2   0x00000008   Code   RO           17    i.SetSysClock       system_stm32f10x.o
    0x080013fa   0x080013fa   0x00000002   PAD
    0x080013fc   0x080013fc   0x000000e0   Code   RO           18    i.SetSysClockTo72   system_stm32f10x.o
    0x080014dc   0x080014dc   0x00000028   Code   RO          141    i.SysTick_CLKSourceConfig  misc.o
    0x08001504   0x08001504   0x00000002   Code   RO         3302    i.SysTick_Handler   stm32f10x_it.o
    0x08001506   0x08001506   0x00000002   PAD
    0x08001508   0x08001508   0x00000060   Code   RO           20    i.SystemInit        system_stm32f10x.o
    0x08001568   0x08001568   0x00000002   Code   RO         3470    i.TIM1_Callback     run_isr.o
    0x0800156a   0x0800156a   0x00000002   PAD
    0x0800156c   0x0800156c   0x00000020   Code   RO         3471    i.TIM1_UP_IRQHandler  run_isr.o
    0x0800158c   0x0800158c   0x00000002   Code   RO         3472    i.TIM2_Callback     run_isr.o
    0x0800158e   0x0800158e   0x0000001a   Code   RO         3473    i.TIM2_IRQHandler   run_isr.o
    0x080015a8   0x080015a8   0x00000002   Code   RO         3474    i.TIM3_Callback     run_isr.o
    0x080015aa   0x080015aa   0x00000002   PAD
    0x080015ac   0x080015ac   0x00000020   Code   RO         3475    i.TIM3_IRQHandler   run_isr.o
    0x080015cc   0x080015cc   0x00000002   Code   RO         3476    i.TIM4_Callback     run_isr.o
    0x080015ce   0x080015ce   0x00000002   PAD
    0x080015d0   0x080015d0   0x00000020   Code   RO         3477    i.TIM4_IRQHandler   run_isr.o
    0x080015f0   0x080015f0   0x00000002   Code   RO         3478    i.TIM5_Callback     run_isr.o
    0x080015f2   0x080015f2   0x00000002   PAD
    0x080015f4   0x080015f4   0x00000020   Code   RO         3479    i.TIM5_IRQHandler   run_isr.o
    0x08001614   0x08001614   0x00000002   Code   RO         3480    i.TIM6_Callback     run_isr.o
    0x08001616   0x08001616   0x00000008   Code   RO         3482    i.TIM6_IRQHandler   run_isr.o
    0x0800161e   0x0800161e   0x00000002   Code   RO         3483    i.TIM7_Callback     run_isr.o
    0x08001620   0x08001620   0x00000020   Code   RO         3484    i.TIM7_IRQHandler   run_isr.o
    0x08001640   0x08001640   0x00000002   Code   RO         3485    i.TIM8_Callback     run_isr.o
    0x08001642   0x08001642   0x00000002   PAD
    0x08001644   0x08001644   0x00000020   Code   RO         3486    i.TIM8_UP_IRQHandler  run_isr.o
    0x08001664   0x08001664   0x00000006   Code   RO         2416    i.TIM_ClearITPendingBit  stm32f10x_tim.o
    0x0800166a   0x0800166a   0x00000022   Code   RO         2442    i.TIM_GetITStatus   stm32f10x_tim.o
    0x0800168c   0x0800168c   0x0000002c   Code   RO         3487    i.UART4_IRQHandler  run_isr.o
    0x080016b8   0x080016b8   0x0000002c   Code   RO         3488    i.UART5_IRQHandler  run_isr.o
    0x080016e4   0x080016e4   0x0000002c   Code   RO         3489    i.USART1_IRQHandler  run_isr.o
    0x08001710   0x08001710   0x0000002c   Code   RO         3490    i.USART2_IRQHandler  run_isr.o
    0x0800173c   0x0800173c   0x0000002c   Code   RO         3491    i.USART3_IRQHandler  run_isr.o
    0x08001768   0x08001768   0x0000001e   Code   RO         2957    i.USART_ClearITPendingBit  stm32f10x_usart.o
    0x08001786   0x08001786   0x00000054   Code   RO         2964    i.USART_GetITStatus  stm32f10x_usart.o
    0x080017da   0x080017da   0x0000000a   Code   RO         2974    i.USART_ReceiveData  stm32f10x_usart.o
    0x080017e4   0x080017e4   0x00000058   Code   RO         4133    i.USB_LP_CAN1_RX0_IRQHandler  run_can.o
    0x0800183c   0x0800183c   0x00000004   Code   RO         3303    i.UsageFault_Handler  stm32f10x_it.o
    0x08001840   0x08001840   0x00000018   Code   RO         4249    i.W25Q_CS_HIGH      run_w25q64.o
    0x08001858   0x08001858   0x00000018   Code   RO         4250    i.W25Q_CS_LOW       run_w25q64.o
    0x08001870   0x08001870   0x00000004   Code   RO         3400    i._sys_exit         run_uart.o
    0x08001874   0x08001874   0x00000012   Code   RO         3401    i.fputc             run_uart.o
    0x08001886   0x08001886   0x00000002   PAD
    0x08001888   0x08001888   0x0000004c   Code   RO         3402    i.get_uart_irqn     run_uart.o
    0x080018d4   0x080018d4   0x000000c0   Code   RO         3196    i.main              main.o
    0x08001994   0x08001994   0x00000094   Code   RO         3492    i.uart1_rx_interrupt  run_isr.o
    0x08001a28   0x08001a28   0x00000094   Code   RO         3493    i.uart2_rx_interrupt  run_isr.o
    0x08001abc   0x08001abc   0x00000094   Code   RO         3494    i.uart3_rx_interrupt  run_isr.o
    0x08001b50   0x08001b50   0x00000094   Code   RO         3495    i.uart4_rx_interrupt  run_isr.o
    0x08001be4   0x08001be4   0x00000094   Code   RO         3496    i.uart5_rx_interrupt  run_isr.o
    0x08001c78   0x08001c78   0x0000005e   Code   RO         3403    i.uart_gpio_config  run_uart.o
    0x08001cd6   0x08001cd6   0x00000002   PAD
    0x08001cd8   0x08001cd8   0x00000540   Data   RO         3362    .constdata          run_gpio.o
    0x08002218   0x08002218   0x00000168   Data   RO         3404    .constdata          run_uart.o
    0x08002380   0x08002380   0x00000060   Data   RO         3712    .constdata          run_timer.o
    0x080023e0   0x080023e0   0x00000500   Data   RO         3738    .constdata          run_pwm.o
    0x080028e0   0x080028e0   0x00000020   Data   RO         4808    Region$$Table       anon$$obj.o


    Execution Region RW_IRAM1 (Exec base: 0x20000000, Load base: 0x08002900, Size: 0x000008d8, Max: 0x00010000, ABSOLUTE)

    Exec Addr    Load Addr    Size         Type   Attr      Idx    E Section Name        Object

    0x20000000   0x08002900   0x00000014   Data   RW           21    .data               system_stm32f10x.o
    0x20000014   0x08002914   0x00000004   Data   RW         3405    .data               run_uart.o
    0x20000018   0x08002918   0x0000000f   Data   RW         3498    .data               run_isr.o
    0x20000027   0x08002927   0x00000001   Data   RW         3769    .data               run_delay.o
    0x20000028   0x08002928   0x00000009   Data   RW         4135    .data               run_can.o
    0x20000031   0x08002931   0x00000003   PAD
    0x20000034   0x08002934   0x0000000a   Data   RW         4254    .data               run_w25q64.o
    0x2000003e   0x0800293e   0x00000002   PAD
    0x20000040        -       0x000001f4   Zero   RW         3497    .bss                run_isr.o
    0x20000234        -       0x00000040   Zero   RW         3803    .bss                run_exti.o
    0x20000274        -       0x00000060   Zero   RW         4670    .bss                c_w.l(libspace.o)
    0x200002d4   0x0800293e   0x00000004   PAD
    0x200002d8        -       0x00000200   Zero   RW          131    HEAP                startup_stm32f10x_hd.o
    0x200004d8        -       0x00000400   Zero   RW          130    STACK               startup_stm32f10x_hd.o


==============================================================================

Image component sizes


      Code (inc. data)   RO Data    RW Data    ZI Data      Debug   Object Name

         0          0          0          0          0       4532   core_cm3.o
       192         34          0          0          0       2250   main.o
        60         10          0          0          0     204053   misc.o
        88         18          0          9          0       1997   run_can.o
       136         10          0          1          0       1767   run_delay.o
       156          8          0          0         64       4367   run_exti.o
       308         18       1344          0          0       3230   run_gpio.o
      1234        142          0         15        500      18187   run_isr.o
      1364         34       1280          0          0       2719   run_pwm.o
       712         34          0          0          0       4565   run_spi.o
       336         18         96          0          0      17016   run_timer.o
       580         48        360          4          0       6278   run_uart.o
       216         40          0         10          0       2594   run_w25q64.o
        64         26        304          0       1536        792   startup_stm32f10x_hd.o
         8          0          0          0          0      10256   stm32f10x_gpio.o
        26          0          0          0          0       3758   stm32f10x_it.o
        40          0          0          0          0      21954   stm32f10x_tim.o
       124          0          0          0          0       9234   stm32f10x_usart.o
       328         28          0         20          0       2125   system_stm32f10x.o

    ----------------------------------------------------------------------
      6000        468       3416         64       2100     321674   Object Totals
         0          0         32          0          0          0   (incl. Generated)
        28          0          0          5          0          0   (incl. Padding)

    ----------------------------------------------------------------------

      Code (inc. data)   RO Data    RW Data    ZI Data      Debug   Library Member Name

         8          0          0          0          0         68   __main.o
       104          0          0          0          0         84   __printf.o
         0          0          0          0          0          0   __rtentry.o
        12          0          0          0          0          0   __rtentry2.o
         6          0          0          0          0          0   __rtentry4.o
        52          8          0          0          0          0   __scatter.o
        26          0          0          0          0          0   __scatter_copy.o
        28          0          0          0          0          0   __scatter_zi.o
        44          0          0          0          0        108   _printf_char.o
        48          6          0          0          0         96   _printf_char_common.o
        36          4          0          0          0         80   _printf_char_file.o
         6          0          0          0          0          0   _printf_d.o
       120         16          0          0          0         92   _printf_dec.o
       178          0          0          0          0         88   _printf_intcommon.o
         0          0          0          0          0          0   _printf_percent.o
         4          0          0          0          0          0   _printf_percent_end.o
         6          0          0          0          0          0   _printf_s.o
        82          0          0          0          0         80   _printf_str.o
        18          0          0          0          0         80   exit.o
         8          0          0          0          0         68   ferror.o
         6          0          0          0          0        152   heapauxi.o
         2          0          0          0          0          0   libinit.o
         2          0          0          0          0          0   libinit2.o
         2          0          0          0          0          0   libshutdown.o
         2          0          0          0          0          0   libshutdown2.o
         8          4          0          0         96         68   libspace.o
        24          4          0          0          0         84   noretval__2printf.o
        68          0          0          0          0         68   rt_memclr.o
        78          0          0          0          0         80   rt_memclr_w.o
         2          0          0          0          0          0   rtexit.o
        10          0          0          0          0          0   rtexit2.o
        74          0          0          0          0         80   sys_stackheap_outer.o
         2          0          0          0          0         68   use_no_semi.o
         2          0          0          0          0         68   use_no_semi_2.o

    ----------------------------------------------------------------------
      1080         42          0          0        100       1512   Library Totals
        12          0          0          0          4          0   (incl. Padding)

    ----------------------------------------------------------------------

      Code (inc. data)   RO Data    RW Data    ZI Data      Debug   Library Name

      1068         42          0          0         96       1512   c_w.l

    ----------------------------------------------------------------------
      1080         42          0          0        100       1512   Library Totals

    ----------------------------------------------------------------------

==============================================================================


      Code (inc. data)   RO Data    RW Data    ZI Data      Debug   

      7080        510       3416         64       2200     318398   Grand Totals
      7080        510       3416         64       2200     318398   ELF Image Totals
      7080        510       3416         64          0          0   ROM Totals

==============================================================================

    Total RO  Size (Code + RO Data)                10496 (  10.25kB)
    Total RW  Size (RW Data + ZI Data)              2264 (   2.21kB)
    Total ROM Size (Code + RO Data + RW Data)      10560 (  10.31kB)

==============================================================================

