<html>
<body>
<pre>
<h1>µVision Build Log</h1>
<h2>Tool Versions:</h2>
IDE-Version: ¦ÌVision V5.39.0.0
Copyright (C) 2023 ARM Ltd and ARM Germany GmbH. All rights reserved.
License Information: SRV,JHKUSD 2046138442@qq.com, WEGC, LIC=RC93N-YKRNX-JJM6S-LG9BX-HBEK6-CXEQS
 
Tool Versions:
Toolchain:       MDK-ARM Plus  Version: 5.39.0.0
Toolchain Path:  D:\UV4\ARM\ARMCC\Bin
C Compiler:      Armcc.exe V5.06 update 5 (build 528)
Assembler:       Armasm.exe V5.06 update 5 (build 528)
Linker/Locator:  ArmLink.exe V5.06 update 5 (build 528)
Library Manager: ArmAr.exe V5.06 update 5 (build 528)
Hex Converter:   FromElf.exe V5.06 update 5 (build 528)
CPU DLL:         SARMCM3.DLL V5.39.0.0
Dialog DLL:      DCM.DLL V1.17.5.0
Target DLL:      CMSIS_AGDI.dll V1.33.16.0
Dialog DLL:      TCM.DLL V1.56.4.0
 
<h2>Project:</h2>
C:\Users\20461\Desktop\stm32_JLNU_Run¿â\STM32F103-¿âº¯Êý\Project.uvprojx
Project File Date:  02/14/2026

<h2>Output:</h2>
*** Using Compiler 'V5.06 update 5 (build 528)', folder: 'D:\UV4\ARM\ARMCC\Bin'
Rebuild target 'Target 1'
assembling startup_stm32f10x_hd.s...
compiling stm32f10x_flash.c...
compiling stm32f10x_bkp.c...
compiling stm32f10x_crc.c...
compiling core_cm3.c...
compiling misc.c...
compiling stm32f10x_adc.c...
compiling stm32f10x_dac.c...
compiling stm32f10x_dbgmcu.c...
compiling stm32f10x_exti.c...
compiling system_stm32f10x.c...
compiling stm32f10x_cec.c...
compiling stm32f10x_dma.c...
compiling stm32f10x_fsmc.c...
compiling stm32f10x_can.c...
compiling stm32f10x_gpio.c...
compiling stm32f10x_i2c.c...
compiling stm32f10x_iwdg.c...
compiling stm32f10x_pwr.c...
compiling stm32f10x_rcc.c...
compiling stm32f10x_rtc.c...
compiling stm32f10x_sdio.c...
compiling stm32f10x_spi.c...
compiling stm32f10x_usart.c...
compiling stm32f10x_wwdg.c...
compiling stm32f10x_it.c...
compiling stm32f10x_tim.c...
compiling main.c...
compiling RUN_Gpio.c...
compiling RUN_UART.c...
compiling RUN_Isr.c...
compiling RUN_Timer.c...
compiling RUN_Exti.c...
compiling RUN_Delay.c...
compiling RUN_SoftI2C.c...
compiling RUN_PWM.c...
compiling RUN_ADC.c...
compiling RUN_Flash.c...
compiling RUN_SPI.c...
compiling RUN_OneWire.c...
compiling RUN_DAC.c...
compiling RUN_DMA.c...
compiling RUN_CAN.c...
compiling RUN_MPU6050.c...
compiling RUN_IMU_GetAngle.c...
compiling RUN_PID.c...
compiling RUN_Str.c...
compiling RUN_W25Q64.c...
compiling RUN_AT24C02.c...
compiling RUN_DS18B20.c...
compiling RUN_Moter_Brushed.c...
compiling RUN_Moter_Stepper.c...
linking...
Program Size: Code=14468 RO-data=2312 RW-data=136 ZI-data=2200  
".\Objects\Project.axf" - 0 Error(s), 0 Warning(s).

<h2>Software Packages used:</h2>

Package Vendor: Keil
                http://www.keil.com/pack/Keil.STM32F1xx_DFP.2.2.0.pack
                Keil::STM32F1xx_DFP@2.2.0
                STMicroelectronics STM32F1 Series Device Support, Drivers and Examples

<h2>Collection of Component include folders:</h2>
  D:/UV4/ARM/PACK/Keil/STM32F1xx_DFP/2.2.0/Device/Include

<h2>Collection of Component Files used:</h2>
Build Time Elapsed:  00:00:03
</pre>
</body>
</html>
